<html>
<body>
<pre>
<h1>礦ision Build Log</h1>
<h2>Project:</h2>
C:\Documents and Settings\Administrator\桌面\新建文件夹\5.2_keyboard_test\keyboard_test.uvproj
Project File Date:  04/20/2015

<h2>Output:</h2>
Rebuild target 'keyboard_test'
compiling main.c...
compiling 8led.c...
compiling iic.c...
compiling keyboard.c...
compiling uhal.c...
compiling 44blib.c...
assembling S3C44B0X.s...
linking...
Program Size: Code=17344 RO-data=532 RW-data=48 ZI-data=16484  
".\obj\obj.axf" - 0 Error(s), 0 Warning(s).
Error: Target DLL has been cancelled. Debugger aborted !
Error: Target DLL has been cancelled. Debugger aborted !
Error: Target DLL has been cancelled. Debugger aborted !
</pre>
</body>
</html>
