<html>
<body>
<pre>
<h1>µVision Build Log</h1>
<h2>Project:</h2>
C:\Documents and Settings\Administrator\×ÀÃæ\MDK³ÌÐòÀý³Ì\EduKit44B0_for_MDK\5.2_keyboard_test\keyboard_test.uvproj
Project File Date:  04/15/2015

<h2>Output:</h2>
Build target 'keyboard_test'
compiling main.c...
compiling 8led.c...
compiling iic.c...
compiling keyboard.c...
compiling uhal.c...
compiling 44blib.c...
assembling S3C44B0X.s...
linking...
Program Size: Code=17232 RO-data=532 RW-data=48 ZI-data=16484  
".\obj\obj.axf" - 0 Error(s), 0 Warning(s).
