ARM Linker, 5.03 [Build 76] [MDK-ARM Standard]

==============================================================================

Section Cross References

    main.o(.text) refers to lcd.o(.text) for lcd_init
    main.o(.text) refers to 44blib.o(.text) for delay
    main.o(.text) refers to keyboard.o(.text) for keyboard_test
    bmp.o(.text) refers to lcd.o(.bss) for g_unLcdActiveBuffer
    lcd.o(.text) refers to aeabi_sdiv.o(.text) for __aeabi_idivmod
    lcd.o(.text) refers to strlen.o(.text) for strlen
    lcd.o(.text) refers to 44blib.o(.text) for delay
    lcd.o(.text) refers to bmp.o(.text) for bitmap_view320x240x256
    lcd.o(.text) refers to lcd.o(.bss) for g_unLcdActiveBuffer
    lcd.o(.text) refers to ascii8x16.o(.constdata) for g_ucAscii8x16
    lcd.o(.text) refers to ascii6x8.o(.constdata) for g_ucAscii6x8
    lcd.o(.text) refers to bmp_data.o(.constdata) for g_ucBitmap
    keyboard.o(.text) refers to iic.o(.text) for iic_init
    keyboard.o(.text) refers to 44blib.o(.text) for uart_printf
    keyboard.o(.text) refers to 8led.o(.text) for led8_disp
    keyboard.o(.text) refers to keyboard.o(.data) for f_nKeyPress
    keyboard.o(.text) refers to 8led.o(.data) for f_szDigital
    iic.o(.text) refers to iic.o(.data) for f_nGetACK
    8led.o(.text) refers to iic.o(.text) for iic_init
    8led.o(.text) refers to aeabi_sdiv.o(.text) for __aeabi_idivmod
    8led.o(.text) refers to 44blib.o(.text) for delay
    8led.o(.text) refers to 8led.o(.data) for f_szDigital
    uhal.o(.text) refers to 44blib.o(.text) for timer_start
    44blib.o(.text) refers to aeabi_sdiv.o(.text) for __aeabi_idivmod
    44blib.o(.text) refers to dflt_noclz.o(x$fpl$dflt) for __aeabi_i2d
    44blib.o(.text) refers to ddiv.o(x$fpl$ddiv) for __aeabi_ddiv
    44blib.o(.text) refers to daddsub_noclz.o(x$fpl$dadd) for __aeabi_dadd
    44blib.o(.text) refers to dfix.o(x$fpl$dfix) for __aeabi_d2iz
    44blib.o(.text) refers to c89vsprintf.o(.text) for __c89vsprintf
    44blib.o(.text) refers to strlen.o(.text) for strlen
    44blib.o(.text) refers to atoi.o(.text) for atoi
    44blib.o(.text) refers to rt_ctype_table.o(.text) for __rt_ctype_table
    44blib.o(.text) refers to 44blib.o(.data) for f_nDelayLoopCount
    44blib.o(.text) refers to uhal.o(.text) for uhal_init_interrupts
    s3c44b0x.o(STACK) refers (Special) to heapauxi.o(.text) for __use_two_region_memory
    s3c44b0x.o(HEAP) refers (Special) to heapauxi.o(.text) for __use_two_region_memory
    s3c44b0x.o(RESET) refers (Special) to heapauxi.o(.text) for __use_two_region_memory
    s3c44b0x.o(RESET) refers to s3c44b0x.o(STACK) for Stack_Top
    s3c44b0x.o(RESET) refers to __main.o(!!!main) for __main
    s3c44b0x.o(.text) refers (Special) to heapauxi.o(.text) for __use_two_region_memory
    s3c44b0x.o(.text) refers to s3c44b0x.o(HEAP) for Heap_Mem
    s3c44b0x.o(.text) refers to s3c44b0x.o(STACK) for Stack_Mem
    rt_ctype_table.o(.text) refers to rt_locale_intlibspace.o(.text) for __rt_locale
    rt_ctype_table.o(.text) refers to lc_ctype_c.o(locale$$code) for _get_lc_ctype
    c89vsprintf.o(.text) refers (Special) to _printf_a.o(.ARM.Collect$$_printf_percent$$00000006) for _printf_a
    c89vsprintf.o(.text) refers (Special) to _printf_c.o(.ARM.Collect$$_printf_percent$$00000013) for _printf_c
    c89vsprintf.o(.text) refers (Special) to _printf_charcount.o(.text) for _printf_charcount
    c89vsprintf.o(.text) refers (Special) to _printf_d.o(.ARM.Collect$$_printf_percent$$00000009) for _printf_d
    c89vsprintf.o(.text) refers (Special) to _printf_e.o(.ARM.Collect$$_printf_percent$$00000004) for _printf_e
    c89vsprintf.o(.text) refers (Special) to _printf_f.o(.ARM.Collect$$_printf_percent$$00000003) for _printf_f
    c89vsprintf.o(.text) refers (Special) to printf1.o(x$fpl$printf1) for _printf_fp_dec
    c89vsprintf.o(.text) refers (Special) to _printf_g.o(.ARM.Collect$$_printf_percent$$00000005) for _printf_g
    c89vsprintf.o(.text) refers (Special) to _printf_i.o(.ARM.Collect$$_printf_percent$$00000008) for _printf_i
    c89vsprintf.o(.text) refers (Special) to _printf_dec.o(.text) for _printf_int_dec
    c89vsprintf.o(.text) refers (Special) to _printf_l.o(.ARM.Collect$$_printf_percent$$00000012) for _printf_l
    c89vsprintf.o(.text) refers (Special) to _printf_lc.o(.ARM.Collect$$_printf_percent$$00000015) for _printf_lc
    c89vsprintf.o(.text) refers (Special) to _printf_ll.o(.ARM.Collect$$_printf_percent$$00000007) for _printf_ll
    c89vsprintf.o(.text) refers (Special) to _printf_lld.o(.ARM.Collect$$_printf_percent$$0000000E) for _printf_lld
    c89vsprintf.o(.text) refers (Special) to _printf_lli.o(.ARM.Collect$$_printf_percent$$0000000D) for _printf_lli
    c89vsprintf.o(.text) refers (Special) to _printf_llo.o(.ARM.Collect$$_printf_percent$$00000010) for _printf_llo
    c89vsprintf.o(.text) refers (Special) to _printf_llu.o(.ARM.Collect$$_printf_percent$$0000000F) for _printf_llu
[...]
    ../clib/printf.c                         0x00000000   Number         0  _printf_wchar.o ABSOLUTE
    ../clib/printf.c                         0x00000000   Number         0  __printf_flags_ss_wp.o ABSOLUTE
    ../clib/printf.c                         0x00000000   Number         0  _printf_longlong_dec.o ABSOLUTE
    ../clib/printf.c                         0x00000000   Number         0  _printf_char.o ABSOLUTE
    ../clib/printf.c                         0x00000000   Number         0  _printf_oct_ll.o ABSOLUTE
    ../clib/printf.c                         0x00000000   Number         0  _printf_oct_int.o ABSOLUTE
    ../clib/printf.c                         0x00000000   Number         0  __printf_nopercent.o ABSOLUTE
    ../clib/printf.c                         0x00000000   Number         0  _printf_fp_dec.o ABSOLUTE
    ../clib/printf.c                         0x00000000   Number         0  _printf_hex_ll.o ABSOLUTE
    ../clib/printf.c                         0x00000000   Number         0  _printf_hex_int.o ABSOLUTE
    ../clib/printf.c                         0x00000000   Number         0  _printf_hex_int_ll.o ABSOLUTE
    ../clib/printf.c                         0x00000000   Number         0  _printf_hex_int_ptr.o ABSOLUTE
    ../clib/printf.c                         0x00000000   Number         0  _printf_hex_ll_ptr.o ABSOLUTE
    ../clib/printf.c                         0x00000000   Number         0  _printf_hex_int_ll_ptr.o ABSOLUTE
    ../clib/printf.c                         0x00000000   Number         0  _printf_intcommon.o ABSOLUTE
    ../clib/printf.c                         0x00000000   Number         0  __printf_flags.o ABSOLUTE
    ../clib/printf.c                         0x00000000   Number         0  __printf_ss.o ABSOLUTE
    ../clib/printf.c                         0x00000000   Number         0  __printf_flags_ss.o ABSOLUTE
    ../clib/printf.c                         0x00000000   Number         0  __printf_wp.o ABSOLUTE
    ../clib/printf.c                         0x00000000   Number         0  _printf_oct_int_ll.o ABSOLUTE
    ../clib/printf.c                         0x00000000   Number         0  _printf_hex_ptr.o ABSOLUTE
    ../clib/printf.c                         0x00000000   Number         0  c89vsprintf.o ABSOLUTE
    ../clib/printf.c                         0x00000000   Number         0  _printf_fp_infnan.o ABSOLUTE
    ../clib/printf.c                         0x00000000   Number         0  __printf.o ABSOLUTE
    ../clib/printf.c                         0x00000000   Number         0  _printf_pad.o ABSOLUTE
    ../clib/printf.c                         0x00000000   Number         0  _printf_truncate.o ABSOLUTE
    ../clib/printf.c                         0x00000000   Number         0  _printf_str.o ABSOLUTE
    ../clib/printf.c                         0x00000000   Number         0  _printf_dec.o ABSOLUTE
    ../clib/printf.c                         0x00000000   Number         0  _printf_charcount.o ABSOLUTE
    ../clib/printf.c                         0x00000000   Number         0  _printf_char_common.o ABSOLUTE
    ../clib/printf_percent.s                 0x00000000   Number         0  _printf_e.o ABSOLUTE
    ../clib/printf_percent.s                 0x00000000   Number         0  _printf_i.o ABSOLUTE
    ../clib/printf_percent.s                 0x00000000   Number         0  _printf_llu.o ABSOLUTE
    ../clib/printf_percent.s                 0x00000000   Number         0  _printf_u.o ABSOLUTE
    ../clib/printf_percent.s                 0x00000000   Number         0  _printf_ll.o ABSOLUTE
    ../clib/printf_percent.s                 0x00000000   Number         0  _printf_percent_end.o ABSOLUTE
    ../clib/printf_percent.s                 0x00000000   Number         0  _printf_f.o ABSOLUTE
    ../clib/printf_percent.s                 0x00000000   Number         0  _printf_percent.o ABSOLUTE
    ../clib/printf_percent.s                 0x00000000   Number         0  _printf_llo.o ABSOLUTE
    ../clib/printf_percent.s                 0x00000000   Number         0  _printf_c.o ABSOLUTE
    ../clib/printf_percent.s                 0x00000000   Number         0  _printf_lli.o ABSOLUTE
    ../clib/printf_percent.s                 0x00000000   Number         0  _printf_ls.o ABSOLUTE
    ../clib/printf_percent.s                 0x00000000   Number         0  _printf_s.o ABSOLUTE
    ../clib/printf_percent.s                 0x00000000   Number         0  _printf_d.o ABSOLUTE
    ../clib/printf_percent.s                 0x00000000   Number         0  _printf_n.o ABSOLUTE
    ../clib/printf_percent.s                 0x00000000   Number         0  _printf_x.o ABSOLUTE
    ../clib/printf_percent.s                 0x00000000   Number         0  _printf_o.o ABSOLUTE
    ../clib/printf_percent.s                 0x00000000   Number         0  _printf_lld.o ABSOLUTE
    ../clib/printf_percent.s                 0x00000000   Number         0  _printf_lc.o ABSOLUTE
    ../clib/printf_percent.s                 0x00000000   Number         0  _printf_p.o ABSOLUTE
    ../clib/printf_percent.s                 0x00000000   Number         0  _printf_llx.o ABSOLUTE
    ../clib/printf_percent.s                 0x00000000   Number         0  _printf_a.o ABSOLUTE
    ../clib/printf_percent.s                 0x00000000   Number         0  _printf_l.o ABSOLUTE
    ../clib/printf_percent.s                 0x00000000   Number         0  _printf_g.o ABSOLUTE
    ../clib/scanf.c                          0x00000000   Number         0  _strtoul.o ABSOLUTE
    ../clib/scanf.c                          0x00000000   Number         0  strtol.o ABSOLUTE
    ../clib/scanf.c                          0x00000000   Number         0  _chval.o ABSOLUTE
    ../clib/scanf.c                          0x00000000   Number         0  atoi.o ABSOLUTE
    ../clib/signal.c                         0x00000000   Number         0  defsig_rtmem_inner.o ABSOLUTE
    ../clib/signal.c                         0x00000000   Number         0  defsig_stak_inner.o ABSOLUTE
    ../clib/signal.c                         0x00000000   Number         0  defsig_rtred_inner.o ABSOLUTE
    ../clib/signal.c                         0x00000000   Number         0  defsig_rtmem_formal.o ABSOLUTE
    ../clib/signal.c                         0x00000000   Number         0  defsig_abrt_inner.o ABSOLUTE
    ../clib/signal.c                         0x00000000   Number         0  defsig_rtmem_outer.o ABSOLUTE
    ../clib/signal.c                         0x00000000   Number         0  __raise.o ABSOLUTE
    ../clib/signal.c                         0x00000000   Number         0  defsig_fpe_inner.o ABSOLUTE
    ../clib/signal.c                         0x00000000   Number         0  defsig_fpe_formal.o ABSOLUTE
    ../clib/signal.c                         0x00000000   Number         0  defsig_pvfn_inner.o ABSOLUTE
    ../clib/signal.c                         0x00000000   Number         0  defsig_fpe_outer.o ABSOLUTE
    ../clib/signal.c                         0x00000000   Number         0  defsig_exit.o ABSOLUTE
    ../clib/signal.c                         0x00000000   Number         0  defsig_cppl_inner.o ABSOLUTE
    ../clib/signal.c                         0x00000000   Number         0  defsig_segv_inner.o ABSOLUTE
    ../clib/signal.c                         0x00000000   Number         0  defsig_other.o ABSOLUTE
    ../clib/signal.c                         0x00000000   Number         0  defsig_general.o ABSOLUTE
    ../clib/signal.s                         0x00000000   Number         0  defsig.o ABSOLUTE
    ../clib/stdlib.c                         0x00000000   Number         0  exit.o ABSOLUTE
    ../clib/string.c                         0x00000000   Number         0  strlen.o ABSOLUTE
    ../fplib/daddsub.s                       0x00000000   Number         0  daddsub_noclz.o ABSOLUTE
    ../fplib/ddiv.s                          0x00000000   Number         0  ddiv.o ABSOLUTE
    ../fplib/dfix.s                          0x00000000   Number         0  dfix.o ABSOLUTE
    ../fplib/dflt.s                          0x00000000   Number         0  dflt_noclz.o ABSOLUTE
    ../fplib/dnaninf.s                       0x00000000   Number         0  dnaninf.o ABSOLUTE
    ../fplib/dretinf.s                       0x00000000   Number         0  dretinf.o ABSOLUTE
    ../fplib/fpinit.s                        0x00000000   Number         0  fpinit.o ABSOLUTE
    ../fplib/istatus.s                       0x00000000   Number         0  istatus.o ABSOLUTE
    ../fplib/printf1.s                       0x00000000   Number         0  printf1.o ABSOLUTE
    ../fplib/usenofp.s                       0x00000000   Number         0  usenofp.o ABSOLUTE
    ../mathlib/fpclassify.c                  0x00000000   Number         0  fpclassify.o ABSOLUTE
    ..\5.2_keyboard_test\8led.c              0x00000000   Number         0  8led.o ABSOLUTE
    ..\5.2_keyboard_test\iic.c               0x00000000   Number         0  iic.o ABSOLUTE
    ..\5.2_keyboard_test\keyboard.c          0x00000000   Number         0  keyboard.o ABSOLUTE
    ..\common\src\44blib.c                   0x00000000   Number         0  44blib.o ABSOLUTE
    ..\common\src\S3C44B0X.s                 0x00000000   Number         0  s3c44b0x.o ABSOLUTE
    ..\common\src\uhal.c                     0x00000000   Number         0  uhal.o ABSOLUTE
    ascii6x8.c                               0x00000000   Number         0  ascii6x8.o ABSOLUTE
    ascii8x16.c                              0x00000000   Number         0  ascii8x16.o ABSOLUTE
    bmp.c                                    0x00000000   Number         0  bmp.o ABSOLUTE
    bmp_data.c                               0x00000000   Number         0  bmp_data.o ABSOLUTE
    dc.s                                     0x00000000   Number         0  dc.o ABSOLUTE
    lcd.c                                    0x00000000   Number         0  lcd.o ABSOLUTE
    main.c                                   0x00000000   Number         0  main.o ABSOLUTE
    RESET                                    0x0c000000   Section     1500  s3c44b0x.o(RESET)
    HandlerIRQ                               0x0c0000dc   ARM Code       0  s3c44b0x.o(RESET)
    HandlerADC                               0x0c000154   ARM Code       0  s3c44b0x.o(RESET)
    HandlerRTC                               0x0c00016c   ARM Code       0  s3c44b0x.o(RESET)
    HandlerUTXD1                             0x0c000184   ARM Code       0  s3c44b0x.o(RESET)
    HandlerUTXD0                             0x0c00019c   ARM Code       0  s3c44b0x.o(RESET)
    HandlerSIO                               0x0c0001b4   ARM Code       0  s3c44b0x.o(RESET)
    HandlerIIC                               0x0c0001cc   ARM Code       0  s3c44b0x.o(RESET)
    HandlerURXD1                             0x0c0001e4   ARM Code       0  s3c44b0x.o(RESET)
    HandlerURXD0                             0x0c0001fc   ARM Code       0  s3c44b0x.o(RESET)
    HandlerTIMER5                            0x0c000214   ARM Code       0  s3c44b0x.o(RESET)
    HandlerTIMER4                            0x0c00022c   ARM Code       0  s3c44b0x.o(RESET)
    HandlerTIMER3                            0x0c000244   ARM Code       0  s3c44b0x.o(RESET)
    HandlerTIMER2                            0x0c00025c   ARM Code       0  s3c44b0x.o(RESET)
    HandlerTIMER1                            0x0c000274   ARM Code       0  s3c44b0x.o(RESET)
    HandlerTIMER0                            0x0c00028c   ARM Code       0  s3c44b0x.o(RESET)
    HandlerUERR01                            0x0c0002a4   ARM Code       0  s3c44b0x.o(RESET)
    HandlerWDT                               0x0c0002bc   ARM Code       0  s3c44b0x.o(RESET)
    HandlerBDMA1                             0x0c0002d4   ARM Code       0  s3c44b0x.o(RESET)
    HandlerBDMA0                             0x0c0002ec   ARM Code       0  s3c44b0x.o(RESET)
    HandlerZDMA1                             0x0c000304   ARM Code       0  s3c44b0x.o(RESET)
    HandlerZDMA0                             0x0c00031c   ARM Code       0  s3c44b0x.o(RESET)
    HandlerTICK                              0x0c000334   ARM Code       0  s3c44b0x.o(RESET)
    HandlerEINT4567                          0x0c00034c   ARM Code       0  s3c44b0x.o(RESET)
    HandlerEINT3                             0x0c000364   ARM Code       0  s3c44b0x.o(RESET)
    HandlerEINT2                             0x0c00037c   ARM Code       0  s3c44b0x.o(RESET)
    HandlerEINT1                             0x0c000394   ARM Code       0  s3c44b0x.o(RESET)
    HandlerEINT0                             0x0c0003ac   ARM Code       0  s3c44b0x.o(RESET)
    IsrIRQ                                   0x0c0003c4   ARM Code       0  s3c44b0x.o(RESET)
    !!!main                                  0x0c0005dc   Section        8  __main.o(!!!main)
    !!!scatter                               0x0c0005e4   Section       60  __scatter.o(!!!scatter)
    !!handler_zi                             0x0c000620   Section       44  __scatter_zi.o(!!handler_zi)
    .ARM.Collect$$_printf_percent$$00000000  0x0c000650   Section        0  _printf_percent.o(.ARM.Collect$$_printf_percent$$00000000)
    .ARM.Collect$$_printf_percent$$00000001  0x0c000650   Section        8  _printf_n.o(.ARM.Collect$$_printf_percent$$00000001)
    .ARM.Collect$$_printf_percent$$00000002  0x0c000658   Section        8  _printf_p.o(.ARM.Collect$$_printf_percent$$00000002)
    .ARM.Collect$$_printf_percent$$00000003  0x0c000660   Section        8  _printf_f.o(.ARM.Collect$$_printf_percent$$00000003)
    .ARM.Collect$$_printf_percent$$00000004  0x0c000668   Section        8  _printf_e.o(.ARM.Collect$$_printf_percent$$00000004)
    .ARM.Collect$$_printf_percent$$00000005  0x0c000670   Section        8  _printf_g.o(.ARM.Collect$$_printf_percent$$00000005)
    .ARM.Collect$$_printf_percent$$00000006  0x0c000678   Section        8  _printf_a.o(.ARM.Collect$$_printf_percent$$00000006)
    .ARM.Collect$$_printf_percent$$00000007  0x0c000680   Section       12  _printf_ll.o(.ARM.Collect$$_printf_percent$$00000007)
    .ARM.Collect$$_printf_percent$$00000008  0x0c00068c   Section        8  _printf_i.o(.ARM.Collect$$_printf_percent$$00000008)
    .ARM.Collect$$_printf_percent$$00000009  0x0c000694   Section        8  _printf_d.o(.ARM.Collect$$_printf_percent$$00000009)
    .ARM.Collect$$_printf_percent$$0000000A  0x0c00069c   Section        8  _printf_u.o(.ARM.Collect$$_printf_percent$$0000000A)
    .ARM.Collect$$_printf_percent$$0000000B  0x0c0006a4   Section        8  _printf_o.o(.ARM.Collect$$_printf_percent$$0000000B)
    .ARM.Collect$$_printf_percent$$0000000C  0x0c0006ac   Section        8  _printf_x.o(.ARM.Collect$$_printf_percent$$0000000C)
    .ARM.Collect$$_printf_percent$$0000000D  0x0c0006b4   Section        8  _printf_lli.o(.ARM.Collect$$_printf_percent$$0000000D)
    .ARM.Collect$$_printf_percent$$0000000E  0x0c0006bc   Section        8  _printf_lld.o(.ARM.Collect$$_printf_percent$$0000000E)
    .ARM.Collect$$_printf_percent$$0000000F  0x0c0006c4   Section        8  _printf_llu.o(.ARM.Collect$$_printf_percent$$0000000F)
    .ARM.Collect$$_printf_percent$$00000010  0x0c0006cc   Section        8  _printf_llo.o(.ARM.Collect$$_printf_percent$$00000010)
    .ARM.Collect$$_printf_percent$$00000011  0x0c0006d4   Section        8  _printf_llx.o(.ARM.Collect$$_printf_percent$$00000011)
    .ARM.Collect$$_printf_percent$$00000012  0x0c0006dc   Section       12  _printf_l.o(.ARM.Collect$$_printf_percent$$00000012)
    .ARM.Collect$$_printf_percent$$00000013  0x0c0006e8   Section        8  _printf_c.o(.ARM.Collect$$_printf_percent$$00000013)
    .ARM.Collect$$_printf_percent$$00000014  0x0c0006f0   Section        8  _printf_s.o(.ARM.Collect$$_printf_percent$$00000014)
    .ARM.Collect$$_printf_percent$$00000015  0x0c0006f8   Section        8  _printf_lc.o(.ARM.Collect$$_printf_percent$$00000015)
    .ARM.Collect$$_printf_percent$$00000016  0x0c000700   Section        8  _printf_ls.o(.ARM.Collect$$_printf_percent$$00000016)
    .ARM.Collect$$_printf_percent$$00000017  0x0c000708   Section        8  _printf_percent_end.o(.ARM.Collect$$_printf_percent$$00000017)
    .ARM.Collect$$libinit$$00000000          0x0c000718   Section        2  libinit.o(.ARM.Collect$$libinit$$00000000)
    .ARM.Collect$$libinit$$00000002          0x0c00071a   Section        0  libinit2.o(.ARM.Collect$$libinit$$00000002)
    .ARM.Collect$$libinit$$00000008          0x0c00071a   Section        0  libinit2.o(.ARM.Collect$$libinit$$00000008)
    .ARM.Collect$$libinit$$0000000A          0x0c00071a   Section        0  libinit2.o(.ARM.Collect$$libinit$$0000000A)
    .ARM.Collect$$libinit$$0000000C          0x0c00071a   Section        0  libinit2.o(.ARM.Collect$$libinit$$0000000C)
    .ARM.Collect$$libinit$$0000000D          0x0c00071a   Section        6  libinit2.o(.ARM.Collect$$libinit$$0000000D)
    .ARM.Collect$$libinit$$0000000F          0x0c000720   Section        0  libinit2.o(.ARM.Collect$$libinit$$0000000F)
    .ARM.Collect$$libinit$$00000010          0x0c000720   Section       12  libinit2.o(.ARM.Collect$$libinit$$00000010)
    .ARM.Collect$$libinit$$00000011          0x0c00072c   Section        0  libinit2.o(.ARM.Collect$$libinit$$00000011)
    .ARM.Collect$$libinit$$00000013          0x0c00072c   Section        0  libinit2.o(.ARM.Collect$$libinit$$00000013)
    .ARM.Collect$$libinit$$00000014          0x0c00072c   Section       10  libinit2.o(.ARM.Collect$$libinit$$00000014)
    .ARM.Collect$$libinit$$00000015          0x0c000736   Section        0  libinit2.o(.ARM.Collect$$libinit$$00000015)
    .ARM.Collect$$libinit$$00000017          0x0c000736   Section        0  libinit2.o(.ARM.Collect$$libinit$$00000017)
    .ARM.Collect$$libinit$$00000019          0x0c000736   Section        0  libinit2.o(.ARM.Collect$$libinit$$00000019)
    .ARM.Collect$$libinit$$0000001B          0x0c000736   Section        0  libinit2.o(.ARM.Collect$$libinit$$0000001B)
    .ARM.Collect$$libinit$$0000001D          0x0c000736   Section        0  libinit2.o(.ARM.Collect$$libinit$$0000001D)
    .ARM.Collect$$libinit$$0000001F          0x0c000736   Section        0  libinit2.o(.ARM.Collect$$libinit$$0000001F)
    .ARM.Collect$$libinit$$00000021          0x0c000736   Section        0  libinit2.o(.ARM.Collect$$libinit$$00000021)
    .ARM.Collect$$libinit$$00000023          0x0c000736   Section        0  libinit2.o(.ARM.Collect$$libinit$$00000023)
    .ARM.Collect$$libinit$$0000002A          0x0c000736   Section        0  libinit2.o(.ARM.Collect$$libinit$$0000002A)
    .ARM.Collect$$libinit$$0000002C          0x0c000736   Section        0  libinit2.o(.ARM.Collect$$libinit$$0000002C)
    .ARM.Collect$$libinit$$0000002E          0x0c000736   Section        0  libinit2.o(.ARM.Collect$$libinit$$0000002E)
    .ARM.Collect$$libinit$$00000030          0x0c000736   Section        0  libinit2.o(.ARM.Collect$$libinit$$00000030)
    .ARM.Collect$$libinit$$00000031          0x0c000736   Section       12  libinit2.o(.ARM.Collect$$libinit$$00000031)
    .ARM.Collect$$libshutdown$$00000000      0x0c00074c   Section        4  libshutdown.o(.ARM.Collect$$libshutdown$$00000000)
    .ARM.Collect$$libshutdown$$00000003      0x0c000750   Section        0  libshutdown2.o(.ARM.Collect$$libshutdown$$00000003)
    .ARM.Collect$$libshutdown$$00000006      0x0c000750   Section        0  libshutdown2.o(.ARM.Collect$$libshutdown$$00000006)
    .ARM.Collect$$libshutdown$$00000009      0x0c000750   Section        0  libshutdown2.o(.ARM.Collect$$libshutdown$$00000009)
    .ARM.Collect$$libshutdown$$0000000B      0x0c000750   Section        0  libshutdown2.o(.ARM.Collect$$libshutdown$$0000000B)
    .ARM.Collect$$libshutdown$$0000000E      0x0c000750   Section        0  libshutdown2.o(.ARM.Collect$$libshutdown$$0000000E)
    .ARM.Collect$$libshutdown$$0000000F      0x0c000750   Section        6  libshutdown2.o(.ARM.Collect$$libshutdown$$0000000F)
    .ARM.Collect$$rtentry$$00000000          0x0c000758   Section        0  rtentry.o(.ARM.Collect$$rtentry$$00000000)
    .ARM.Collect$$rtentry$$00000002          0x0c000758   Section        0  rtentry2.o(.ARM.Collect$$rtentry$$00000002)
    .ARM.Collect$$rtentry$$00000004          0x0c000758   Section        8  rtentry4.o(.ARM.Collect$$rtentry$$00000004)
    .ARM.Collect$$rtentry$$00000009          0x0c000760   Section        0  rtentry2.o(.ARM.Collect$$rtentry$$00000009)
    .ARM.Collect$$rtentry$$0000000A          0x0c000760   Section        4  rtentry2.o(.ARM.Collect$$rtentry$$0000000A)
    .ARM.Collect$$rtentry$$0000000C          0x0c000764   Section        0  rtentry2.o(.ARM.Collect$$rtentry$$0000000C)
    .ARM.Collect$$rtentry$$0000000D          0x0c000764   Section       40  rtentry2.o(.ARM.Collect$$rtentry$$0000000D)
    .ARM.Collect$$rtexit$$00000000           0x0c000790   Section        4  rtexit.o(.ARM.Collect$$rtexit$$00000000)
    .ARM.Collect$$rtexit$$00000002           0x0c000794   Section        0  rtexit2.o(.ARM.Collect$$rtexit$$00000002)
    .ARM.Collect$$rtexit$$00000003           0x0c000794   Section        4  rtexit2.o(.ARM.Collect$$rtexit$$00000003)
    .ARM.Collect$$rtexit$$00000004           0x0c000798   Section        8  rtexit2.o(.ARM.Collect$$rtexit$$00000004)
    .text                                    0x0c0007a0   Section        0  main.o(.text)
    .text                                    0x0c000a44   Section        0  bmp.o(.text)
    .text                                    0x0c000a90   Section        0  lcd.o(.text)
    .text                                    0x0c00189c   Section        0  keyboard.o(.text)
    .text                                    0x0c001c5c   Section        0  iic.o(.text)
    .text                                    0x0c001ee4   Section        0  8led.o(.text)
    .text                                    0x0c0024a8   Section        0  uhal.o(.text)
    .text                                    0x0c002798   Section        0  44blib.o(.text)
    .text                                    0x0c003080   Section       32  s3c44b0x.o(.text)
    .text                                    0x0c0030a4   Section       24  rt_ctype_table.o(.text)
    .text                                    0x0c0030c4   Section        0  c89vsprintf.o(.text)
    .text                                    0x0c0030f4   Section        0  atoi.o(.text)
    .text                                    0x0c00311c   Section        0  strlen.o(.text)
    .text                                    0x0c003164   Section      384  aeabi_sdiv.o(.text)
    __arm_div8                               0x0c003190   ARM Code       0  aeabi_sdiv.o(.text)
    __arm_div5                               0x0c0031b4   ARM Code       0  aeabi_sdiv.o(.text)
    __arm_div2                               0x0c0031d8   ARM Code       0  aeabi_sdiv.o(.text)
    __arm_div_large                          0x0c003214   ARM Code       0  aeabi_sdiv.o(.text)
    .text                                    0x0c0032e4   Section        0  heapauxi.o(.text)
    .text                                    0x0c0032f0   Section       12  rt_locale_intlibspace.o(.text)
    .text                                    0x0c003300   Section       12  rt_errno_addr_intlibspace.o(.text)
    .text                                    0x0c00330c   Section        0  _printf_pad.o(.text)
    .text                                    0x0c003362   Section        0  _printf_truncate.o(.text)
    .text                                    0x0c00338e   Section        0  _printf_str.o(.text)
    .text                                    0x0c0033f0   Section        0  _printf_dec.o(.text)
    .text                                    0x0c003468   Section        0  _printf_charcount.o(.text)
    .text                                    0x0c003490   Section        0  _printf_char_common.o(.text)
    _printf_input_char                       0x0c003491   Thumb Code    10  _printf_char_common.o(.text)
    .text                                    0x0c0034c0   Section        0  _sputc.o(.text)
    .text                                    0x0c0034cc   Section        0  _printf_wctomb.o(.text)
    .text                                    0x0c003594   Section        0  _printf_longlong_dec.o(.text)
    .text                                    0x0c003610   Section        0  _printf_oct_int_ll.o(.text)
    _printf_longlong_oct_internal            0x0c003611   Thumb Code     0  _printf_oct_int_ll.o(.text)
    .text                                    0x0c003690   Section        0  _printf_hex_int_ll_ptr.o(.text)
    _printf_hex_common                       0x0c003691   Thumb Code     0  _printf_hex_int_ll_ptr.o(.text)
    .text                                    0x0c003730   Section        0  __printf_flags_ss_wp.o(.text)
    .text                                    0x0c0038cc   Section        0  strtol.o(.text)
    .text                                    0x0c003940   Section       12  libspace.o(.text)
    .text                                    0x0c003950   Section      160  lludiv10.o(.text)
    .text                                    0x0c0039f0   Section        0  _printf_intcommon.o(.text)
    .text                                    0x0c003aac   Section        0  _printf_fp_dec.o(.text)
    _fp_digits                               0x0c003aaf   Thumb Code   414  _printf_fp_dec.o(.text)
    .text                                    0x0c003ed4   Section        0  _printf_char.o(.text)
    .text                                    0x0c003f10   Section        0  _printf_wchar.o(.text)
    .text                                    0x0c003f42   Section        0  _strtoul.o(.text)
    .text                                    0x0c003fee   Section        0  _wcrtomb.o(.text)
    .text                                    0x0c004038   Section      160  strcmp.o(.text)
    .text                                    0x0c0040dc   Section       44  rtudiv10.o(.text)
    .text                                    0x0c004108   Section       96  sys_stackheap_outer.o(.text)
    .text                                    0x0c004168   Section        0  _printf_fp_infnan.o(.text)
    .text                                    0x0c0041f8   Section        0  _chval.o(.text)
    .text                                    0x0c004218   Section        0  bigflt0.o(.text)
    .text                                    0x0c0042f0   Section        0  exit.o(.text)
    .text                                    0x0c004304   Section        0  sys_exit.o(.text)
    .text                                    0x0c004310   Section        4  use_no_semi.o(.text)
    .text                                    0x0c004314   Section        0  indicate_semi.o(.text)
    CL$$btod_d2e                             0x0c004318   Section       56  btod.o(CL$$btod_d2e)
    CL$$btod_d2e_denorm_low                  0x0c004350   Section       84  btod.o(CL$$btod_d2e_denorm_low)
    CL$$btod_d2e_norm_op1                    0x0c0043a4   Section      104  btod.o(CL$$btod_d2e_norm_op1)
    CL$$btod_div_common                      0x0c00440c   Section      844  btod.o(CL$$btod_div_common)
    CL$$btod_e2e                             0x0c004758   Section      220  btod.o(CL$$btod_e2e)
    CL$$btod_ediv                            0x0c004838   Section       52  btod.o(CL$$btod_ediv)
    CL$$btod_emul                            0x0c004870   Section       52  btod.o(CL$$btod_emul)
    CL$$btod_mult_common                     0x0c0048a4   Section      616  btod.o(CL$$btod_mult_common)
    i.__ARM_common_call_via_r1               0x0c004b54   Section        0  __printf.o(i.__ARM_common_call_via_r1)
    i.__ARM_common_call_via_r2               0x0c004b56   Section        0  _printf_wctomb.o(i.__ARM_common_call_via_r2)
    i.__ARM_common_call_via_r3               0x0c004b58   Section        0  _wcrtomb.o(i.__ARM_common_call_via_r3)
    i.__ARM_fpclassify                       0x0c004b60   Section        0  fpclassify.o(i.__ARM_fpclassify)
    i._is_digit                              0x0c004b90   Section        0  __printf_wp.o(i._is_digit)
    locale$$code                             0x0c004ba4   Section       80  lc_ctype_c.o(locale$$code)
    locale$$code                             0x0c004bf8   Section       80  lc_numeric_c.o(locale$$code)
    x$fpl$dadd                               0x0c004c48   Section      340  daddsub_noclz.o(x$fpl$dadd)
    _dadd1                                   0x0c004c58   ARM Code       0  daddsub_noclz.o(x$fpl$dadd)
    x$fpl$ddiv                               0x0c004d9c   Section      736  ddiv.o(x$fpl$ddiv)
    ddiv_entry                               0x0c004da4   ARM Code       0  ddiv.o(x$fpl$ddiv)
    x$fpl$dfix                               0x0c00507c   Section      112  dfix.o(x$fpl$dfix)
    x$fpl$dflt                               0x0c0050ec   Section       88  dflt_noclz.o(x$fpl$dflt)
    x$fpl$dnaninf                            0x0c005144   Section      192  dnaninf.o(x$fpl$dnaninf)
    x$fpl$dretinf                            0x0c005204   Section       16  dretinf.o(x$fpl$dretinf)
    x$fpl$dsub                               0x0c005214   Section      580  daddsub_noclz.o(x$fpl$dsub)
    _dsub1                                   0x0c005224   ARM Code       0  daddsub_noclz.o(x$fpl$dsub)
    x$fpl$ieeestatus                         0x0c00545c   Section        8  istatus.o(x$fpl$ieeestatus)
    x$fpl$printf1                            0x0c005464   Section        4  printf1.o(x$fpl$printf1)
    .constdata                               0x0c005468   Section    384000  bmp_data.o(.constdata)
    x$fpl$usenofp                            0x0c005468   Section        0  usenofp.o(x$fpl$usenofp)
    .constdata                               0x0c063068   Section     1024  ascii6x8.o(.constdata)
    .constdata                               0x0c063468   Section     4097  ascii8x16.o(.constdata)
    .constdata                               0x0c06446c   Section        8  _printf_wctomb.o(.constdata)
    initial_mbstate                          0x0c06446c   Data           8  _printf_wctomb.o(.constdata)
    .constdata                               0x0c064474   Section       40  _printf_hex_int_ll_ptr.o(.constdata)
    uc_hextab                                0x0c064474   Data          20  _printf_hex_int_ll_ptr.o(.constdata)
    lc_hextab                                0x0c064488   Data          20  _printf_hex_int_ll_ptr.o(.constdata)
    .constdata                               0x0c06449c   Section       17  __printf_flags_ss_wp.o(.constdata)
    maptable                                 0x0c06449c   Data          17  __printf_flags_ss_wp.o(.constdata)
    .constdata                               0x0c0644b0   Section      148  bigflt0.o(.constdata)
    tenpwrs_x                                0x0c0644b0   Data          60  bigflt0.o(.constdata)
    tenpwrs_i                                0x0c0644ec   Data          64  bigflt0.o(.constdata)
    locale$$data                             0x0c064554   Section      272  lc_ctype_c.o(locale$$data)
    __lcctype_c_name                         0x0c064558   Data           2  lc_ctype_c.o(locale$$data)
    __lcctype_c_start                        0x0c064560   Data           0  lc_ctype_c.o(locale$$data)
    locale$$data                             0x0c064664   Section       28  lc_numeric_c.o(locale$$data)
    __lcctype_c_end                          0x0c064664   Data           0  lc_ctype_c.o(locale$$data)
    __lcnum_c_name                           0x0c064668   Data           2  lc_numeric_c.o(locale$$data)
    __lcnum_c_start                          0x0c064670   Data           0  lc_numeric_c.o(locale$$data)
    __lcnum_c_point                          0x0c06467c   Data           0  lc_numeric_c.o(locale$$data)
    __lcnum_c_thousands                      0x0c06467e   Data           0  lc_numeric_c.o(locale$$data)
    __lcnum_c_grouping                       0x0c06467f   Data           0  lc_numeric_c.o(locale$$data)
    .data                                    0x0c064680   Section        4  keyboard.o(.data)
    __lcnum_c_end                            0x0c064680   Data           0  lc_numeric_c.o(locale$$data)
    .data                                    0x0c064684   Section        4  iic.o(.data)
    .data                                    0x0c064688   Section       21  8led.o(.data)
    .data                                    0x0c0646a0   Section       16  44blib.o(.data)
    f_nDelayLoopCount                        0x0c0646a4   Data           4  44blib.o(.data)
    f_nWhichUart                             0x0c0646a8   Data           4  44blib.o(.data)
    .bss                                     0x0c0646b0   Section    76800  lcd.o(.bss)
    .bss                                     0x0c0772b0   Section       96  libspace.o(.bss)
    HEAP                                     0x0c077310   Section        0  s3c44b0x.o(HEAP)
    STACK                                    0x0c077310   Section    16384  s3c44b0x.o(STACK)
    Heap_Mem                                 0x0c077310   Data           0  s3c44b0x.o(HEAP)
    Stack_Mem                                0x0c077310   Data        2048  s3c44b0x.o(STACK)
    Stack_Top                                0x0c07b310   Data           0  s3c44b0x.o(STACK)

    Global Symbols

    Symbol Name                              Value     Ov Type        Size  Object(Section)

    BuildAttributes$$THM_ISAv1$ARM_ISAv4$S$PE$A:L22$X:L11$S22$IEEE1$IW$USESV6$~STKCKD$USESV7$~SHL$OTIME$ROPI$IEEEJ$EBA8$UX$STANDARDLIB$REQ8$PRES8$EABIv2 0x00000000   Number         0  anon$$obj.o ABSOLUTE
    __ARM_use_no_argv                        0x00000000   Number         0  main.o ABSOLUTE
    _printf_flags                            0x00000000   Number         0  printf_stubs.o ABSOLUTE
    _printf_return_value                     0x00000000   Number         0  printf_stubs.o ABSOLUTE
    _printf_sizespec                         0x00000000   Number         0  printf_stubs.o ABSOLUTE
    _printf_widthprec                        0x00000000   Number         0  printf_stubs.o ABSOLUTE
    __ARM_exceptions_init                     - Undefined Weak Reference
    __alloca_initialize                       - Undefined Weak Reference
    __cpp_initialize__aeabi_                  - Undefined Weak Reference
    __cxa_finalize                            - Undefined Weak Reference
    __sigvec_lookup                           - Undefined Weak Reference
    _atexit_init                              - Undefined Weak Reference
    _call_atexit_fns                          - Undefined Weak Reference
    _clock_init                               - Undefined Weak Reference
    _fp_trap_init                             - Undefined Weak Reference
    _fp_trap_shutdown                         - Undefined Weak Reference
    _get_lc_collate                           - Undefined Weak Reference
    _get_lc_monetary                          - Undefined Weak Reference
    _get_lc_time                              - Undefined Weak Reference
    _getenv_init                              - Undefined Weak Reference
    _handle_redirection                       - Undefined Weak Reference
    _init_alloc                               - Undefined Weak Reference
    _init_user_alloc                          - Undefined Weak Reference
    _initio                                   - Undefined Weak Reference
    _printf_fp_hex                            - Undefined Weak Reference
    _printf_mbtowc                            - Undefined Weak Reference
    _printf_wc                                - Undefined Weak Reference
    _rand_init                                - Undefined Weak Reference
    _signal_finish                            - Undefined Weak Reference
    _signal_init                              - Undefined Weak Reference
    _terminate_alloc                          - Undefined Weak Reference
    _terminate_user_alloc                     - Undefined Weak Reference
    _terminateio                              - Undefined Weak Reference
    ResetHandler                             0x0c000454   ARM Code       0  s3c44b0x.o(RESET)
    __main                                   0x0c0005dc   ARM Code       8  __main.o(!!!main)
    __scatterload                            0x0c0005e4   ARM Code       0  __scatter.o(!!!scatter)
    __scatterload_rt2                        0x0c0005e4   ARM Code      52  __scatter.o(!!!scatter)
    __scatterload_null                       0x0c0005f8   ARM Code       0  __scatter.o(!!!scatter)
    __scatterload_zeroinit                   0x0c000620   ARM Code      44  __scatter_zi.o(!!handler_zi)
    Inline Thumb to ARM Veneer to _printf_percent 0x0c00064d   Thumb Code     4  _printf_percent.o(.ARM.Collect$$_printf_percent$$00000000)
    _printf_n                                0x0c000650   ARM Code       0  _printf_n.o(.ARM.Collect$$_printf_percent$$00000001)
    _printf_percent                          0x0c000650   ARM Code       0  _printf_percent.o(.ARM.Collect$$_printf_percent$$00000000)
    _printf_p                                0x0c000658   ARM Code       0  _printf_p.o(.ARM.Collect$$_printf_percent$$00000002)
    _printf_f                                0x0c000660   ARM Code       0  _printf_f.o(.ARM.Collect$$_printf_percent$$00000003)
    _printf_e                                0x0c000668   ARM Code       0  _printf_e.o(.ARM.Collect$$_printf_percent$$00000004)
    _printf_g                                0x0c000670   ARM Code       0  _printf_g.o(.ARM.Collect$$_printf_percent$$00000005)
    _printf_a                                0x0c000678   ARM Code       0  _printf_a.o(.ARM.Collect$$_printf_percent$$00000006)
    _printf_ll                               0x0c000680   ARM Code       0  _printf_ll.o(.ARM.Collect$$_printf_percent$$00000007)
    _printf_i                                0x0c00068c   ARM Code       0  _printf_i.o(.ARM.Collect$$_printf_percent$$00000008)
    _printf_d                                0x0c000694   ARM Code       0  _printf_d.o(.ARM.Collect$$_printf_percent$$00000009)
    _printf_u                                0x0c00069c   ARM Code       0  _printf_u.o(.ARM.Collect$$_printf_percent$$0000000A)
    _printf_o                                0x0c0006a4   ARM Code       0  _printf_o.o(.ARM.Collect$$_printf_percent$$0000000B)
    _printf_x                                0x0c0006ac   ARM Code       0  _printf_x.o(.ARM.Collect$$_printf_percent$$0000000C)
    _printf_lli                              0x0c0006b4   ARM Code       0  _printf_lli.o(.ARM.Collect$$_printf_percent$$0000000D)
    _printf_lld                              0x0c0006bc   ARM Code       0  _printf_lld.o(.ARM.Collect$$_printf_percent$$0000000E)
    _printf_llu                              0x0c0006c4   ARM Code       0  _printf_llu.o(.ARM.Collect$$_printf_percent$$0000000F)
    _printf_llo                              0x0c0006cc   ARM Code       0  _printf_llo.o(.ARM.Collect$$_printf_percent$$00000010)
    _printf_llx                              0x0c0006d4   ARM Code       0  _printf_llx.o(.ARM.Collect$$_printf_percent$$00000011)
    _printf_l                                0x0c0006dc   ARM Code       0  _printf_l.o(.ARM.Collect$$_printf_percent$$00000012)
    _printf_c                                0x0c0006e8   ARM Code       0  _printf_c.o(.ARM.Collect$$_printf_percent$$00000013)
    _printf_s                                0x0c0006f0   ARM Code       0  _printf_s.o(.ARM.Collect$$_printf_percent$$00000014)
    _printf_lc                               0x0c0006f8   ARM Code       0  _printf_lc.o(.ARM.Collect$$_printf_percent$$00000015)
    _printf_ls                               0x0c000700   ARM Code       0  _printf_ls.o(.ARM.Collect$$_printf_percent$$00000016)
    _printf_percent_end                      0x0c000708   ARM Code       0  _printf_percent_end.o(.ARM.Collect$$_printf_percent$$00000017)
    Inline ARM to Thumb Veneer to __rt_lib_init 0x0c000710   ARM Code       8  libinit.o(.ARM.Collect$$libinit$$00000000)
    __rt_lib_init                            0x0c000719   Thumb Code     0  libinit.o(.ARM.Collect$$libinit$$00000000)
    __rt_lib_init_fp_1                       0x0c00071b   Thumb Code     0  libinit2.o(.ARM.Collect$$libinit$$00000002)
    __rt_lib_init_heap_1                     0x0c00071b   Thumb Code     0  libinit2.o(.ARM.Collect$$libinit$$00000008)
    __rt_lib_init_lc_common                  0x0c00071b   Thumb Code     0  libinit2.o(.ARM.Collect$$libinit$$0000000D)
    __rt_lib_init_rand_1                     0x0c00071b   Thumb Code     0  libinit2.o(.ARM.Collect$$libinit$$0000000C)
    __rt_lib_init_user_alloc_1               0x0c00071b   Thumb Code     0  libinit2.o(.ARM.Collect$$libinit$$0000000A)
    __rt_lib_init_lc_collate_1               0x0c000721   Thumb Code     0  libinit2.o(.ARM.Collect$$libinit$$0000000F)
    __rt_lib_init_lc_ctype_2                 0x0c000721   Thumb Code     0  libinit2.o(.ARM.Collect$$libinit$$00000010)
    __rt_lib_init_lc_ctype_1                 0x0c00072d   Thumb Code     0  libinit2.o(.ARM.Collect$$libinit$$00000011)
    __rt_lib_init_lc_monetary_1              0x0c00072d   Thumb Code     0  libinit2.o(.ARM.Collect$$libinit$$00000013)
    __rt_lib_init_lc_numeric_2               0x0c00072d   Thumb Code     0  libinit2.o(.ARM.Collect$$libinit$$00000014)
    __rt_lib_init_alloca_1                   0x0c000737   Thumb Code     0  libinit2.o(.ARM.Collect$$libinit$$0000002C)
    __rt_lib_init_argv_1                     0x0c000737   Thumb Code     0  libinit2.o(.ARM.Collect$$libinit$$0000002A)
    __rt_lib_init_atexit_1                   0x0c000737   Thumb Code     0  libinit2.o(.ARM.Collect$$libinit$$00000019)
    __rt_lib_init_clock_1                    0x0c000737   Thumb Code     0  libinit2.o(.ARM.Collect$$libinit$$0000001F)
    __rt_lib_init_cpp_1                      0x0c000737   Thumb Code     0  libinit2.o(.ARM.Collect$$libinit$$00000030)
    __rt_lib_init_exceptions_1               0x0c000737   Thumb Code     0  libinit2.o(.ARM.Collect$$libinit$$0000002E)
    __rt_lib_init_fp_trap_1                  0x0c000737   Thumb Code     0  libinit2.o(.ARM.Collect$$libinit$$0000001D)
    __rt_lib_init_getenv_1                   0x0c000737   Thumb Code     0  libinit2.o(.ARM.Collect$$libinit$$00000021)
    __rt_lib_init_lc_numeric_1               0x0c000737   Thumb Code     0  libinit2.o(.ARM.Collect$$libinit$$00000015)
    __rt_lib_init_lc_time_1                  0x0c000737   Thumb Code     0  libinit2.o(.ARM.Collect$$libinit$$00000017)
    __rt_lib_init_return                     0x0c000737   Thumb Code     0  libinit2.o(.ARM.Collect$$libinit$$00000031)
    __rt_lib_init_signal_1                   0x0c000737   Thumb Code     0  libinit2.o(.ARM.Collect$$libinit$$0000001B)
    __rt_lib_init_stdio_1                    0x0c000737   Thumb Code     0  libinit2.o(.ARM.Collect$$libinit$$00000023)
    Inline ARM to Thumb Veneer to __rt_lib_shutdown 0x0c000744   ARM Code       8  libshutdown.o(.ARM.Collect$$libshutdown$$00000000)
    __rt_lib_shutdown                        0x0c00074d   Thumb Code     0  libshutdown.o(.ARM.Collect$$libshutdown$$00000000)
    __rt_lib_shutdown_fp_trap_1              0x0c000751   Thumb Code     0  libshutdown2.o(.ARM.Collect$$libshutdown$$00000006)
    __rt_lib_shutdown_heap_1                 0x0c000751   Thumb Code     0  libshutdown2.o(.ARM.Collect$$libshutdown$$0000000E)
    __rt_lib_shutdown_return                 0x0c000751   Thumb Code     0  libshutdown2.o(.ARM.Collect$$libshutdown$$0000000F)
    __rt_lib_shutdown_signal_1               0x0c000751   Thumb Code     0  libshutdown2.o(.ARM.Collect$$libshutdown$$00000009)
    __rt_lib_shutdown_stdio_1                0x0c000751   Thumb Code     0  libshutdown2.o(.ARM.Collect$$libshutdown$$00000003)
    __rt_lib_shutdown_user_alloc_1           0x0c000751   Thumb Code     0  libshutdown2.o(.ARM.Collect$$libshutdown$$0000000B)
    __rt_entry                               0x0c000758   ARM Code       0  rtentry.o(.ARM.Collect$$rtentry$$00000000)
    __rt_entry_presh_1                       0x0c000758   ARM Code       0  rtentry2.o(.ARM.Collect$$rtentry$$00000002)
    __rt_entry_sh                            0x0c000758   ARM Code       0  rtentry4.o(.ARM.Collect$$rtentry$$00000004)
    __rt_entry_li                            0x0c000760   ARM Code       0  rtentry2.o(.ARM.Collect$$rtentry$$0000000A)
    __rt_entry_postsh_1                      0x0c000760   ARM Code       0  rtentry2.o(.ARM.Collect$$rtentry$$00000009)
    __rt_entry_main                          0x0c000764   ARM Code       0  rtentry2.o(.ARM.Collect$$rtentry$$0000000D)
    __rt_entry_postli_1                      0x0c000764   ARM Code       0  rtentry2.o(.ARM.Collect$$rtentry$$0000000C)
    Inline Thumb to ARM Veneer to __rt_exit  0x0c00078d   Thumb Code     4  rtexit.o(.ARM.Collect$$rtexit$$00000000)
    __rt_exit                                0x0c000790   ARM Code       0  rtexit.o(.ARM.Collect$$rtexit$$00000000)
    __rt_exit_ls                             0x0c000794   ARM Code       0  rtexit2.o(.ARM.Collect$$rtexit$$00000003)
    __rt_exit_prels_1                        0x0c000794   ARM Code       0  rtexit2.o(.ARM.Collect$$rtexit$$00000002)
    __rt_exit_exit                           0x0c000798   ARM Code       0  rtexit2.o(.ARM.Collect$$rtexit$$00000004)
    lcd_test                                 0x0c0007a0   ARM Code     560  main.o(.text)
    main                                     0x0c0009d0   ARM Code      24  main.o(.text)
    bitmap_view320x240x256                   0x0c000a44   ARM Code      72  bmp.o(.text)
    lcd_clr                                  0x0c000a90   ARM Code      36  lcd.o(.text)
    lcd_init                                 0x0c000ab4   ARM Code     236  lcd.o(.text)
    lcd_clr_rect                             0x0c000ba0   ARM Code     136  lcd.o(.text)
    lcd_draw_vline                           0x0c000c28   ARM Code     260  lcd.o(.text)
    lcd_draw_hline                           0x0c000d2c   ARM Code     248  lcd.o(.text)
    lcd_draw_box                             0x0c000e24   ARM Code     144  lcd.o(.text)
    lcd_draw_line                            0x0c000eb4   ARM Code    1528  lcd.o(.text)
    lcd_disp_ascii8x16                       0x0c0014ac   ARM Code     408  lcd.o(.text)
    lcd_disp_ascii6x8                        0x0c001644   ARM Code     224  lcd.o(.text)
    color_lcd_test                           0x0c001724   ARM Code     268  lcd.o(.text)
    key_set                                  0x0c00189c   ARM Code     308  keyboard.o(.text)
    keyboard_int                             0x0c0019d0   ARM Code      36  keyboard.o(.text)
    keyboard_test                            0x0c0019f4   ARM Code     444  keyboard.o(.text)
    get_keyboard_char                        0x0c001bb0   ARM Code     172  keyboard.o(.text)
    iic_int                                  0x0c001c5c   ARM Code      36  iic.o(.text)
    iic_init                                 0x0c001c80   ARM Code      92  iic.o(.text)
    iic_write                                0x0c001cdc   ARM Code     216  iic.o(.text)
    iic_read                                 0x0c001db4   ARM Code     292  iic.o(.text)
    led8_test                                0x0c001ee4   ARM Code      96  8led.o(.text)
    led8_disp                                0x0c001f44   ARM Code      76  8led.o(.text)
    led8_disp_mem                            0x0c001f90   ARM Code    1300  8led.o(.text)
    breakpoint                               0x0c0024a8   ARM Code     164  uhal.o(.text)
    debug_fiq                                0x0c00254c   ARM Code      12  uhal.o(.text)
    debug_abort                              0x0c002558   ARM Code      12  uhal.o(.text)
    debug_swi                                0x0c002564   ARM Code      12  uhal.o(.text)
    debug_undef                              0x0c002570   ARM Code      12  uhal.o(.text)
    uhal_init_interrupts                     0x0c00257c   ARM Code     328  uhal.o(.text)
    uhal_register_irq                        0x0c0026c4   ARM Code      12  uhal.o(.text)
    uhal_enable_int                          0x0c0026d0   ARM Code      28  uhal.o(.text)
    uhal_init_timers                         0x0c0026ec   ARM Code     172  uhal.o(.text)
    delay                                    0x0c002798   ARM Code     180  44blib.o(.text)
    port_init                                0x0c00284c   ARM Code     184  44blib.o(.text)
    beep                                     0x0c002904   ARM Code      60  44blib.o(.text)
    uart_init                                0x0c002940   ARM Code     332  44blib.o(.text)
    uart_change_baud                         0x0c002a8c   ARM Code     172  44blib.o(.text)
    uart_select                              0x0c002b38   ARM Code      12  44blib.o(.text)
    uart_txempty                             0x0c002b44   ARM Code      56  44blib.o(.text)
    uart_getch                               0x0c002b7c   ARM Code      80  44blib.o(.text)
    uart_getkey                              0x0c002bcc   ARM Code      88  44blib.o(.text)
    uart_sendbyte                            0x0c002c24   ARM Code     204  44blib.o(.text)
    uart_sendstring                          0x0c002cf0   ARM Code      40  44blib.o(.text)
    uart_printf                              0x0c002d18   ARM Code      64  44blib.o(.text)
    uart_getstring                           0x0c002d58   ARM Code     100  44blib.o(.text)
    uart_getintnum                           0x0c002dbc   ARM Code     440  44blib.o(.text)
    timer_start                              0x0c002f74   ARM Code      48  44blib.o(.text)
    timer_stop                               0x0c002fa4   ARM Code      32  44blib.o(.text)
    cache_flush                              0x0c002fc4   ARM Code      64  44blib.o(.text)
    sys_init                                 0x0c003004   ARM Code      88  44blib.o(.text)
    __user_initial_stackheap                 0x0c003080   ARM Code       0  s3c44b0x.o(.text)
    Inline Thumb to ARM Veneer to __rt_ctype_table 0x0c0030a1   Thumb Code     4  rt_ctype_table.o(.text)
    __rt_ctype_table                         0x0c0030a4   ARM Code      24  rt_ctype_table.o(.text)
    Inline ARM to Thumb Veneer to __c89vsprintf 0x0c0030bc   ARM Code       8  c89vsprintf.o(.text)
    __c89vsprintf                            0x0c0030c5   Thumb Code    36  c89vsprintf.o(.text)
    Inline ARM to Thumb Veneer to atoi       0x0c0030ec   ARM Code       8  atoi.o(.text)
    atoi                                     0x0c0030f5   Thumb Code    30  atoi.o(.text)
    Inline ARM to Thumb Veneer to strlen     0x0c003114   ARM Code       8  strlen.o(.text)
    strlen                                   0x0c00311d   Thumb Code    64  strlen.o(.text)
    Inline Thumb to ARM Veneer to __aeabi_idivmod 0x0c003161   Thumb Code     4  aeabi_sdiv.o(.text)
    __aeabi_idiv                             0x0c003164   ARM Code       0  aeabi_sdiv.o(.text)
    __aeabi_idivmod                          0x0c003164   ARM Code     384  aeabi_sdiv.o(.text)
    __use_two_region_memory                  0x0c0032e5   Thumb Code     2  heapauxi.o(.text)
    __rt_heap_escrow$2region                 0x0c0032e7   Thumb Code     2  heapauxi.o(.text)
    __rt_heap_expand$2region                 0x0c0032e9   Thumb Code     2  heapauxi.o(.text)
    Inline Thumb to ARM Veneer to __rt_locale 0x0c0032ed   Thumb Code     4  rt_locale_intlibspace.o(.text)
    __rt_locale                              0x0c0032f0   ARM Code      12  rt_locale_intlibspace.o(.text)
    Inline Thumb to ARM Veneer to __aeabi_errno_addr 0x0c0032fd   Thumb Code     4  rt_errno_addr_intlibspace.o(.text)
    __aeabi_errno_addr                       0x0c003300   ARM Code      12  rt_errno_addr_intlibspace.o(.text)
    __errno$intlibspace                      0x0c003300   ARM Code       0  rt_errno_addr_intlibspace.o(.text)
    __rt_errno_addr$intlibspace              0x0c003300   ARM Code       0  rt_errno_addr_intlibspace.o(.text)
    _printf_pre_padding                      0x0c00330d   Thumb Code    50  _printf_pad.o(.text)
    _printf_post_padding                     0x0c00333f   Thumb Code    36  _printf_pad.o(.text)
    _printf_truncate_signed                  0x0c003363   Thumb Code    22  _printf_truncate.o(.text)
    _printf_truncate_unsigned                0x0c003379   Thumb Code    22  _printf_truncate.o(.text)
    _printf_str                              0x0c00338f   Thumb Code    88  _printf_str.o(.text)
    Inline ARM to Thumb Veneer to _printf_int_dec 0x0c0033e8   ARM Code       8  _printf_dec.o(.text)
    _printf_int_dec                          0x0c0033f1   Thumb Code    94  _printf_dec.o(.text)
    Inline ARM to Thumb Veneer to _printf_charcount 0x0c003460   ARM Code       8  _printf_charcount.o(.text)
    _printf_charcount                        0x0c003469   Thumb Code    40  _printf_charcount.o(.text)
    _printf_char_common                      0x0c00349b   Thumb Code    34  _printf_char_common.o(.text)
    _sputc                                   0x0c0034c1   Thumb Code    10  _sputc.o(.text)
    _printf_wctomb                           0x0c0034cd   Thumb Code   188  _printf_wctomb.o(.text)
    Inline ARM to Thumb Veneer to _printf_longlong_dec 0x0c00358c   ARM Code       8  _printf_longlong_dec.o(.text)
    _printf_longlong_dec                     0x0c003595   Thumb Code    98  _printf_longlong_dec.o(.text)
    Inline ARM to Thumb Veneer to _printf_int_oct 0x0c003608   ARM Code       8  _printf_oct_int_ll.o(.text)
    _printf_longlong_oct                     0x0c003611   Thumb Code    72  _printf_oct_int_ll.o(.text)
    _printf_int_oct                          0x0c003659   Thumb Code    28  _printf_oct_int_ll.o(.text)
    _printf_ll_oct                           0x0c003675   Thumb Code    10  _printf_oct_int_ll.o(.text)
    Inline ARM to Thumb Veneer to _printf_hex_ptr 0x0c003688   ARM Code       8  _printf_hex_int_ll_ptr.o(.text)
    _printf_longlong_hex                     0x0c003691   Thumb Code    92  _printf_hex_int_ll_ptr.o(.text)
    _printf_int_hex                          0x0c0036ed   Thumb Code    32  _printf_hex_int_ll_ptr.o(.text)
    _printf_ll_hex                           0x0c00370d   Thumb Code    10  _printf_hex_int_ll_ptr.o(.text)
    _printf_hex_ptr                          0x0c003717   Thumb Code    22  _printf_hex_int_ll_ptr.o(.text)
    __printf                                 0x0c003731   Thumb Code   406  __printf_flags_ss_wp.o(.text)
    strtol                                   0x0c0038cd   Thumb Code   112  strtol.o(.text)
    __user_libspace                          0x0c003940   ARM Code      12  libspace.o(.text)
    __user_perproc_libspace                  0x0c003940   ARM Code       0  libspace.o(.text)
    __user_perthread_libspace                0x0c003940   ARM Code       0  libspace.o(.text)
    Inline Thumb to ARM Veneer to _ll_udiv10 0x0c00394d   Thumb Code     4  lludiv10.o(.text)
    _ll_udiv10                               0x0c003950   ARM Code     160  lludiv10.o(.text)
    _printf_int_common                       0x0c0039f1   Thumb Code   186  _printf_intcommon.o(.text)
    __lib_sel_fp_printf                      0x0c003aad   Thumb Code     2  _printf_fp_dec.o(.text)
    _printf_fp_dec_real                      0x0c003c4d   Thumb Code   626  _printf_fp_dec.o(.text)
    Inline ARM to Thumb Veneer to _printf_char 0x0c003ecc   ARM Code       8  _printf_char.o(.text)
    _printf_cs_common                        0x0c003ed5   Thumb Code    26  _printf_char.o(.text)
    _printf_char                             0x0c003eef   Thumb Code    16  _printf_char.o(.text)
    _printf_string                           0x0c003eff   Thumb Code     8  _printf_char.o(.text)
    Inline ARM to Thumb Veneer to _printf_wchar 0x0c003f08   ARM Code       8  _printf_wchar.o(.text)
    _printf_lcs_common                       0x0c003f11   Thumb Code    26  _printf_wchar.o(.text)
    _printf_wchar                            0x0c003f2b   Thumb Code    16  _printf_wchar.o(.text)
    _printf_wstring                          0x0c003f3b   Thumb Code     8  _printf_wchar.o(.text)
    _strtoul                                 0x0c003f43   Thumb Code   172  _strtoul.o(.text)
    _wcrtomb                                 0x0c003fef   Thumb Code    74  _wcrtomb.o(.text)
    strcmp                                   0x0c004038   ARM Code     156  strcmp.o(.text)
    Inline Thumb to ARM Veneer to __rt_udiv10 0x0c0040d9   Thumb Code     4  rtudiv10.o(.text)
    __rt_udiv10                              0x0c0040dc   ARM Code      44  rtudiv10.o(.text)
    __user_setup_stackheap                   0x0c004108   ARM Code      96  sys_stackheap_outer.o(.text)
    _printf_fp_infnan                        0x0c004169   Thumb Code   128  _printf_fp_infnan.o(.text)
    _chval                                   0x0c0041f9   Thumb Code    30  _chval.o(.text)
    _btod_etento                             0x0c004219   Thumb Code   210  bigflt0.o(.text)
    exit                                     0x0c0042f1   Thumb Code    12  exit.o(.text)
    Inline ARM to Thumb Veneer to _sys_exit  0x0c0042fc   ARM Code       8  sys_exit.o(.text)
    _sys_exit                                0x0c004305   Thumb Code     8  sys_exit.o(.text)
    __I$use$semihosting                      0x0c004310   ARM Code       0  use_no_semi.o(.text)
    __use_no_semihosting_swi                 0x0c004310   ARM Code       4  use_no_semi.o(.text)
    Inline Thumb to ARM Veneer to _btod_d2e  0x0c004315   Thumb Code     4  btod.o(CL$$btod_d2e)
    __semihosting_library_function           0x0c004314   ARM Code       0  indicate_semi.o(.text)
    _btod_d2e                                0x0c004318   ARM Code      56  btod.o(CL$$btod_d2e)
    _d2e_denorm_low                          0x0c004350   ARM Code      84  btod.o(CL$$btod_d2e_denorm_low)
    _d2e_norm_op1                            0x0c0043a4   ARM Code     104  btod.o(CL$$btod_d2e_norm_op1)
    __btod_div_common                        0x0c00440c   ARM Code     716  btod.o(CL$$btod_div_common)
    _e2e                                     0x0c004758   ARM Code     220  btod.o(CL$$btod_e2e)
    Inline Thumb to ARM Veneer to _btod_ediv 0x0c004835   Thumb Code     4  btod.o(CL$$btod_ediv)
    _btod_ediv                               0x0c004838   ARM Code      52  btod.o(CL$$btod_ediv)
    Inline Thumb to ARM Veneer to _btod_emul 0x0c00486d   Thumb Code     4  btod.o(CL$$btod_emul)
    _btod_emul                               0x0c004870   ARM Code      52  btod.o(CL$$btod_emul)
    __btod_mult_common                       0x0c0048a4   ARM Code     616  btod.o(CL$$btod_mult_common)
    Long ARM to Thumb Veneer to _printf_int_hex 0x0c004b0c   ARM Code      12  anon$$obj.o(Veneer$$Code)
    Long ARM to Thumb Veneer to _printf_ll_oct 0x0c004b18   ARM Code      12  anon$$obj.o(Veneer$$Code)
    Long ARM to Thumb Veneer to _printf_ll_hex 0x0c004b24   ARM Code      12  anon$$obj.o(Veneer$$Code)
    Long ARM to Thumb Veneer to _printf_string 0x0c004b30   ARM Code      12  anon$$obj.o(Veneer$$Code)
    Long ARM to Thumb Veneer to _printf_wstring 0x0c004b3c   ARM Code      12  anon$$obj.o(Veneer$$Code)
    Long ARM to Thumb Veneer to _printf_fp_dec_real 0x0c004b48   ARM Code      12  anon$$obj.o(Veneer$$Code)
    __ARM_common_call_via_r1                 0x0c004b55   Thumb Code     2  __printf.o(i.__ARM_common_call_via_r1)
    __ARM_common_call_via_r2                 0x0c004b57   Thumb Code     2  _printf_wctomb.o(i.__ARM_common_call_via_r2)
    __ARM_common_call_via_r3                 0x0c004b59   Thumb Code     2  _wcrtomb.o(i.__ARM_common_call_via_r3)
    Inline Thumb to ARM Veneer to __ARM_fpclassify 0x0c004b5d   Thumb Code     4  fpclassify.o(i.__ARM_fpclassify)
    __ARM_fpclassify                         0x0c004b60   ARM Code      48  fpclassify.o(i.__ARM_fpclassify)
    _is_digit                                0x0c004b91   Thumb Code    14  __printf_wp.o(i._is_digit)
    Inline Thumb to ARM Veneer to _get_lc_ctype 0x0c004ba1   Thumb Code     4  lc_ctype_c.o(locale$$code)
    _get_lc_ctype                            0x0c004ba4   ARM Code      80  lc_ctype_c.o(locale$$code)
    Inline Thumb to ARM Veneer to _get_lc_numeric 0x0c004bf5   Thumb Code     4  lc_numeric_c.o(locale$$code)
    _get_lc_numeric                          0x0c004bf8   ARM Code      80  lc_numeric_c.o(locale$$code)
    __aeabi_dadd                             0x0c004c48   ARM Code       0  daddsub_noclz.o(x$fpl$dadd)
    _dadd                                    0x0c004c48   ARM Code     336  daddsub_noclz.o(x$fpl$dadd)
    __aeabi_ddiv                             0x0c004d9c   ARM Code       0  ddiv.o(x$fpl$ddiv)
    _ddiv                                    0x0c004d9c   ARM Code     600  ddiv.o(x$fpl$ddiv)
    __aeabi_d2iz                             0x0c00507c   ARM Code       0  dfix.o(x$fpl$dfix)
    _dfix                                    0x0c00507c   ARM Code     112  dfix.o(x$fpl$dfix)
    __aeabi_i2d                              0x0c0050ec   ARM Code       0  dflt_noclz.o(x$fpl$dflt)
    _dflt                                    0x0c0050ec   ARM Code      88  dflt_noclz.o(x$fpl$dflt)
    __dflt_normalise                         0x0c0050fc   ARM Code       0  dflt_noclz.o(x$fpl$dflt)
    __fpl_dnaninf                            0x0c005144   ARM Code     192  dnaninf.o(x$fpl$dnaninf)
    __fpl_dretinf                            0x0c005204   ARM Code      16  dretinf.o(x$fpl$dretinf)
    __aeabi_dsub                             0x0c005214   ARM Code       0  daddsub_noclz.o(x$fpl$dsub)
    _dsub                                    0x0c005214   ARM Code     576  daddsub_noclz.o(x$fpl$dsub)
    Inline Thumb to ARM Veneer to __ieee_status 0x0c005459   Thumb Code     4  istatus.o(x$fpl$ieeestatus)
    __ieee_status                            0x0c00545c   ARM Code       8  istatus.o(x$fpl$ieeestatus)
    _printf_fp_dec                           0x0c005464   ARM Code       4  printf1.o(x$fpl$printf1)
    __I$use$fp                               0x0c005468   Number         0  usenofp.o(x$fpl$usenofp)
    g_ucBitmap                               0x0c005468   Data       384000  bmp_data.o(.constdata)
    g_ucAscii6x8                             0x0c063068   Data        1024  ascii6x8.o(.constdata)
    g_ucAscii8x16                            0x0c063468   Data        4097  ascii8x16.o(.constdata)
    Region$$Table$$Base                      0x0c064544   Number         0  anon$$obj.o(Region$$Table)
    Region$$Table$$Limit                     0x0c064554   Number         0  anon$$obj.o(Region$$Table)
    __ctype                                  0x0c064561   Data           0  lc_ctype_c.o(locale$$data)
    f_nKeyPress                              0x0c064680   Data           4  keyboard.o(.data)
    f_nGetACK                                0x0c064684   Data           4  iic.o(.data)
    f_szDigital                              0x0c064688   Data          21  8led.o(.data)
    run                                      0x0c0646a0   Data           4  44blib.o(.data)
    f_nDownloadAddr                          0x0c0646ac   Data           4  44blib.o(.data)
    g_unLcdActiveBuffer                      0x0c0646b0   Data       76800  lcd.o(.bss)
    __libspace_start                         0x0c0772b0   Data          96  libspace.o(.bss)
    __temporary_stack_top$libspace           0x0c077310   Data           0  libspace.o(.bss)



==============================================================================

Memory Map of the image

  Image Entry point : 0x0c0005dc

  Load Region LR_ROM1 (Base: 0x0c000000, Size: 0x000646b0, Max: 0xffffffff, ABSOLUTE)

    Execution Region ER_ROM1 (Base: 0x0c000000, Size: 0x00064680, Max: 0x00200000, ABSOLUTE)

    Base Addr    Size         Type   Attr      Idx    E Section Name        Object

    0x0c000000   0x000005dc   Code   RO          197    RESET               s3c44b0x.o
    0x0c0005dc   0x00000008   Code   RO          232  * !!!main             c_t.l(__main.o)
    0x0c0005e4   0x0000003c   Code   RO          596    !!!scatter          c_t.l(__scatter.o)
    0x0c000620   0x0000002c   Code   RO          598    !!handler_zi        c_t.l(__scatter_zi.o)
    0x0c00064c   0x00000004   Ven    RO          355    .ARM.Collect$$_printf_percent$$00000000  c_t.l(_printf_percent.o)
    0x0c000650   0x00000000   Code   RO          355    .ARM.Collect$$_printf_percent$$00000000  c_t.l(_printf_percent.o)
    0x0c000650   0x00000008   Code   RO          344    .ARM.Collect$$_printf_percent$$00000001  c_t.l(_printf_n.o)
    0x0c000658   0x00000008   Code   RO          346    .ARM.Collect$$_printf_percent$$00000002  c_t.l(_printf_p.o)
    0x0c000660   0x00000008   Code   RO          351    .ARM.Collect$$_printf_percent$$00000003  c_t.l(_printf_f.o)
    0x0c000668   0x00000008   Code   RO          352    .ARM.Collect$$_printf_percent$$00000004  c_t.l(_printf_e.o)
    0x0c000670   0x00000008   Code   RO          353    .ARM.Collect$$_printf_percent$$00000005  c_t.l(_printf_g.o)
    0x0c000678   0x00000008   Code   RO          354    .ARM.Collect$$_printf_percent$$00000006  c_t.l(_printf_a.o)
    0x0c000680   0x0000000c   Code   RO          359    .ARM.Collect$$_printf_percent$$00000007  c_t.l(_printf_ll.o)
    0x0c00068c   0x00000008   Code   RO          348    .ARM.Collect$$_printf_percent$$00000008  c_t.l(_printf_i.o)
    0x0c000694   0x00000008   Code   RO          349    .ARM.Collect$$_printf_percent$$00000009  c_t.l(_printf_d.o)
    0x0c00069c   0x00000008   Code   RO          350    .ARM.Collect$$_printf_percent$$0000000A  c_t.l(_printf_u.o)
    0x0c0006a4   0x00000008   Code   RO          347    .ARM.Collect$$_printf_percent$$0000000B  c_t.l(_printf_o.o)
    0x0c0006ac   0x00000008   Code   RO          345    .ARM.Collect$$_printf_percent$$0000000C  c_t.l(_printf_x.o)
    0x0c0006b4   0x00000008   Code   RO          356    .ARM.Collect$$_printf_percent$$0000000D  c_t.l(_printf_lli.o)
    0x0c0006bc   0x00000008   Code   RO          357    .ARM.Collect$$_printf_percent$$0000000E  c_t.l(_printf_lld.o)
    0x0c0006c4   0x00000008   Code   RO          358    .ARM.Collect$$_printf_percent$$0000000F  c_t.l(_printf_llu.o)
    0x0c0006cc   0x00000008   Code   RO          363    .ARM.Collect$$_printf_percent$$00000010  c_t.l(_printf_llo.o)
    0x0c0006d4   0x00000008   Code   RO          364    .ARM.Collect$$_printf_percent$$00000011  c_t.l(_printf_llx.o)
    0x0c0006dc   0x0000000c   Code   RO          360    .ARM.Collect$$_printf_percent$$00000012  c_t.l(_printf_l.o)
    0x0c0006e8   0x00000008   Code   RO          342    .ARM.Collect$$_printf_percent$$00000013  c_t.l(_printf_c.o)
    0x0c0006f0   0x00000008   Code   RO          343    .ARM.Collect$$_printf_percent$$00000014  c_t.l(_printf_s.o)
    0x0c0006f8   0x00000008   Code   RO          361    .ARM.Collect$$_printf_percent$$00000015  c_t.l(_printf_lc.o)
    0x0c000700   0x00000008   Code   RO          362    .ARM.Collect$$_printf_percent$$00000016  c_t.l(_printf_ls.o)
    0x0c000708   0x00000008   Code   RO          413    .ARM.Collect$$_printf_percent$$00000017  c_t.l(_printf_percent_end.o)
    0x0c000710   0x00000008   Ven    RO          514    .ARM.Collect$$libinit$$00000000  c_t.l(libinit.o)
    0x0c000718   0x00000002   Code   RO          514    .ARM.Collect$$libinit$$00000000  c_t.l(libinit.o)
    0x0c00071a   0x00000000   Code   RO          425    .ARM.Collect$$libinit$$00000002  c_t.l(libinit2.o)
    0x0c00071a   0x00000000   Code   RO          428    .ARM.Collect$$libinit$$00000008  c_t.l(libinit2.o)
    0x0c00071a   0x00000000   Code   RO          430    .ARM.Collect$$libinit$$0000000A  c_t.l(libinit2.o)
    0x0c00071a   0x00000000   Code   RO          432    .ARM.Collect$$libinit$$0000000C  c_t.l(libinit2.o)
    0x0c00071a   0x00000006   Code   RO          433    .ARM.Collect$$libinit$$0000000D  c_t.l(libinit2.o)
    0x0c000720   0x00000000   Code   RO          435    .ARM.Collect$$libinit$$0000000F  c_t.l(libinit2.o)
    0x0c000720   0x0000000c   Code   RO          436    .ARM.Collect$$libinit$$00000010  c_t.l(libinit2.o)
    0x0c00072c   0x00000000   Code   RO          437    .ARM.Collect$$libinit$$00000011  c_t.l(libinit2.o)
    0x0c00072c   0x00000000   Code   RO          439    .ARM.Collect$$libinit$$00000013  c_t.l(libinit2.o)
    0x0c00072c   0x0000000a   Code   RO          440    .ARM.Collect$$libinit$$00000014  c_t.l(libinit2.o)
    0x0c000736   0x00000000   Code   RO          441    .ARM.Collect$$libinit$$00000015  c_t.l(libinit2.o)
    0x0c000736   0x00000000   Code   RO          443    .ARM.Collect$$libinit$$00000017  c_t.l(libinit2.o)
    0x0c000736   0x00000000   Code   RO          445    .ARM.Collect$$libinit$$00000019  c_t.l(libinit2.o)
    0x0c000736   0x00000000   Code   RO          447    .ARM.Collect$$libinit$$0000001B  c_t.l(libinit2.o)
    0x0c000736   0x00000000   Code   RO          449    .ARM.Collect$$libinit$$0000001D  c_t.l(libinit2.o)
    0x0c000736   0x00000000   Code   RO          451    .ARM.Collect$$libinit$$0000001F  c_t.l(libinit2.o)
    0x0c000736   0x00000000   Code   RO          453    .ARM.Collect$$libinit$$00000021  c_t.l(libinit2.o)
    0x0c000736   0x00000000   Code   RO          455    .ARM.Collect$$libinit$$00000023  c_t.l(libinit2.o)
    0x0c000736   0x00000000   Code   RO          459    .ARM.Collect$$libinit$$0000002A  c_t.l(libinit2.o)
    0x0c000736   0x00000000   Code   RO          461    .ARM.Collect$$libinit$$0000002C  c_t.l(libinit2.o)
    0x0c000736   0x00000000   Code   RO          463    .ARM.Collect$$libinit$$0000002E  c_t.l(libinit2.o)
    0x0c000736   0x00000000   Code   RO          465    .ARM.Collect$$libinit$$00000030  c_t.l(libinit2.o)
    0x0c000736   0x0000000c   Code   RO          466    .ARM.Collect$$libinit$$00000031  c_t.l(libinit2.o)
    0x0c000742   0x00000002   PAD
    0x0c000744   0x00000008   Ven    RO          565    .ARM.Collect$$libshutdown$$00000000  c_t.l(libshutdown.o)
    0x0c00074c   0x00000004   Code   RO          565    .ARM.Collect$$libshutdown$$00000000  c_t.l(libshutdown.o)
    0x0c000750   0x00000000   Code   RO          582    .ARM.Collect$$libshutdown$$00000003  c_t.l(libshutdown2.o)
    0x0c000750   0x00000000   Code   RO          585    .ARM.Collect$$libshutdown$$00000006  c_t.l(libshutdown2.o)
    0x0c000750   0x00000000   Code   RO          588    .ARM.Collect$$libshutdown$$00000009  c_t.l(libshutdown2.o)
    0x0c000750   0x00000000   Code   RO          590    .ARM.Collect$$libshutdown$$0000000B  c_t.l(libshutdown2.o)
    0x0c000750   0x00000000   Code   RO          593    .ARM.Collect$$libshutdown$$0000000E  c_t.l(libshutdown2.o)
    0x0c000750   0x00000006   Code   RO          594    .ARM.Collect$$libshutdown$$0000000F  c_t.l(libshutdown2.o)
    0x0c000756   0x00000002   PAD
    0x0c000758   0x00000000   Code   RO          252    .ARM.Collect$$rtentry$$00000000  c_t.l(rtentry.o)
    0x0c000758   0x00000000   Code   RO          381    .ARM.Collect$$rtentry$$00000002  c_t.l(rtentry2.o)
    0x0c000758   0x00000008   Code   RO          393    .ARM.Collect$$rtentry$$00000004  c_t.l(rtentry4.o)
    0x0c000760   0x00000000   Code   RO          383    .ARM.Collect$$rtentry$$00000009  c_t.l(rtentry2.o)
    0x0c000760   0x00000004   Code   RO          384    .ARM.Collect$$rtentry$$0000000A  c_t.l(rtentry2.o)
    0x0c000764   0x00000000   Code   RO          386    .ARM.Collect$$rtentry$$0000000C  c_t.l(rtentry2.o)
    0x0c000764   0x00000028   Code   RO          387    .ARM.Collect$$rtentry$$0000000D  c_t.l(rtentry2.o)
    0x0c00078c   0x00000004   Ven    RO          521    .ARM.Collect$$rtexit$$00000000  c_t.l(rtexit.o)
    0x0c000790   0x00000004   Code   RO          521    .ARM.Collect$$rtexit$$00000000  c_t.l(rtexit.o)
    0x0c000794   0x00000000   Code   RO          538    .ARM.Collect$$rtexit$$00000002  c_t.l(rtexit2.o)
    0x0c000794   0x00000004   Code   RO          539    .ARM.Collect$$rtexit$$00000003  c_t.l(rtexit2.o)
    0x0c000798   0x00000008   Code   RO          540    .ARM.Collect$$rtexit$$00000004  c_t.l(rtexit2.o)
    0x0c0007a0   0x000002a4   Code   RO            1    .text               main.o
    0x0c000a44   0x0000004c   Code   RO           35    .text               bmp.o
    0x0c000a90   0x00000e0c   Code   RO           56    .text               lcd.o
    0x0c00189c   0x000003c0   Code   RO           99    .text               keyboard.o
    0x0c001c5c   0x00000288   Code   RO          118    .text               iic.o
    0x0c001ee4   0x000005c4   Code   RO          133    .text               8led.o
    0x0c0024a8   0x000002f0   Code   RO          148    .text               uhal.o
    0x0c002798   0x000008e8   Code   RO          163    .text               44blib.o
    0x0c003080   0x00000020   Code   RO          198    .text               s3c44b0x.o
    0x0c0030a0   0x00000004   Ven    RO          206    .text               c_t.l(rt_ctype_table.o)
    0x0c0030a4   0x00000018   Code   RO          206    .text               c_t.l(rt_ctype_table.o)
    0x0c0030bc   0x00000008   Ven    RO          208    .text               c_t.l(c89vsprintf.o)
    0x0c0030c4   0x00000028   Code   RO          208    .text               c_t.l(c89vsprintf.o)
    0x0c0030ec   0x00000008   Ven    RO          210    .text               c_t.l(atoi.o)
    0x0c0030f4   0x0000001e   Code   RO          210    .text               c_t.l(atoi.o)
    0x0c003112   0x00000002   PAD
    0x0c003114   0x00000008   Ven    RO          212    .text               c_t.l(strlen.o)
    0x0c00311c   0x00000044   Code   RO          212    .text               c_t.l(strlen.o)
    0x0c003160   0x00000004   Ven    RO          214    .text               c_t.l(aeabi_sdiv.o)
    0x0c003164   0x00000180   Code   RO          214    .text               c_t.l(aeabi_sdiv.o)
    0x0c0032e4   0x00000006   Code   RO          230    .text               c_t.l(heapauxi.o)
    0x0c0032ea   0x00000002   PAD
    0x0c0032ec   0x00000004   Ven    RO          260    .text               c_t.l(rt_locale_intlibspace.o)
    0x0c0032f0   0x0000000c   Code   RO          260    .text               c_t.l(rt_locale_intlibspace.o)
    0x0c0032fc   0x00000004   Ven    RO          265    .text               c_t.l(rt_errno_addr_intlibspace.o)
    0x0c003300   0x0000000c   Code   RO          265    .text               c_t.l(rt_errno_addr_intlibspace.o)
    0x0c00330c   0x00000056   Code   RO          273    .text               c_t.l(_printf_pad.o)
    0x0c003362   0x0000002c   Code   RO          275    .text               c_t.l(_printf_truncate.o)
    0x0c00338e   0x00000058   Code   RO          277    .text               c_t.l(_printf_str.o)
    0x0c0033e6   0x00000002   PAD
    0x0c0033e8   0x00000008   Ven    RO          279    .text               c_t.l(_printf_dec.o)
    0x0c0033f0   0x00000070   Code   RO          279    .text               c_t.l(_printf_dec.o)
    0x0c003460   0x00000008   Ven    RO          281    .text               c_t.l(_printf_charcount.o)
    0x0c003468   0x00000028   Code   RO          281    .text               c_t.l(_printf_charcount.o)
    0x0c003490   0x00000030   Code   RO          283    .text               c_t.l(_printf_char_common.o)
    0x0c0034c0   0x0000000a   Code   RO          285    .text               c_t.l(_sputc.o)
    0x0c0034ca   0x00000002   PAD
    0x0c0034cc   0x000000c0   Code   RO          287    .text               c_t.l(_printf_wctomb.o)
    0x0c00358c   0x00000008   Ven    RO          293    .text               c_t.l(_printf_longlong_dec.o)
    0x0c003594   0x00000074   Code   RO          293    .text               c_t.l(_printf_longlong_dec.o)
    0x0c003608   0x00000008   Ven    RO          299    .text               c_t.l(_printf_oct_int_ll.o)
    0x0c003610   0x00000078   Code   RO          299    .text               c_t.l(_printf_oct_int_ll.o)
    0x0c003688   0x00000008   Ven    RO          319    .text               c_t.l(_printf_hex_int_ll_ptr.o)
    0x0c003690   0x000000a0   Code   RO          319    .text               c_t.l(_printf_hex_int_ll_ptr.o)
    0x0c003730   0x0000019c   Code   RO          339    .text               c_t.l(__printf_flags_ss_wp.o)
    0x0c0038cc   0x00000074   Code   RO          365    .text               c_t.l(strtol.o)
    0x0c003940   0x0000000c   Code   RO          377    .text               c_t.l(libspace.o)
    0x0c00394c   0x00000004   Ven    RO          397    .text               c_t.l(lludiv10.o)
    0x0c003950   0x000000a0   Code   RO          397    .text               c_t.l(lludiv10.o)
    0x0c0039f0   0x000000ba   Code   RO          399    .text               c_t.l(_printf_intcommon.o)
    0x0c003aaa   0x00000002   PAD
    0x0c003aac   0x00000420   Code   RO          401    .text               c_t.l(_printf_fp_dec.o)
    0x0c003ecc   0x00000008   Ven    RO          409    .text               c_t.l(_printf_char.o)
    0x0c003ed4   0x00000032   Code   RO          409    .text               c_t.l(_printf_char.o)
    0x0c003f06   0x00000002   PAD
    0x0c003f08   0x00000008   Ven    RO          411    .text               c_t.l(_printf_wchar.o)
    0x0c003f10   0x00000032   Code   RO          411    .text               c_t.l(_printf_wchar.o)
    0x0c003f42   0x000000ac   Code   RO          414    .text               c_t.l(_strtoul.o)
    0x0c003fee   0x0000004a   Code   RO          416    .text               c_t.l(_wcrtomb.o)
    0x0c004038   0x000000a0   Code   RO          420    .text               c_t.l(strcmp.o)
    0x0c0040d8   0x00000004   Ven    RO          422    .text               c_t.l(rtudiv10.o)
    0x0c0040dc   0x0000002c   Code   RO          422    .text               c_t.l(rtudiv10.o)
    0x0c004108   0x00000060   Code   RO          467    .text               c_t.l(sys_stackheap_outer.o)
    0x0c004168   0x00000090   Code   RO          469    .text               c_t.l(_printf_fp_infnan.o)
    0x0c0041f8   0x0000001e   Code   RO          471    .text               c_t.l(_chval.o)
    0x0c004216   0x00000002   PAD
    0x0c004218   0x000000d8   Code   RO          473    .text               c_t.l(bigflt0.o)
    0x0c0042f0   0x0000000c   Code   RO          501    .text               c_t.l(exit.o)
    0x0c0042fc   0x00000008   Ven    RO          535    .text               c_t.l(sys_exit.o)
    0x0c004304   0x0000000c   Code   RO          535    .text               c_t.l(sys_exit.o)
    0x0c004310   0x00000004   Code   RO          556    .text               c_t.l(use_no_semi.o)
    0x0c004314   0x00000000   Code   RO          558    .text               c_t.l(indicate_semi.o)
    0x0c004314   0x00000004   Ven    RO          476    CL$$btod_d2e        c_t.l(btod.o)
    0x0c004318   0x00000038   Code   RO          476    CL$$btod_d2e        c_t.l(btod.o)
    0x0c004350   0x00000054   Code   RO          478    CL$$btod_d2e_denorm_low  c_t.l(btod.o)
    0x0c0043a4   0x00000068   Code   RO          477    CL$$btod_d2e_norm_op1  c_t.l(btod.o)
    0x0c00440c   0x0000034c   Code   RO          486    CL$$btod_div_common  c_t.l(btod.o)
    0x0c004758   0x000000dc   Code   RO          483    CL$$btod_e2e        c_t.l(btod.o)
    0x0c004834   0x00000004   Ven    RO          480    CL$$btod_ediv       c_t.l(btod.o)
    0x0c004838   0x00000034   Code   RO          480    CL$$btod_ediv       c_t.l(btod.o)
    0x0c00486c   0x00000004   Ven    RO          479    CL$$btod_emul       c_t.l(btod.o)
    0x0c004870   0x00000034   Code   RO          479    CL$$btod_emul       c_t.l(btod.o)
    0x0c0048a4   0x00000268   Code   RO          485    CL$$btod_mult_common  c_t.l(btod.o)
    0x0c004b0c   0x0000000c   Ven    RO          628    Veneer$$Code        anon$$obj.o
    0x0c004b18   0x0000000c   Ven    RO          629    Veneer$$Code        anon$$obj.o
    0x0c004b24   0x0000000c   Ven    RO          630    Veneer$$Code        anon$$obj.o
    0x0c004b30   0x0000000c   Ven    RO          631    Veneer$$Code        anon$$obj.o
    0x0c004b3c   0x0000000c   Ven    RO          632    Veneer$$Code        anon$$obj.o
    0x0c004b48   0x0000000c   Ven    RO          633    Veneer$$Code        anon$$obj.o
    0x0c004b54   0x00000002   Code   RO          271    i.__ARM_common_call_via_r1  c_t.l(__printf.o)
    0x0c004b56   0x00000002   Code   RO          291    i.__ARM_common_call_via_r2  c_t.l(_printf_wctomb.o)
    0x0c004b58   0x00000002   Code   RO          418    i.__ARM_common_call_via_r3  c_t.l(_wcrtomb.o)
    0x0c004b5a   0x00000002   PAD
    0x0c004b5c   0x00000004   Ven    RO          519    i.__ARM_fpclassify  m_ts.l(fpclassify.o)
    0x0c004b60   0x00000030   Code   RO          519    i.__ARM_fpclassify  m_ts.l(fpclassify.o)
    0x0c004b90   0x0000000e   Code   RO          332    i._is_digit         c_t.l(__printf_wp.o)
    0x0c004b9e   0x00000002   PAD
    0x0c004ba0   0x00000004   Ven    RO          368    locale$$code        c_t.l(lc_ctype_c.o)
    0x0c004ba4   0x00000050   Code   RO          368    locale$$code        c_t.l(lc_ctype_c.o)
    0x0c004bf4   0x00000004   Ven    RO          499    locale$$code        c_t.l(lc_numeric_c.o)
    0x0c004bf8   0x00000050   Code   RO          499    locale$$code        c_t.l(lc_numeric_c.o)
    0x0c004c48   0x00000154   Code   RO          234    x$fpl$dadd          fz_ts.l(daddsub_noclz.o)
    0x0c004d9c   0x000002e0   Code   RO          241    x$fpl$ddiv          fz_ts.l(ddiv.o)
    0x0c00507c   0x00000070   Code   RO          244    x$fpl$dfix          fz_ts.l(dfix.o)
    0x0c0050ec   0x00000058   Code   RO          249    x$fpl$dflt          fz_ts.l(dflt_noclz.o)
    0x0c005144   0x000000c0   Code   RO          370    x$fpl$dnaninf       fz_ts.l(dnaninf.o)
    0x0c005204   0x00000010   Code   RO          372    x$fpl$dretinf       fz_ts.l(dretinf.o)
    0x0c005214   0x00000244   Code   RO          236    x$fpl$dsub          fz_ts.l(daddsub_noclz.o)
    0x0c005458   0x00000004   Ven    RO          517    x$fpl$ieeestatus    fz_ts.l(istatus.o)
    0x0c00545c   0x00000008   Code   RO          517    x$fpl$ieeestatus    fz_ts.l(istatus.o)
    0x0c005464   0x00000004   Code   RO          374    x$fpl$printf1       fz_ts.l(printf1.o)
    0x0c005468   0x00000000   Code   RO          376    x$fpl$usenofp       fz_ts.l(usenofp.o)
    0x0c005468   0x0005dc00   Data   RO           47    .constdata          bmp_data.o
    0x0c063068   0x00000400   Data   RO           81    .constdata          ascii6x8.o
    0x0c063468   0x00001001   Data   RO           90    .constdata          ascii8x16.o
    0x0c064469   0x00000003   PAD
    0x0c06446c   0x00000008   Data   RO          288    .constdata          c_t.l(_printf_wctomb.o)
    0x0c064474   0x00000028   Data   RO          320    .constdata          c_t.l(_printf_hex_int_ll_ptr.o)
    0x0c06449c   0x00000011   Data   RO          340    .constdata          c_t.l(__printf_flags_ss_wp.o)
    0x0c0644ad   0x00000003   PAD
    0x0c0644b0   0x00000094   Data   RO          474    .constdata          c_t.l(bigflt0.o)
    0x0c064544   0x00000010   Data   RO          595    Region$$Table       anon$$obj.o
    0x0c064554   0x00000110   Data   RO          367    locale$$data        c_t.l(lc_ctype_c.o)
    0x0c064664   0x0000001c   Data   RO          498    locale$$data        c_t.l(lc_numeric_c.o)


    Execution Region RW_RAM1 (Base: 0x0c064680, Size: 0x00016c90, Max: 0xffffffff, ABSOLUTE)

    Base Addr    Size         Type   Attr      Idx    E Section Name        Object

    0x0c064680   0x00000004   Data   RW          100    .data               keyboard.o
    0x0c064684   0x00000004   Data   RW          119    .data               iic.o
    0x0c064688   0x00000015   Data   RW          134    .data               8led.o
    0x0c06469d   0x00000003   PAD
    0x0c0646a0   0x00000010   Data   RW          164    .data               44blib.o
    0x0c0646b0   0x00012c00   Zero   RW           57    .bss                lcd.o
    0x0c0772b0   0x00000060   Zero   RW          378    .bss                c_t.l(libspace.o)
    0x0c077310   0x00000000   Zero   RW          196    HEAP                s3c44b0x.o
    0x0c077310   0x00004000   Zero   RW          195    STACK               s3c44b0x.o


==============================================================================

Image component sizes


      Code (inc. data)   RO Data    RW Data    ZI Data      Debug   Object Name

      2280        128          0         16          0       5736   44blib.o
      1476          4          0         21          0       2358   8led.o
         0          0       1024          0          0        483   ascii6x8.o
         0          0       4097          0          0        484   ascii8x16.o
        76          4          0          0          0        505   bmp.o
         0          0     384000          0          0        465   bmp_data.o
       648         12          0          4          0       1578   iic.o
       960         60          0          4          0       1873   keyboard.o
      3596        108          0          0      76800       5435   lcd.o
       676        128          0          0          0       2924   main.o
      1532        340          0          0      16384        800   s3c44b0x.o
       752        108          0          0          0       1661   uhal.o

    ----------------------------------------------------------------------
     12068        916     389140         48      93184      24302   Object Totals
        72         24         16          0          0          0   (incl. Generated)
         0          0          3          3          0          0   (incl. Padding)

    ----------------------------------------------------------------------

      Code (inc. data)   RO Data    RW Data    ZI Data      Debug   Library Member Name

         8          0          0          0          0         68   __main.o
         2          0          0          0          0         60   __printf.o
       412          6         17          0          0         92   __printf_flags_ss_wp.o
        14          0          0          0          0         60   __printf_wp.o
        60          8          0          0          0          0   __scatter.o
        44          0          0          0          0          0   __scatter_zi.o
        30          0          0          0          0         60   _chval.o
         8          0          0          0          0          0   _printf_a.o
         8          0          0          0          0          0   _printf_c.o
        58          0          0          0          0        112   _printf_char.o
        48          4          0          0          0         96   _printf_char_common.o
        48          0          0          0          0         60   _printf_charcount.o
         8          0          0          0          0          0   _printf_d.o
       120         18          0          0          0         88   _printf_dec.o
         8          0          0          0          0          0   _printf_e.o
         8          0          0          0          0          0   _printf_f.o
      1056         14          0          0          0        188   _printf_fp_dec.o
       144         16          0          0          0         88   _printf_fp_infnan.o
         8          0          0          0          0          0   _printf_g.o
       168          4         40          0          0        176   _printf_hex_int_ll_ptr.o
         8          0          0          0          0          0   _printf_i.o
       186          0          0          0          0         96   _printf_intcommon.o
        12          0          0          0          0          0   _printf_l.o
         8          0          0          0          0          0   _printf_lc.o
        12          0          0          0          0          0   _printf_ll.o
         8          0          0          0          0          0   _printf_lld.o
         8          0          0          0          0          0   _printf_lli.o
         8          0          0          0          0          0   _printf_llo.o
         8          0          0          0          0          0   _printf_llu.o
         8          0          0          0          0          0   _printf_llx.o
       124         18          0          0          0         88   _printf_longlong_dec.o
         8          0          0          0          0          0   _printf_ls.o
         8          0          0          0          0          0   _printf_n.o
         8          0          0          0          0          0   _printf_o.o
       128         10          0          0          0        136   _printf_oct_int_ll.o
         8          0          0          0          0          0   _printf_p.o
        86          0          0          0          0        116   _printf_pad.o
         4          0          0          0          0          0   _printf_percent.o
         8          0          0          0          0          0   _printf_percent_end.o
         8          0          0          0          0          0   _printf_s.o
        88          0          0          0          0         84   _printf_str.o
        44          0          0          0          0         76   _printf_truncate.o
         8          0          0          0          0          0   _printf_u.o
        58          0          0          0          0        112   _printf_wchar.o
       194          4          8          0          0        156   _printf_wctomb.o
         8          0          0          0          0          0   _printf_x.o
        10          0          0          0          0         60   _sputc.o
       172          0          0          0          0         96   _strtoul.o
        76          0          0          0          0        148   _wcrtomb.o
       388          0          0          0          0         80   aeabi_sdiv.o
        38          0          0          0          0         84   atoi.o
       216          6        148          0          0         96   bigflt0.o
      2040        128          0          0          0        692   btod.o
        48          4          0          0          0         80   c89vsprintf.o
        12          0          0          0          0         64   exit.o
         6          0          0          0          0        136   heapauxi.o
         0          0          0          0          0          0   indicate_semi.o
        84          8        272          0          0         92   lc_ctype_c.o
        84          8         28          0          0         92   lc_numeric_c.o
        10          0          0          0          0          0   libinit.o
        40          0          0          0          0          0   libinit2.o
        12          0          0          0          0          0   libshutdown.o
         6          0          0          0          0          0   libshutdown2.o
        12          4          0          0         96         68   libspace.o
       164          0          0          0          0         96   lludiv10.o
        28          4          0          0          0         84   rt_ctype_table.o
        16          4          0          0          0         68   rt_errno_addr_intlibspace.o
        16          4          0          0          0         68   rt_locale_intlibspace.o
         0          0          0          0          0          0   rtentry.o
        44          4          0          0          0          0   rtentry2.o
         8          0          0          0          0          0   rtentry4.o
         8          0          0          0          0          0   rtexit.o
        12          0          0          0          0          0   rtexit2.o
        48          0          0          0          0         68   rtudiv10.o
       160          4          0          0          0         80   strcmp.o
        76          4          0          0          0         76   strlen.o
       116          4          0          0          0         92   strtol.o
        20          4          0          0          0         60   sys_exit.o
        96          0          0          0          0         80   sys_stackheap_outer.o
         4          0          0          0          0         68   use_no_semi.o
       920         16          0          0          0        292   daddsub_noclz.o
       736        140          0          0          0        228   ddiv.o
       112          4          0          0          0         92   dfix.o
        88          0          0          0          0         68   dflt_noclz.o
       192          0          0          0          0        108   dnaninf.o
        16          0          0          0          0         68   dretinf.o
        12          0          0          0          0         68   istatus.o
         4          0          0          0          0         68   printf1.o
         0          0          0          0          0          0   usenofp.o
        52          0          0          0          0         68   fpclassify.o

    ----------------------------------------------------------------------
      9540        452        516          0         96       5700   Library Totals
        22          0          3          0          0          0   (incl. Padding)

    ----------------------------------------------------------------------

      Code (inc. data)   RO Data    RW Data    ZI Data      Debug   Library Name

      7386        292        513          0         96       4640   c_t.l
      2080        160          0          0          0        992   fz_ts.l
        52          0          0          0          0         68   m_ts.l

    ----------------------------------------------------------------------
      9540        452        516          0         96       5700   Library Totals

    ----------------------------------------------------------------------

==============================================================================


      Code (inc. data)   RO Data    RW Data    ZI Data      Debug   

     21608       1368     389656         48      93280      26358   Grand Totals
     21608       1368     389656         48      93280      26358   ELF Image Totals
     21608       1368     389656         48          0          0   ROM Totals

==============================================================================

    Total RO  Size (Code + RO Data)               411264 ( 401.63kB)
    Total RW  Size (RW Data + ZI Data)             93328 (  91.14kB)
    Total ROM Size (Code + RO Data + RW Data)     411312 ( 401.67kB)

==============================================================================

