ARM Linker, 5.03 [Build 76] [MDK-ARM Standard]

==============================================================================

Section Cross References

    main.o(.text) refers to 44blib.o(.text) for sys_init
    main.o(.text) refers to keyboard.o(.text) for keyboard_test
    8led.o(.text) refers to iic.o(.text) for iic_init
    8led.o(.text) refers to aeabi_sdiv.o(.text) for __aeabi_idivmod
    8led.o(.text) refers to 44blib.o(.text) for delay
    8led.o(.text) refers to 8led.o(.data) for f_szDigital
    iic.o(.text) refers to iic.o(.data) for f_nGetACK
    keyboard.o(.text) refers to iic.o(.text) for iic_init
    keyboard.o(.text) refers to 44blib.o(.text) for uart_printf
    keyboard.o(.text) refers to 8led.o(.text) for led8_disp
    keyboard.o(.text) refers to keyboard.o(.data) for f_nKeyPress
    keyboard.o(.text) refers to 8led.o(.data) for f_szDigital
    uhal.o(.text) refers to 44blib.o(.text) for timer_start
    44blib.o(.text) refers to aeabi_sdiv.o(.text) for __aeabi_idivmod
    44blib.o(.text) refers to dflt_noclz.o(x$fpl$dflt) for __aeabi_i2d
    44blib.o(.text) refers to ddiv.o(x$fpl$ddiv) for __aeabi_ddiv
    44blib.o(.text) refers to daddsub_noclz.o(x$fpl$dadd) for __aeabi_dadd
    44blib.o(.text) refers to dfix.o(x$fpl$dfix) for __aeabi_d2iz
    44blib.o(.text) refers to c89vsprintf.o(.text) for __c89vsprintf
    44blib.o(.text) refers to strlen.o(.text) for strlen
    44blib.o(.text) refers to atoi.o(.text) for atoi
    44blib.o(.text) refers to rt_ctype_table.o(.text) for __rt_ctype_table
    44blib.o(.text) refers to 44blib.o(.data) for f_nDelayLoopCount
    44blib.o(.text) refers to uhal.o(.text) for uhal_init_interrupts
    s3c44b0x.o(STACK) refers (Special) to heapauxi.o(.text) for __use_two_region_memory
    s3c44b0x.o(HEAP) refers (Special) to heapauxi.o(.text) for __use_two_region_memory
    s3c44b0x.o(RESET) refers (Special) to heapauxi.o(.text) for __use_two_region_memory
    s3c44b0x.o(RESET) refers to s3c44b0x.o(STACK) for Stack_Top
    s3c44b0x.o(RESET) refers to __main.o(!!!main) for __main
    s3c44b0x.o(.text) refers (Special) to heapauxi.o(.text) for __use_two_region_memory
    s3c44b0x.o(.text) refers to s3c44b0x.o(HEAP) for Heap_Mem
    s3c44b0x.o(.text) refers to s3c44b0x.o(STACK) for Stack_Mem
    rt_ctype_table.o(.text) refers to rt_locale_intlibspace.o(.text) for __rt_locale
    rt_ctype_table.o(.text) refers to lc_ctype_c.o(locale$$code) for _get_lc_ctype
    c89vsprintf.o(.text) refers (Special) to _printf_a.o(.ARM.Collect$$_printf_percent$$00000006) for _printf_a
    c89vsprintf.o(.text) refers (Special) to _printf_c.o(.ARM.Collect$$_printf_percent$$00000013) for _printf_c
    c89vsprintf.o(.text) refers (Special) to _printf_charcount.o(.text) for _printf_charcount
    c89vsprintf.o(.text) refers (Special) to _printf_d.o(.ARM.Collect$$_printf_percent$$00000009) for _printf_d
    c89vsprintf.o(.text) refers (Special) to _printf_e.o(.ARM.Collect$$_printf_percent$$00000004) for _printf_e
    c89vsprintf.o(.text) refers (Special) to _printf_f.o(.ARM.Collect$$_printf_percent$$00000003) for _printf_f
    c89vsprintf.o(.text) refers (Special) to printf1.o(x$fpl$printf1) for _printf_fp_dec
    c89vsprintf.o(.text) refers (Special) to _printf_g.o(.ARM.Collect$$_printf_percent$$00000005) for _printf_g
    c89vsprintf.o(.text) refers (Special) to _printf_i.o(.ARM.Collect$$_printf_percent$$00000008) for _printf_i
    c89vsprintf.o(.text) refers (Special) to _printf_dec.o(.text) for _printf_int_dec
    c89vsprintf.o(.text) refers (Special) to _printf_l.o(.ARM.Collect$$_printf_percent$$00000012) for _printf_l
    c89vsprintf.o(.text) refers (Special) to _printf_lc.o(.ARM.Collect$$_printf_percent$$00000015) for _printf_lc
    c89vsprintf.o(.text) refers (Special) to _printf_ll.o(.ARM.Collect$$_printf_percent$$00000007) for _printf_ll
    c89vsprintf.o(.text) refers (Special) to _printf_lld.o(.ARM.Collect$$_printf_percent$$0000000E) for _printf_lld
    c89vsprintf.o(.text) refers (Special) to _printf_lli.o(.ARM.Collect$$_printf_percent$$0000000D) for _printf_lli
    c89vsprintf.o(.text) refers (Special) to _printf_llo.o(.ARM.Collect$$_printf_percent$$00000010) for _printf_llo
    c89vsprintf.o(.text) refers (Special) to _printf_llu.o(.ARM.Collect$$_printf_percent$$0000000F) for _printf_llu
    c89vsprintf.o(.text) refers (Special) to _printf_llx.o(.ARM.Collect$$_printf_percent$$00000011) for _printf_llx
    c89vsprintf.o(.text) refers (Special) to _printf_longlong_dec.o(.text) for _printf_longlong_dec
    c89vsprintf.o(.text) refers (Special) to _printf_hex_int_ll_ptr.o(.text) for _printf_longlong_hex
    c89vsprintf.o(.text) refers (Special) to _printf_oct_int_ll.o(.text) for _printf_longlong_oct
    c89vsprintf.o(.text) refers (Special) to _printf_ls.o(.ARM.Collect$$_printf_percent$$00000016) for _printf_ls
    c89vsprintf.o(.text) refers (Special) to _printf_n.o(.ARM.Collect$$_printf_percent$$00000001) for _printf_n
[...]
    ../clib/angel/startup.s                  0x00000000   Number         0  __main.o ABSOLUTE
    ../clib/angel/sys.s                      0x00000000   Number         0  indicate_semi.o ABSOLUTE
    ../clib/angel/sys.s                      0x00000000   Number         0  libspace.o ABSOLUTE
    ../clib/angel/sys.s                      0x00000000   Number         0  use_no_semi.o ABSOLUTE
    ../clib/angel/sys.s                      0x00000000   Number         0  sys_stackheap_outer.o ABSOLUTE
    ../clib/angel/sysapp.c                   0x00000000   Number         0  sys_wrch.o ABSOLUTE
    ../clib/angel/sysapp.c                   0x00000000   Number         0  sys_command.o ABSOLUTE
    ../clib/angel/sysapp.c                   0x00000000   Number         0  sys_exit.o ABSOLUTE
    ../clib/armsys.c                         0x00000000   Number         0  argv_veneer.o ABSOLUTE
    ../clib/armsys.c                         0x00000000   Number         0  _get_argv_nomalloc.o ABSOLUTE
    ../clib/armsys.c                         0x00000000   Number         0  no_argv.o ABSOLUTE
    ../clib/armsys.c                         0x00000000   Number         0  argv_veneer.o ABSOLUTE
    ../clib/bigflt.c                         0x00000000   Number         0  bigflt0.o ABSOLUTE
    ../clib/btod.s                           0x00000000   Number         0  btod.o ABSOLUTE
    ../clib/division.s                       0x00000000   Number         0  aeabi_sdiv.o ABSOLUTE
    ../clib/division.s                       0x00000000   Number         0  rtudiv10.o ABSOLUTE
    ../clib/division.s                       0x00000000   Number         0  aeabi_sdiv_div0.o ABSOLUTE
    ../clib/divrt.s                          0x00000000   Number         0  divrt_7tdmi.o ABSOLUTE
    ../clib/divrt.s                          0x00000000   Number         0  divrt_7tdmi_div0.o ABSOLUTE
    ../clib/heapalloc.c                      0x00000000   Number         0  hrguard.o ABSOLUTE
    ../clib/heapaux.c                        0x00000000   Number         0  heapauxi.o ABSOLUTE
    ../clib/libinit.s                        0x00000000   Number         0  libinit.o ABSOLUTE
    ../clib/libinit.s                        0x00000000   Number         0  libinit2.o ABSOLUTE
    ../clib/libinit.s                        0x00000000   Number         0  libshutdown2.o ABSOLUTE
    ../clib/libinit.s                        0x00000000   Number         0  libshutdown.o ABSOLUTE
    ../clib/locale.c                         0x00000000   Number         0  _wcrtomb.o ABSOLUTE
    ../clib/locale.s                         0x00000000   Number         0  lc_ctype_c.o ABSOLUTE
    ../clib/locale.s                         0x00000000   Number         0  lc_numeric_c.o ABSOLUTE
    ../clib/longlong.s                       0x00000000   Number         0  lludiv10.o ABSOLUTE
    ../clib/memcpset.s                       0x00000000   Number         0  strcmp.o ABSOLUTE
    ../clib/misc.s                           0x00000000   Number         0  printf_stubs.o ABSOLUTE
    ../clib/printf.c                         0x00000000   Number         0  _printf_fp_infnan.o ABSOLUTE
    ../clib/printf.c                         0x00000000   Number         0  _printf_longlong_dec.o ABSOLUTE
    ../clib/printf.c                         0x00000000   Number         0  _printf_oct_ll.o ABSOLUTE
    ../clib/printf.c                         0x00000000   Number         0  _printf_oct_int.o ABSOLUTE
    ../clib/printf.c                         0x00000000   Number         0  _printf_oct_int_ll.o ABSOLUTE
    ../clib/printf.c                         0x00000000   Number         0  _printf_hex_ll.o ABSOLUTE
    ../clib/printf.c                         0x00000000   Number         0  _printf_hex_int.o ABSOLUTE
    ../clib/printf.c                         0x00000000   Number         0  _printf_hex_int_ll.o ABSOLUTE
    ../clib/printf.c                         0x00000000   Number         0  _printf_hex_ptr.o ABSOLUTE
    ../clib/printf.c                         0x00000000   Number         0  _printf_hex_ll_ptr.o ABSOLUTE
    ../clib/printf.c                         0x00000000   Number         0  _printf_hex_int_ll_ptr.o ABSOLUTE
    ../clib/printf.c                         0x00000000   Number         0  _printf_wchar.o ABSOLUTE
    ../clib/printf.c                         0x00000000   Number         0  _printf_intcommon.o ABSOLUTE
    ../clib/printf.c                         0x00000000   Number         0  _printf_char.o ABSOLUTE
    ../clib/printf.c                         0x00000000   Number         0  __printf_flags.o ABSOLUTE
    ../clib/printf.c                         0x00000000   Number         0  __printf_ss.o ABSOLUTE
    ../clib/printf.c                         0x00000000   Number         0  __printf_flags_ss.o ABSOLUTE
    ../clib/printf.c                         0x00000000   Number         0  __printf_wp.o ABSOLUTE
    ../clib/printf.c                         0x00000000   Number         0  __printf_nopercent.o ABSOLUTE
    ../clib/printf.c                         0x00000000   Number         0  __printf_flags_wp.o ABSOLUTE
    ../clib/printf.c                         0x00000000   Number         0  __printf_ss_wp.o ABSOLUTE
    ../clib/printf.c                         0x00000000   Number         0  __printf_flags_ss_wp.o ABSOLUTE
    ../clib/printf.c                         0x00000000   Number         0  _printf_fp_dec.o ABSOLUTE
    ../clib/printf.c                         0x00000000   Number         0  _printf_hex_int_ptr.o ABSOLUTE
    ../clib/printf.c                         0x00000000   Number         0  _sputc.o ABSOLUTE
    ../clib/printf.c                         0x00000000   Number         0  c89vsprintf.o ABSOLUTE
    ../clib/printf.c                         0x00000000   Number         0  __printf.o ABSOLUTE
    ../clib/printf.c                         0x00000000   Number         0  _printf_pad.o ABSOLUTE
    ../clib/printf.c                         0x00000000   Number         0  _printf_truncate.o ABSOLUTE
    ../clib/printf.c                         0x00000000   Number         0  _printf_str.o ABSOLUTE
    ../clib/printf.c                         0x00000000   Number         0  _printf_dec.o ABSOLUTE
    ../clib/printf.c                         0x00000000   Number         0  _printf_charcount.o ABSOLUTE
    ../clib/printf.c                         0x00000000   Number         0  _printf_char_common.o ABSOLUTE
    ../clib/printf.c                         0x00000000   Number         0  _printf_wctomb.o ABSOLUTE
    ../clib/printf_percent.s                 0x00000000   Number         0  _printf_c.o ABSOLUTE
    ../clib/printf_percent.s                 0x00000000   Number         0  _printf_ll.o ABSOLUTE
    ../clib/printf_percent.s                 0x00000000   Number         0  _printf_s.o ABSOLUTE
    ../clib/printf_percent.s                 0x00000000   Number         0  _printf_a.o ABSOLUTE
    ../clib/printf_percent.s                 0x00000000   Number         0  _printf_n.o ABSOLUTE
    ../clib/printf_percent.s                 0x00000000   Number         0  _printf_percent_end.o ABSOLUTE
    ../clib/printf_percent.s                 0x00000000   Number         0  _printf_x.o ABSOLUTE
    ../clib/printf_percent.s                 0x00000000   Number         0  _printf_d.o ABSOLUTE
    ../clib/printf_percent.s                 0x00000000   Number         0  _printf_llu.o ABSOLUTE
    ../clib/printf_percent.s                 0x00000000   Number         0  _printf_p.o ABSOLUTE
    ../clib/printf_percent.s                 0x00000000   Number         0  _printf_l.o ABSOLUTE
    ../clib/printf_percent.s                 0x00000000   Number         0  _printf_o.o ABSOLUTE
    ../clib/printf_percent.s                 0x00000000   Number         0  _printf_i.o ABSOLUTE
    ../clib/printf_percent.s                 0x00000000   Number         0  _printf_ls.o ABSOLUTE
    ../clib/printf_percent.s                 0x00000000   Number         0  _printf_lc.o ABSOLUTE
    ../clib/printf_percent.s                 0x00000000   Number         0  _printf_u.o ABSOLUTE
    ../clib/printf_percent.s                 0x00000000   Number         0  _printf_f.o ABSOLUTE
    ../clib/printf_percent.s                 0x00000000   Number         0  _printf_e.o ABSOLUTE
    ../clib/printf_percent.s                 0x00000000   Number         0  _printf_llx.o ABSOLUTE
    ../clib/printf_percent.s                 0x00000000   Number         0  _printf_g.o ABSOLUTE
    ../clib/printf_percent.s                 0x00000000   Number         0  _printf_llo.o ABSOLUTE
    ../clib/printf_percent.s                 0x00000000   Number         0  _printf_percent.o ABSOLUTE
    ../clib/printf_percent.s                 0x00000000   Number         0  _printf_lld.o ABSOLUTE
    ../clib/printf_percent.s                 0x00000000   Number         0  _printf_lli.o ABSOLUTE
    ../clib/scanf.c                          0x00000000   Number         0  _strtoul.o ABSOLUTE
    ../clib/scanf.c                          0x00000000   Number         0  atoi.o ABSOLUTE
    ../clib/scanf.c                          0x00000000   Number         0  strtol.o ABSOLUTE
    ../clib/scanf.c                          0x00000000   Number         0  _chval.o ABSOLUTE
    ../clib/signal.c                         0x00000000   Number         0  defsig_rtmem_outer.o ABSOLUTE
    ../clib/signal.c                         0x00000000   Number         0  defsig_rtmem_formal.o ABSOLUTE
    ../clib/signal.c                         0x00000000   Number         0  defsig_segv_inner.o ABSOLUTE
    ../clib/signal.c                         0x00000000   Number         0  defsig_other.o ABSOLUTE
    ../clib/signal.c                         0x00000000   Number         0  defsig_abrt_inner.o ABSOLUTE
    ../clib/signal.c                         0x00000000   Number         0  defsig_rtmem_inner.o ABSOLUTE
    ../clib/signal.c                         0x00000000   Number         0  defsig_rtred_inner.o ABSOLUTE
    ../clib/signal.c                         0x00000000   Number         0  defsig_stak_inner.o ABSOLUTE
    ../clib/signal.c                         0x00000000   Number         0  __raise.o ABSOLUTE
    ../clib/signal.c                         0x00000000   Number         0  defsig_pvfn_inner.o ABSOLUTE
    ../clib/signal.c                         0x00000000   Number         0  defsig_general.o ABSOLUTE
    ../clib/signal.c                         0x00000000   Number         0  defsig_fpe_inner.o ABSOLUTE
    ../clib/signal.c                         0x00000000   Number         0  defsig_cppl_inner.o ABSOLUTE
    ../clib/signal.c                         0x00000000   Number         0  defsig_exit.o ABSOLUTE
    ../clib/signal.c                         0x00000000   Number         0  defsig_fpe_formal.o ABSOLUTE
    ../clib/signal.c                         0x00000000   Number         0  defsig_fpe_outer.o ABSOLUTE
    ../clib/signal.s                         0x00000000   Number         0  defsig.o ABSOLUTE
    ../clib/stdlib.c                         0x00000000   Number         0  exit.o ABSOLUTE
    ../clib/string.c                         0x00000000   Number         0  strlen.o ABSOLUTE
    ../fplib/daddsub.s                       0x00000000   Number         0  daddsub_noclz.o ABSOLUTE
    ../fplib/ddiv.s                          0x00000000   Number         0  ddiv.o ABSOLUTE
    ../fplib/dfix.s                          0x00000000   Number         0  dfix.o ABSOLUTE
    ../fplib/dflt.s                          0x00000000   Number         0  dflt_noclz.o ABSOLUTE
    ../fplib/dnaninf.s                       0x00000000   Number         0  dnaninf.o ABSOLUTE
    ../fplib/dretinf.s                       0x00000000   Number         0  dretinf.o ABSOLUTE
    ../fplib/fpinit.s                        0x00000000   Number         0  fpinit.o ABSOLUTE
    ../fplib/istatus.s                       0x00000000   Number         0  istatus.o ABSOLUTE
    ../fplib/printf1.s                       0x00000000   Number         0  printf1.o ABSOLUTE
    ../fplib/usenofp.s                       0x00000000   Number         0  usenofp.o ABSOLUTE
    ../mathlib/fpclassify.c                  0x00000000   Number         0  fpclassify.o ABSOLUTE
    ..\common\src\44blib.c                   0x00000000   Number         0  44blib.o ABSOLUTE
    ..\common\src\S3C44B0X.s                 0x00000000   Number         0  s3c44b0x.o ABSOLUTE
    ..\common\src\uhal.c                     0x00000000   Number         0  uhal.o ABSOLUTE
    8led.c                                   0x00000000   Number         0  8led.o ABSOLUTE
    dc.s                                     0x00000000   Number         0  dc.o ABSOLUTE
    iic.c                                    0x00000000   Number         0  iic.o ABSOLUTE
    keyboard.c                               0x00000000   Number         0  keyboard.o ABSOLUTE
    main.c                                   0x00000000   Number         0  main.o ABSOLUTE
    RESET                                    0x0c000000   Section     1500  s3c44b0x.o(RESET)
    HandlerIRQ                               0x0c0000dc   ARM Code       0  s3c44b0x.o(RESET)
    HandlerADC                               0x0c000154   ARM Code       0  s3c44b0x.o(RESET)
    HandlerRTC                               0x0c00016c   ARM Code       0  s3c44b0x.o(RESET)
    HandlerUTXD1                             0x0c000184   ARM Code       0  s3c44b0x.o(RESET)
    HandlerUTXD0                             0x0c00019c   ARM Code       0  s3c44b0x.o(RESET)
    HandlerSIO                               0x0c0001b4   ARM Code       0  s3c44b0x.o(RESET)
    HandlerIIC                               0x0c0001cc   ARM Code       0  s3c44b0x.o(RESET)
    HandlerURXD1                             0x0c0001e4   ARM Code       0  s3c44b0x.o(RESET)
    HandlerURXD0                             0x0c0001fc   ARM Code       0  s3c44b0x.o(RESET)
    HandlerTIMER5                            0x0c000214   ARM Code       0  s3c44b0x.o(RESET)
    HandlerTIMER4                            0x0c00022c   ARM Code       0  s3c44b0x.o(RESET)
    HandlerTIMER3                            0x0c000244   ARM Code       0  s3c44b0x.o(RESET)
    HandlerTIMER2                            0x0c00025c   ARM Code       0  s3c44b0x.o(RESET)
    HandlerTIMER1                            0x0c000274   ARM Code       0  s3c44b0x.o(RESET)
    HandlerTIMER0                            0x0c00028c   ARM Code       0  s3c44b0x.o(RESET)
    HandlerUERR01                            0x0c0002a4   ARM Code       0  s3c44b0x.o(RESET)
    HandlerWDT                               0x0c0002bc   ARM Code       0  s3c44b0x.o(RESET)
    HandlerBDMA1                             0x0c0002d4   ARM Code       0  s3c44b0x.o(RESET)
    HandlerBDMA0                             0x0c0002ec   ARM Code       0  s3c44b0x.o(RESET)
    HandlerZDMA1                             0x0c000304   ARM Code       0  s3c44b0x.o(RESET)
    HandlerZDMA0                             0x0c00031c   ARM Code       0  s3c44b0x.o(RESET)
    HandlerTICK                              0x0c000334   ARM Code       0  s3c44b0x.o(RESET)
    HandlerEINT4567                          0x0c00034c   ARM Code       0  s3c44b0x.o(RESET)
    HandlerEINT3                             0x0c000364   ARM Code       0  s3c44b0x.o(RESET)
    HandlerEINT2                             0x0c00037c   ARM Code       0  s3c44b0x.o(RESET)
    HandlerEINT1                             0x0c000394   ARM Code       0  s3c44b0x.o(RESET)
    HandlerEINT0                             0x0c0003ac   ARM Code       0  s3c44b0x.o(RESET)
    IsrIRQ                                   0x0c0003c4   ARM Code       0  s3c44b0x.o(RESET)
    !!!main                                  0x0c0005dc   Section        8  __main.o(!!!main)
    !!!scatter                               0x0c0005e4   Section       60  __scatter.o(!!!scatter)
    !!handler_zi                             0x0c000620   Section       44  __scatter_zi.o(!!handler_zi)
    .ARM.Collect$$_printf_percent$$00000000  0x0c000650   Section        0  _printf_percent.o(.ARM.Collect$$_printf_percent$$00000000)
    .ARM.Collect$$_printf_percent$$00000001  0x0c000650   Section        8  _printf_n.o(.ARM.Collect$$_printf_percent$$00000001)
    .ARM.Collect$$_printf_percent$$00000002  0x0c000658   Section        8  _printf_p.o(.ARM.Collect$$_printf_percent$$00000002)
    .ARM.Collect$$_printf_percent$$00000003  0x0c000660   Section        8  _printf_f.o(.ARM.Collect$$_printf_percent$$00000003)
    .ARM.Collect$$_printf_percent$$00000004  0x0c000668   Section        8  _printf_e.o(.ARM.Collect$$_printf_percent$$00000004)
    .ARM.Collect$$_printf_percent$$00000005  0x0c000670   Section        8  _printf_g.o(.ARM.Collect$$_printf_percent$$00000005)
    .ARM.Collect$$_printf_percent$$00000006  0x0c000678   Section        8  _printf_a.o(.ARM.Collect$$_printf_percent$$00000006)
    .ARM.Collect$$_printf_percent$$00000007  0x0c000680   Section       12  _printf_ll.o(.ARM.Collect$$_printf_percent$$00000007)
    .ARM.Collect$$_printf_percent$$00000008  0x0c00068c   Section        8  _printf_i.o(.ARM.Collect$$_printf_percent$$00000008)
    .ARM.Collect$$_printf_percent$$00000009  0x0c000694   Section        8  _printf_d.o(.ARM.Collect$$_printf_percent$$00000009)
    .ARM.Collect$$_printf_percent$$0000000A  0x0c00069c   Section        8  _printf_u.o(.ARM.Collect$$_printf_percent$$0000000A)
    .ARM.Collect$$_printf_percent$$0000000B  0x0c0006a4   Section        8  _printf_o.o(.ARM.Collect$$_printf_percent$$0000000B)
    .ARM.Collect$$_printf_percent$$0000000C  0x0c0006ac   Section        8  _printf_x.o(.ARM.Collect$$_printf_percent$$0000000C)
    .ARM.Collect$$_printf_percent$$0000000D  0x0c0006b4   Section        8  _printf_lli.o(.ARM.Collect$$_printf_percent$$0000000D)
    .ARM.Collect$$_printf_percent$$0000000E  0x0c0006bc   Section        8  _printf_lld.o(.ARM.Collect$$_printf_percent$$0000000E)
    .ARM.Collect$$_printf_percent$$0000000F  0x0c0006c4   Section        8  _printf_llu.o(.ARM.Collect$$_printf_percent$$0000000F)
    .ARM.Collect$$_printf_percent$$00000010  0x0c0006cc   Section        8  _printf_llo.o(.ARM.Collect$$_printf_percent$$00000010)
    .ARM.Collect$$_printf_percent$$00000011  0x0c0006d4   Section        8  _printf_llx.o(.ARM.Collect$$_printf_percent$$00000011)
    .ARM.Collect$$_printf_percent$$00000012  0x0c0006dc   Section       12  _printf_l.o(.ARM.Collect$$_printf_percent$$00000012)
    .ARM.Collect$$_printf_percent$$00000013  0x0c0006e8   Section        8  _printf_c.o(.ARM.Collect$$_printf_percent$$00000013)
    .ARM.Collect$$_printf_percent$$00000014  0x0c0006f0   Section        8  _printf_s.o(.ARM.Collect$$_printf_percent$$00000014)
    .ARM.Collect$$_printf_percent$$00000015  0x0c0006f8   Section        8  _printf_lc.o(.ARM.Collect$$_printf_percent$$00000015)
    .ARM.Collect$$_printf_percent$$00000016  0x0c000700   Section        8  _printf_ls.o(.ARM.Collect$$_printf_percent$$00000016)
    .ARM.Collect$$_printf_percent$$00000017  0x0c000708   Section        8  _printf_percent_end.o(.ARM.Collect$$_printf_percent$$00000017)
    .ARM.Collect$$libinit$$00000000          0x0c000718   Section        2  libinit.o(.ARM.Collect$$libinit$$00000000)
    .ARM.Collect$$libinit$$00000002          0x0c00071a   Section        0  libinit2.o(.ARM.Collect$$libinit$$00000002)
    .ARM.Collect$$libinit$$00000008          0x0c00071a   Section        0  libinit2.o(.ARM.Collect$$libinit$$00000008)
    .ARM.Collect$$libinit$$0000000A          0x0c00071a   Section        0  libinit2.o(.ARM.Collect$$libinit$$0000000A)
    .ARM.Collect$$libinit$$0000000C          0x0c00071a   Section        0  libinit2.o(.ARM.Collect$$libinit$$0000000C)
    .ARM.Collect$$libinit$$0000000D          0x0c00071a   Section        6  libinit2.o(.ARM.Collect$$libinit$$0000000D)
    .ARM.Collect$$libinit$$0000000F          0x0c000720   Section        0  libinit2.o(.ARM.Collect$$libinit$$0000000F)
    .ARM.Collect$$libinit$$00000010          0x0c000720   Section       12  libinit2.o(.ARM.Collect$$libinit$$00000010)
    .ARM.Collect$$libinit$$00000011          0x0c00072c   Section        0  libinit2.o(.ARM.Collect$$libinit$$00000011)
    .ARM.Collect$$libinit$$00000013          0x0c00072c   Section        0  libinit2.o(.ARM.Collect$$libinit$$00000013)
    .ARM.Collect$$libinit$$00000014          0x0c00072c   Section       10  libinit2.o(.ARM.Collect$$libinit$$00000014)
    .ARM.Collect$$libinit$$00000015          0x0c000736   Section        0  libinit2.o(.ARM.Collect$$libinit$$00000015)
    .ARM.Collect$$libinit$$00000017          0x0c000736   Section        0  libinit2.o(.ARM.Collect$$libinit$$00000017)
    .ARM.Collect$$libinit$$00000019          0x0c000736   Section        0  libinit2.o(.ARM.Collect$$libinit$$00000019)
    .ARM.Collect$$libinit$$0000001B          0x0c000736   Section        0  libinit2.o(.ARM.Collect$$libinit$$0000001B)
    .ARM.Collect$$libinit$$0000001D          0x0c000736   Section        0  libinit2.o(.ARM.Collect$$libinit$$0000001D)
    .ARM.Collect$$libinit$$0000001F          0x0c000736   Section        0  libinit2.o(.ARM.Collect$$libinit$$0000001F)
    .ARM.Collect$$libinit$$00000021          0x0c000736   Section        0  libinit2.o(.ARM.Collect$$libinit$$00000021)
    .ARM.Collect$$libinit$$00000023          0x0c000736   Section        0  libinit2.o(.ARM.Collect$$libinit$$00000023)
    .ARM.Collect$$libinit$$0000002A          0x0c000736   Section        0  libinit2.o(.ARM.Collect$$libinit$$0000002A)
    .ARM.Collect$$libinit$$0000002C          0x0c000736   Section        0  libinit2.o(.ARM.Collect$$libinit$$0000002C)
    .ARM.Collect$$libinit$$0000002E          0x0c000736   Section        0  libinit2.o(.ARM.Collect$$libinit$$0000002E)
    .ARM.Collect$$libinit$$00000030          0x0c000736   Section        0  libinit2.o(.ARM.Collect$$libinit$$00000030)
    .ARM.Collect$$libinit$$00000031          0x0c000736   Section       12  libinit2.o(.ARM.Collect$$libinit$$00000031)
    .ARM.Collect$$libshutdown$$00000000      0x0c00074c   Section        4  libshutdown.o(.ARM.Collect$$libshutdown$$00000000)
    .ARM.Collect$$libshutdown$$00000003      0x0c000750   Section        0  libshutdown2.o(.ARM.Collect$$libshutdown$$00000003)
    .ARM.Collect$$libshutdown$$00000006      0x0c000750   Section        0  libshutdown2.o(.ARM.Collect$$libshutdown$$00000006)
    .ARM.Collect$$libshutdown$$00000009      0x0c000750   Section        0  libshutdown2.o(.ARM.Collect$$libshutdown$$00000009)
    .ARM.Collect$$libshutdown$$0000000B      0x0c000750   Section        0  libshutdown2.o(.ARM.Collect$$libshutdown$$0000000B)
    .ARM.Collect$$libshutdown$$0000000E      0x0c000750   Section        0  libshutdown2.o(.ARM.Collect$$libshutdown$$0000000E)
    .ARM.Collect$$libshutdown$$0000000F      0x0c000750   Section        6  libshutdown2.o(.ARM.Collect$$libshutdown$$0000000F)
    .ARM.Collect$$rtentry$$00000000          0x0c000758   Section        0  rtentry.o(.ARM.Collect$$rtentry$$00000000)
    .ARM.Collect$$rtentry$$00000002          0x0c000758   Section        0  rtentry2.o(.ARM.Collect$$rtentry$$00000002)
    .ARM.Collect$$rtentry$$00000004          0x0c000758   Section        8  rtentry4.o(.ARM.Collect$$rtentry$$00000004)
    .ARM.Collect$$rtentry$$00000009          0x0c000760   Section        0  rtentry2.o(.ARM.Collect$$rtentry$$00000009)
    .ARM.Collect$$rtentry$$0000000A          0x0c000760   Section        4  rtentry2.o(.ARM.Collect$$rtentry$$0000000A)
    .ARM.Collect$$rtentry$$0000000C          0x0c000764   Section        0  rtentry2.o(.ARM.Collect$$rtentry$$0000000C)
    .ARM.Collect$$rtentry$$0000000D          0x0c000764   Section       40  rtentry2.o(.ARM.Collect$$rtentry$$0000000D)
    .ARM.Collect$$rtexit$$00000000           0x0c000790   Section        4  rtexit.o(.ARM.Collect$$rtexit$$00000000)
    .ARM.Collect$$rtexit$$00000002           0x0c000794   Section        0  rtexit2.o(.ARM.Collect$$rtexit$$00000002)
    .ARM.Collect$$rtexit$$00000003           0x0c000794   Section        4  rtexit2.o(.ARM.Collect$$rtexit$$00000003)
    .ARM.Collect$$rtexit$$00000004           0x0c000798   Section        8  rtexit2.o(.ARM.Collect$$rtexit$$00000004)
    .text                                    0x0c0007a0   Section        0  main.o(.text)
    .text                                    0x0c000808   Section        0  8led.o(.text)
    .text                                    0x0c000dcc   Section        0  iic.o(.text)
    .text                                    0x0c001054   Section        0  keyboard.o(.text)
    .text                                    0x0c001400   Section        0  uhal.o(.text)
    .text                                    0x0c0016f0   Section        0  44blib.o(.text)
    .text                                    0x0c001fd8   Section       32  s3c44b0x.o(.text)
    .text                                    0x0c001ffc   Section       24  rt_ctype_table.o(.text)
    .text                                    0x0c00201c   Section        0  c89vsprintf.o(.text)
    .text                                    0x0c00204c   Section        0  atoi.o(.text)
    .text                                    0x0c002074   Section        0  strlen.o(.text)
    .text                                    0x0c0020bc   Section      384  aeabi_sdiv.o(.text)
    __arm_div8                               0x0c0020e8   ARM Code       0  aeabi_sdiv.o(.text)
    __arm_div5                               0x0c00210c   ARM Code       0  aeabi_sdiv.o(.text)
    __arm_div2                               0x0c002130   ARM Code       0  aeabi_sdiv.o(.text)
    __arm_div_large                          0x0c00216c   ARM Code       0  aeabi_sdiv.o(.text)
    .text                                    0x0c00223c   Section        0  heapauxi.o(.text)
    .text                                    0x0c002248   Section       12  rt_locale_intlibspace.o(.text)
    .text                                    0x0c002258   Section       12  rt_errno_addr_intlibspace.o(.text)
    .text                                    0x0c002264   Section        0  _printf_pad.o(.text)
    .text                                    0x0c0022ba   Section        0  _printf_truncate.o(.text)
    .text                                    0x0c0022e6   Section        0  _printf_str.o(.text)
    .text                                    0x0c002348   Section        0  _printf_dec.o(.text)
    .text                                    0x0c0023c0   Section        0  _printf_charcount.o(.text)
    .text                                    0x0c0023e8   Section        0  _printf_char_common.o(.text)
    _printf_input_char                       0x0c0023e9   Thumb Code    10  _printf_char_common.o(.text)
    .text                                    0x0c002418   Section        0  _sputc.o(.text)
    .text                                    0x0c002424   Section        0  _printf_wctomb.o(.text)
    .text                                    0x0c0024ec   Section        0  _printf_longlong_dec.o(.text)
    .text                                    0x0c002568   Section        0  _printf_oct_int_ll.o(.text)
    _printf_longlong_oct_internal            0x0c002569   Thumb Code     0  _printf_oct_int_ll.o(.text)
    .text                                    0x0c0025e8   Section        0  _printf_hex_int_ll_ptr.o(.text)
    _printf_hex_common                       0x0c0025e9   Thumb Code     0  _printf_hex_int_ll_ptr.o(.text)
    .text                                    0x0c002688   Section        0  __printf_flags_ss_wp.o(.text)
    .text                                    0x0c002824   Section        0  strtol.o(.text)
    .text                                    0x0c002898   Section       12  libspace.o(.text)
    .text                                    0x0c0028a8   Section      160  lludiv10.o(.text)
    .text                                    0x0c002948   Section        0  _printf_intcommon.o(.text)
    .text                                    0x0c002a04   Section        0  _printf_fp_dec.o(.text)
    _fp_digits                               0x0c002a07   Thumb Code   414  _printf_fp_dec.o(.text)
    .text                                    0x0c002e2c   Section        0  _printf_char.o(.text)
    .text                                    0x0c002e68   Section        0  _printf_wchar.o(.text)
    .text                                    0x0c002e9a   Section        0  _strtoul.o(.text)
    .text                                    0x0c002f46   Section        0  _wcrtomb.o(.text)
    .text                                    0x0c002f90   Section      160  strcmp.o(.text)
    .text                                    0x0c003034   Section       44  rtudiv10.o(.text)
    .text                                    0x0c003060   Section       96  sys_stackheap_outer.o(.text)
    .text                                    0x0c0030c0   Section        0  _printf_fp_infnan.o(.text)
    .text                                    0x0c003150   Section        0  _chval.o(.text)
    .text                                    0x0c003170   Section        0  bigflt0.o(.text)
    .text                                    0x0c003248   Section        0  exit.o(.text)
    .text                                    0x0c00325c   Section        0  sys_exit.o(.text)
    .text                                    0x0c003268   Section        4  use_no_semi.o(.text)
    .text                                    0x0c00326c   Section        0  indicate_semi.o(.text)
    CL$$btod_d2e                             0x0c003270   Section       56  btod.o(CL$$btod_d2e)
    CL$$btod_d2e_denorm_low                  0x0c0032a8   Section       84  btod.o(CL$$btod_d2e_denorm_low)
    CL$$btod_d2e_norm_op1                    0x0c0032fc   Section      104  btod.o(CL$$btod_d2e_norm_op1)
    CL$$btod_div_common                      0x0c003364   Section      844  btod.o(CL$$btod_div_common)
    CL$$btod_e2e                             0x0c0036b0   Section      220  btod.o(CL$$btod_e2e)
    CL$$btod_ediv                            0x0c003790   Section       52  btod.o(CL$$btod_ediv)
    CL$$btod_emul                            0x0c0037c8   Section       52  btod.o(CL$$btod_emul)
    CL$$btod_mult_common                     0x0c0037fc   Section      616  btod.o(CL$$btod_mult_common)
    i.__ARM_common_call_via_r1               0x0c003aac   Section        0  __printf.o(i.__ARM_common_call_via_r1)
    i.__ARM_common_call_via_r2               0x0c003aae   Section        0  _printf_wctomb.o(i.__ARM_common_call_via_r2)
    i.__ARM_common_call_via_r3               0x0c003ab0   Section        0  _wcrtomb.o(i.__ARM_common_call_via_r3)
    i.__ARM_fpclassify                       0x0c003ab8   Section        0  fpclassify.o(i.__ARM_fpclassify)
    i._is_digit                              0x0c003ae8   Section        0  __printf_wp.o(i._is_digit)
    locale$$code                             0x0c003afc   Section       80  lc_ctype_c.o(locale$$code)
    locale$$code                             0x0c003b50   Section       80  lc_numeric_c.o(locale$$code)
    x$fpl$dadd                               0x0c003ba0   Section      340  daddsub_noclz.o(x$fpl$dadd)
    _dadd1                                   0x0c003bb0   ARM Code       0  daddsub_noclz.o(x$fpl$dadd)
    x$fpl$ddiv                               0x0c003cf4   Section      736  ddiv.o(x$fpl$ddiv)
    ddiv_entry                               0x0c003cfc   ARM Code       0  ddiv.o(x$fpl$ddiv)
    x$fpl$dfix                               0x0c003fd4   Section      112  dfix.o(x$fpl$dfix)
    x$fpl$dflt                               0x0c004044   Section       88  dflt_noclz.o(x$fpl$dflt)
    x$fpl$dnaninf                            0x0c00409c   Section      192  dnaninf.o(x$fpl$dnaninf)
    x$fpl$dretinf                            0x0c00415c   Section       16  dretinf.o(x$fpl$dretinf)
    x$fpl$dsub                               0x0c00416c   Section      580  daddsub_noclz.o(x$fpl$dsub)
    _dsub1                                   0x0c00417c   ARM Code       0  daddsub_noclz.o(x$fpl$dsub)
    x$fpl$ieeestatus                         0x0c0043b4   Section        8  istatus.o(x$fpl$ieeestatus)
    x$fpl$printf1                            0x0c0043bc   Section        4  printf1.o(x$fpl$printf1)
    .constdata                               0x0c0043c0   Section        8  _printf_wctomb.o(.constdata)
    x$fpl$usenofp                            0x0c0043c0   Section        0  usenofp.o(x$fpl$usenofp)
    initial_mbstate                          0x0c0043c0   Data           8  _printf_wctomb.o(.constdata)
    .constdata                               0x0c0043c8   Section       40  _printf_hex_int_ll_ptr.o(.constdata)
    uc_hextab                                0x0c0043c8   Data          20  _printf_hex_int_ll_ptr.o(.constdata)
    lc_hextab                                0x0c0043dc   Data          20  _printf_hex_int_ll_ptr.o(.constdata)
    .constdata                               0x0c0043f0   Section       17  __printf_flags_ss_wp.o(.constdata)
    maptable                                 0x0c0043f0   Data          17  __printf_flags_ss_wp.o(.constdata)
    .constdata                               0x0c004404   Section      148  bigflt0.o(.constdata)
    tenpwrs_x                                0x0c004404   Data          60  bigflt0.o(.constdata)
    tenpwrs_i                                0x0c004440   Data          64  bigflt0.o(.constdata)
    locale$$data                             0x0c0044a8   Section      272  lc_ctype_c.o(locale$$data)
    __lcctype_c_name                         0x0c0044ac   Data           2  lc_ctype_c.o(locale$$data)
    __lcctype_c_start                        0x0c0044b4   Data           0  lc_ctype_c.o(locale$$data)
    locale$$data                             0x0c0045b8   Section       28  lc_numeric_c.o(locale$$data)
    __lcctype_c_end                          0x0c0045b8   Data           0  lc_ctype_c.o(locale$$data)
    __lcnum_c_name                           0x0c0045bc   Data           2  lc_numeric_c.o(locale$$data)
    __lcnum_c_start                          0x0c0045c4   Data           0  lc_numeric_c.o(locale$$data)
    __lcnum_c_point                          0x0c0045d0   Data           0  lc_numeric_c.o(locale$$data)
    __lcnum_c_thousands                      0x0c0045d2   Data           0  lc_numeric_c.o(locale$$data)
    __lcnum_c_grouping                       0x0c0045d3   Data           0  lc_numeric_c.o(locale$$data)
    .data                                    0x0c0045d4   Section       21  8led.o(.data)
    __lcnum_c_end                            0x0c0045d4   Data           0  lc_numeric_c.o(locale$$data)
    .data                                    0x0c0045ec   Section        4  iic.o(.data)
    .data                                    0x0c0045f0   Section        4  keyboard.o(.data)
    .data                                    0x0c0045f4   Section       16  44blib.o(.data)
    f_nDelayLoopCount                        0x0c0045f8   Data           4  44blib.o(.data)
    f_nWhichUart                             0x0c0045fc   Data           4  44blib.o(.data)
    .bss                                     0x0c004604   Section       96  libspace.o(.bss)
    HEAP                                     0x0c004668   Section        0  s3c44b0x.o(HEAP)
    STACK                                    0x0c004668   Section    16384  s3c44b0x.o(STACK)
    Heap_Mem                                 0x0c004668   Data           0  s3c44b0x.o(HEAP)
    Stack_Mem                                0x0c004668   Data        2048  s3c44b0x.o(STACK)
    Stack_Top                                0x0c008668   Data           0  s3c44b0x.o(STACK)

    Global Symbols

    Symbol Name                              Value     Ov Type        Size  Object(Section)

    BuildAttributes$$THM_ISAv1$ARM_ISAv4$S$PE$A:L22$X:L11$S22$IEEE1$IW$USESV6$~STKCKD$USESV7$~SHL$OTIME$ROPI$IEEEJ$EBA8$UX$STANDARDLIB$REQ8$PRES8$EABIv2 0x00000000   Number         0  anon$$obj.o ABSOLUTE
    __ARM_use_no_argv                        0x00000000   Number         0  main.o ABSOLUTE
    _printf_flags                            0x00000000   Number         0  printf_stubs.o ABSOLUTE
    _printf_return_value                     0x00000000   Number         0  printf_stubs.o ABSOLUTE
    _printf_sizespec                         0x00000000   Number         0  printf_stubs.o ABSOLUTE
    _printf_widthprec                        0x00000000   Number         0  printf_stubs.o ABSOLUTE
    __ARM_exceptions_init                     - Undefined Weak Reference
    __alloca_initialize                       - Undefined Weak Reference
    __cpp_initialize__aeabi_                  - Undefined Weak Reference
    __cxa_finalize                            - Undefined Weak Reference
    __sigvec_lookup                           - Undefined Weak Reference
    _atexit_init                              - Undefined Weak Reference
    _call_atexit_fns                          - Undefined Weak Reference
    _clock_init                               - Undefined Weak Reference
    _fp_trap_init                             - Undefined Weak Reference
    _fp_trap_shutdown                         - Undefined Weak Reference
    _get_lc_collate                           - Undefined Weak Reference
    _get_lc_monetary                          - Undefined Weak Reference
    _get_lc_time                              - Undefined Weak Reference
    _getenv_init                              - Undefined Weak Reference
    _handle_redirection                       - Undefined Weak Reference
    _init_alloc                               - Undefined Weak Reference
    _init_user_alloc                          - Undefined Weak Reference
    _initio                                   - Undefined Weak Reference
    _printf_fp_hex                            - Undefined Weak Reference
    _printf_mbtowc                            - Undefined Weak Reference
    _printf_wc                                - Undefined Weak Reference
    _rand_init                                - Undefined Weak Reference
    _signal_finish                            - Undefined Weak Reference
    _signal_init                              - Undefined Weak Reference
    _terminate_alloc                          - Undefined Weak Reference
    _terminate_user_alloc                     - Undefined Weak Reference
    _terminateio                              - Undefined Weak Reference
    ResetHandler                             0x0c000454   ARM Code       0  s3c44b0x.o(RESET)
    __main                                   0x0c0005dc   ARM Code       8  __main.o(!!!main)
    __scatterload                            0x0c0005e4   ARM Code       0  __scatter.o(!!!scatter)
    __scatterload_rt2                        0x0c0005e4   ARM Code      52  __scatter.o(!!!scatter)
    __scatterload_null                       0x0c0005f8   ARM Code       0  __scatter.o(!!!scatter)
    __scatterload_zeroinit                   0x0c000620   ARM Code      44  __scatter_zi.o(!!handler_zi)
    Inline Thumb to ARM Veneer to _printf_percent 0x0c00064d   Thumb Code     4  _printf_percent.o(.ARM.Collect$$_printf_percent$$00000000)
    _printf_n                                0x0c000650   ARM Code       0  _printf_n.o(.ARM.Collect$$_printf_percent$$00000001)
    _printf_percent                          0x0c000650   ARM Code       0  _printf_percent.o(.ARM.Collect$$_printf_percent$$00000000)
    _printf_p                                0x0c000658   ARM Code       0  _printf_p.o(.ARM.Collect$$_printf_percent$$00000002)
    _printf_f                                0x0c000660   ARM Code       0  _printf_f.o(.ARM.Collect$$_printf_percent$$00000003)
    _printf_e                                0x0c000668   ARM Code       0  _printf_e.o(.ARM.Collect$$_printf_percent$$00000004)
    _printf_g                                0x0c000670   ARM Code       0  _printf_g.o(.ARM.Collect$$_printf_percent$$00000005)
    _printf_a                                0x0c000678   ARM Code       0  _printf_a.o(.ARM.Collect$$_printf_percent$$00000006)
    _printf_ll                               0x0c000680   ARM Code       0  _printf_ll.o(.ARM.Collect$$_printf_percent$$00000007)
    _printf_i                                0x0c00068c   ARM Code       0  _printf_i.o(.ARM.Collect$$_printf_percent$$00000008)
    _printf_d                                0x0c000694   ARM Code       0  _printf_d.o(.ARM.Collect$$_printf_percent$$00000009)
    _printf_u                                0x0c00069c   ARM Code       0  _printf_u.o(.ARM.Collect$$_printf_percent$$0000000A)
    _printf_o                                0x0c0006a4   ARM Code       0  _printf_o.o(.ARM.Collect$$_printf_percent$$0000000B)
    _printf_x                                0x0c0006ac   ARM Code       0  _printf_x.o(.ARM.Collect$$_printf_percent$$0000000C)
    _printf_lli                              0x0c0006b4   ARM Code       0  _printf_lli.o(.ARM.Collect$$_printf_percent$$0000000D)
    _printf_lld                              0x0c0006bc   ARM Code       0  _printf_lld.o(.ARM.Collect$$_printf_percent$$0000000E)
    _printf_llu                              0x0c0006c4   ARM Code       0  _printf_llu.o(.ARM.Collect$$_printf_percent$$0000000F)
    _printf_llo                              0x0c0006cc   ARM Code       0  _printf_llo.o(.ARM.Collect$$_printf_percent$$00000010)
    _printf_llx                              0x0c0006d4   ARM Code       0  _printf_llx.o(.ARM.Collect$$_printf_percent$$00000011)
    _printf_l                                0x0c0006dc   ARM Code       0  _printf_l.o(.ARM.Collect$$_printf_percent$$00000012)
    _printf_c                                0x0c0006e8   ARM Code       0  _printf_c.o(.ARM.Collect$$_printf_percent$$00000013)
    _printf_s                                0x0c0006f0   ARM Code       0  _printf_s.o(.ARM.Collect$$_printf_percent$$00000014)
    _printf_lc                               0x0c0006f8   ARM Code       0  _printf_lc.o(.ARM.Collect$$_printf_percent$$00000015)
    _printf_ls                               0x0c000700   ARM Code       0  _printf_ls.o(.ARM.Collect$$_printf_percent$$00000016)
    _printf_percent_end                      0x0c000708   ARM Code       0  _printf_percent_end.o(.ARM.Collect$$_printf_percent$$00000017)
    Inline ARM to Thumb Veneer to __rt_lib_init 0x0c000710   ARM Code       8  libinit.o(.ARM.Collect$$libinit$$00000000)
    __rt_lib_init                            0x0c000719   Thumb Code     0  libinit.o(.ARM.Collect$$libinit$$00000000)
    __rt_lib_init_fp_1                       0x0c00071b   Thumb Code     0  libinit2.o(.ARM.Collect$$libinit$$00000002)
    __rt_lib_init_heap_1                     0x0c00071b   Thumb Code     0  libinit2.o(.ARM.Collect$$libinit$$00000008)
    __rt_lib_init_lc_common                  0x0c00071b   Thumb Code     0  libinit2.o(.ARM.Collect$$libinit$$0000000D)
    __rt_lib_init_rand_1                     0x0c00071b   Thumb Code     0  libinit2.o(.ARM.Collect$$libinit$$0000000C)
    __rt_lib_init_user_alloc_1               0x0c00071b   Thumb Code     0  libinit2.o(.ARM.Collect$$libinit$$0000000A)
    __rt_lib_init_lc_collate_1               0x0c000721   Thumb Code     0  libinit2.o(.ARM.Collect$$libinit$$0000000F)
    __rt_lib_init_lc_ctype_2                 0x0c000721   Thumb Code     0  libinit2.o(.ARM.Collect$$libinit$$00000010)
    __rt_lib_init_lc_ctype_1                 0x0c00072d   Thumb Code     0  libinit2.o(.ARM.Collect$$libinit$$00000011)
    __rt_lib_init_lc_monetary_1              0x0c00072d   Thumb Code     0  libinit2.o(.ARM.Collect$$libinit$$00000013)
    __rt_lib_init_lc_numeric_2               0x0c00072d   Thumb Code     0  libinit2.o(.ARM.Collect$$libinit$$00000014)
    __rt_lib_init_alloca_1                   0x0c000737   Thumb Code     0  libinit2.o(.ARM.Collect$$libinit$$0000002C)
    __rt_lib_init_argv_1                     0x0c000737   Thumb Code     0  libinit2.o(.ARM.Collect$$libinit$$0000002A)
    __rt_lib_init_atexit_1                   0x0c000737   Thumb Code     0  libinit2.o(.ARM.Collect$$libinit$$00000019)
    __rt_lib_init_clock_1                    0x0c000737   Thumb Code     0  libinit2.o(.ARM.Collect$$libinit$$0000001F)
    __rt_lib_init_cpp_1                      0x0c000737   Thumb Code     0  libinit2.o(.ARM.Collect$$libinit$$00000030)
    __rt_lib_init_exceptions_1               0x0c000737   Thumb Code     0  libinit2.o(.ARM.Collect$$libinit$$0000002E)
    __rt_lib_init_fp_trap_1                  0x0c000737   Thumb Code     0  libinit2.o(.ARM.Collect$$libinit$$0000001D)
    __rt_lib_init_getenv_1                   0x0c000737   Thumb Code     0  libinit2.o(.ARM.Collect$$libinit$$00000021)
    __rt_lib_init_lc_numeric_1               0x0c000737   Thumb Code     0  libinit2.o(.ARM.Collect$$libinit$$00000015)
    __rt_lib_init_lc_time_1                  0x0c000737   Thumb Code     0  libinit2.o(.ARM.Collect$$libinit$$00000017)
    __rt_lib_init_return                     0x0c000737   Thumb Code     0  libinit2.o(.ARM.Collect$$libinit$$00000031)
    __rt_lib_init_signal_1                   0x0c000737   Thumb Code     0  libinit2.o(.ARM.Collect$$libinit$$0000001B)
    __rt_lib_init_stdio_1                    0x0c000737   Thumb Code     0  libinit2.o(.ARM.Collect$$libinit$$00000023)
    Inline ARM to Thumb Veneer to __rt_lib_shutdown 0x0c000744   ARM Code       8  libshutdown.o(.ARM.Collect$$libshutdown$$00000000)
    __rt_lib_shutdown                        0x0c00074d   Thumb Code     0  libshutdown.o(.ARM.Collect$$libshutdown$$00000000)
    __rt_lib_shutdown_fp_trap_1              0x0c000751   Thumb Code     0  libshutdown2.o(.ARM.Collect$$libshutdown$$00000006)
    __rt_lib_shutdown_heap_1                 0x0c000751   Thumb Code     0  libshutdown2.o(.ARM.Collect$$libshutdown$$0000000E)
    __rt_lib_shutdown_return                 0x0c000751   Thumb Code     0  libshutdown2.o(.ARM.Collect$$libshutdown$$0000000F)
    __rt_lib_shutdown_signal_1               0x0c000751   Thumb Code     0  libshutdown2.o(.ARM.Collect$$libshutdown$$00000009)
    __rt_lib_shutdown_stdio_1                0x0c000751   Thumb Code     0  libshutdown2.o(.ARM.Collect$$libshutdown$$00000003)
    __rt_lib_shutdown_user_alloc_1           0x0c000751   Thumb Code     0  libshutdown2.o(.ARM.Collect$$libshutdown$$0000000B)
    __rt_entry                               0x0c000758   ARM Code       0  rtentry.o(.ARM.Collect$$rtentry$$00000000)
    __rt_entry_presh_1                       0x0c000758   ARM Code       0  rtentry2.o(.ARM.Collect$$rtentry$$00000002)
    __rt_entry_sh                            0x0c000758   ARM Code       0  rtentry4.o(.ARM.Collect$$rtentry$$00000004)
    __rt_entry_li                            0x0c000760   ARM Code       0  rtentry2.o(.ARM.Collect$$rtentry$$0000000A)
    __rt_entry_postsh_1                      0x0c000760   ARM Code       0  rtentry2.o(.ARM.Collect$$rtentry$$00000009)
    __rt_entry_main                          0x0c000764   ARM Code       0  rtentry2.o(.ARM.Collect$$rtentry$$0000000D)
    __rt_entry_postli_1                      0x0c000764   ARM Code       0  rtentry2.o(.ARM.Collect$$rtentry$$0000000C)
    Inline Thumb to ARM Veneer to __rt_exit  0x0c00078d   Thumb Code     4  rtexit.o(.ARM.Collect$$rtexit$$00000000)
    __rt_exit                                0x0c000790   ARM Code       0  rtexit.o(.ARM.Collect$$rtexit$$00000000)
    __rt_exit_ls                             0x0c000794   ARM Code       0  rtexit2.o(.ARM.Collect$$rtexit$$00000003)
    __rt_exit_prels_1                        0x0c000794   ARM Code       0  rtexit2.o(.ARM.Collect$$rtexit$$00000002)
    __rt_exit_exit                           0x0c000798   ARM Code       0  rtexit2.o(.ARM.Collect$$rtexit$$00000004)
    main                                     0x0c0007a0   ARM Code      32  main.o(.text)
    led8_test                                0x0c000808   ARM Code      96  8led.o(.text)
    led8_disp                                0x0c000868   ARM Code      76  8led.o(.text)
    led8_disp_mem                            0x0c0008b4   ARM Code    1300  8led.o(.text)
    iic_int                                  0x0c000dcc   ARM Code      36  iic.o(.text)
    iic_init                                 0x0c000df0   ARM Code      92  iic.o(.text)
    iic_write                                0x0c000e4c   ARM Code     216  iic.o(.text)
    iic_read                                 0x0c000f24   ARM Code     292  iic.o(.text)
    key_set                                  0x0c001054   ARM Code     308  keyboard.o(.text)
    keyboard_int                             0x0c001188   ARM Code      36  keyboard.o(.text)
    keyboard_test                            0x0c0011ac   ARM Code     424  keyboard.o(.text)
    get_keyboard_char                        0x0c001354   ARM Code     112  keyboard.o(.text)
    breakpoint                               0x0c001400   ARM Code     164  uhal.o(.text)
    debug_fiq                                0x0c0014a4   ARM Code      12  uhal.o(.text)
    debug_abort                              0x0c0014b0   ARM Code      12  uhal.o(.text)
    debug_swi                                0x0c0014bc   ARM Code      12  uhal.o(.text)
    debug_undef                              0x0c0014c8   ARM Code      12  uhal.o(.text)
    uhal_init_interrupts                     0x0c0014d4   ARM Code     328  uhal.o(.text)
    uhal_register_irq                        0x0c00161c   ARM Code      12  uhal.o(.text)
    uhal_enable_int                          0x0c001628   ARM Code      28  uhal.o(.text)
    uhal_init_timers                         0x0c001644   ARM Code     172  uhal.o(.text)
    delay                                    0x0c0016f0   ARM Code     180  44blib.o(.text)
    port_init                                0x0c0017a4   ARM Code     184  44blib.o(.text)
    beep                                     0x0c00185c   ARM Code      60  44blib.o(.text)
    uart_init                                0x0c001898   ARM Code     332  44blib.o(.text)
    uart_change_baud                         0x0c0019e4   ARM Code     172  44blib.o(.text)
    uart_select                              0x0c001a90   ARM Code      12  44blib.o(.text)
    uart_txempty                             0x0c001a9c   ARM Code      56  44blib.o(.text)
    uart_getch                               0x0c001ad4   ARM Code      80  44blib.o(.text)
    uart_getkey                              0x0c001b24   ARM Code      88  44blib.o(.text)
    uart_sendbyte                            0x0c001b7c   ARM Code     204  44blib.o(.text)
    uart_sendstring                          0x0c001c48   ARM Code      40  44blib.o(.text)
    uart_printf                              0x0c001c70   ARM Code      64  44blib.o(.text)
    uart_getstring                           0x0c001cb0   ARM Code     100  44blib.o(.text)
    uart_getintnum                           0x0c001d14   ARM Code     440  44blib.o(.text)
    timer_start                              0x0c001ecc   ARM Code      48  44blib.o(.text)
    timer_stop                               0x0c001efc   ARM Code      32  44blib.o(.text)
    cache_flush                              0x0c001f1c   ARM Code      64  44blib.o(.text)
    sys_init                                 0x0c001f5c   ARM Code      88  44blib.o(.text)
    __user_initial_stackheap                 0x0c001fd8   ARM Code       0  s3c44b0x.o(.text)
    Inline Thumb to ARM Veneer to __rt_ctype_table 0x0c001ff9   Thumb Code     4  rt_ctype_table.o(.text)
    __rt_ctype_table                         0x0c001ffc   ARM Code      24  rt_ctype_table.o(.text)
    Inline ARM to Thumb Veneer to __c89vsprintf 0x0c002014   ARM Code       8  c89vsprintf.o(.text)
    __c89vsprintf                            0x0c00201d   Thumb Code    36  c89vsprintf.o(.text)
    Inline ARM to Thumb Veneer to atoi       0x0c002044   ARM Code       8  atoi.o(.text)
    atoi                                     0x0c00204d   Thumb Code    30  atoi.o(.text)
    Inline ARM to Thumb Veneer to strlen     0x0c00206c   ARM Code       8  strlen.o(.text)
    strlen                                   0x0c002075   Thumb Code    64  strlen.o(.text)
    Inline Thumb to ARM Veneer to __aeabi_idivmod 0x0c0020b9   Thumb Code     4  aeabi_sdiv.o(.text)
    __aeabi_idiv                             0x0c0020bc   ARM Code       0  aeabi_sdiv.o(.text)
    __aeabi_idivmod                          0x0c0020bc   ARM Code     384  aeabi_sdiv.o(.text)
    __use_two_region_memory                  0x0c00223d   Thumb Code     2  heapauxi.o(.text)
    __rt_heap_escrow$2region                 0x0c00223f   Thumb Code     2  heapauxi.o(.text)
    __rt_heap_expand$2region                 0x0c002241   Thumb Code     2  heapauxi.o(.text)
    Inline Thumb to ARM Veneer to __rt_locale 0x0c002245   Thumb Code     4  rt_locale_intlibspace.o(.text)
    __rt_locale                              0x0c002248   ARM Code      12  rt_locale_intlibspace.o(.text)
    Inline Thumb to ARM Veneer to __aeabi_errno_addr 0x0c002255   Thumb Code     4  rt_errno_addr_intlibspace.o(.text)
    __aeabi_errno_addr                       0x0c002258   ARM Code      12  rt_errno_addr_intlibspace.o(.text)
    __errno$intlibspace                      0x0c002258   ARM Code       0  rt_errno_addr_intlibspace.o(.text)
    __rt_errno_addr$intlibspace              0x0c002258   ARM Code       0  rt_errno_addr_intlibspace.o(.text)
    _printf_pre_padding                      0x0c002265   Thumb Code    50  _printf_pad.o(.text)
    _printf_post_padding                     0x0c002297   Thumb Code    36  _printf_pad.o(.text)
    _printf_truncate_signed                  0x0c0022bb   Thumb Code    22  _printf_truncate.o(.text)
    _printf_truncate_unsigned                0x0c0022d1   Thumb Code    22  _printf_truncate.o(.text)
    _printf_str                              0x0c0022e7   Thumb Code    88  _printf_str.o(.text)
    Inline ARM to Thumb Veneer to _printf_int_dec 0x0c002340   ARM Code       8  _printf_dec.o(.text)
    _printf_int_dec                          0x0c002349   Thumb Code    94  _printf_dec.o(.text)
    Inline ARM to Thumb Veneer to _printf_charcount 0x0c0023b8   ARM Code       8  _printf_charcount.o(.text)
    _printf_charcount                        0x0c0023c1   Thumb Code    40  _printf_charcount.o(.text)
    _printf_char_common                      0x0c0023f3   Thumb Code    34  _printf_char_common.o(.text)
    _sputc                                   0x0c002419   Thumb Code    10  _sputc.o(.text)
    _printf_wctomb                           0x0c002425   Thumb Code   188  _printf_wctomb.o(.text)
    Inline ARM to Thumb Veneer to _printf_longlong_dec 0x0c0024e4   ARM Code       8  _printf_longlong_dec.o(.text)
    _printf_longlong_dec                     0x0c0024ed   Thumb Code    98  _printf_longlong_dec.o(.text)
    Inline ARM to Thumb Veneer to _printf_int_oct 0x0c002560   ARM Code       8  _printf_oct_int_ll.o(.text)
    _printf_longlong_oct                     0x0c002569   Thumb Code    72  _printf_oct_int_ll.o(.text)
    _printf_int_oct                          0x0c0025b1   Thumb Code    28  _printf_oct_int_ll.o(.text)
    _printf_ll_oct                           0x0c0025cd   Thumb Code    10  _printf_oct_int_ll.o(.text)
    Inline ARM to Thumb Veneer to _printf_hex_ptr 0x0c0025e0   ARM Code       8  _printf_hex_int_ll_ptr.o(.text)
    _printf_longlong_hex                     0x0c0025e9   Thumb Code    92  _printf_hex_int_ll_ptr.o(.text)
    _printf_int_hex                          0x0c002645   Thumb Code    32  _printf_hex_int_ll_ptr.o(.text)
    _printf_ll_hex                           0x0c002665   Thumb Code    10  _printf_hex_int_ll_ptr.o(.text)
    _printf_hex_ptr                          0x0c00266f   Thumb Code    22  _printf_hex_int_ll_ptr.o(.text)
    __printf                                 0x0c002689   Thumb Code   406  __printf_flags_ss_wp.o(.text)
    strtol                                   0x0c002825   Thumb Code   112  strtol.o(.text)
    __user_libspace                          0x0c002898   ARM Code      12  libspace.o(.text)
    __user_perproc_libspace                  0x0c002898   ARM Code       0  libspace.o(.text)
    __user_perthread_libspace                0x0c002898   ARM Code       0  libspace.o(.text)
    Inline Thumb to ARM Veneer to _ll_udiv10 0x0c0028a5   Thumb Code     4  lludiv10.o(.text)
    _ll_udiv10                               0x0c0028a8   ARM Code     160  lludiv10.o(.text)
    _printf_int_common                       0x0c002949   Thumb Code   186  _printf_intcommon.o(.text)
    __lib_sel_fp_printf                      0x0c002a05   Thumb Code     2  _printf_fp_dec.o(.text)
    _printf_fp_dec_real                      0x0c002ba5   Thumb Code   626  _printf_fp_dec.o(.text)
    Inline ARM to Thumb Veneer to _printf_char 0x0c002e24   ARM Code       8  _printf_char.o(.text)
    _printf_cs_common                        0x0c002e2d   Thumb Code    26  _printf_char.o(.text)
    _printf_char                             0x0c002e47   Thumb Code    16  _printf_char.o(.text)
    _printf_string                           0x0c002e57   Thumb Code     8  _printf_char.o(.text)
    Inline ARM to Thumb Veneer to _printf_wchar 0x0c002e60   ARM Code       8  _printf_wchar.o(.text)
    _printf_lcs_common                       0x0c002e69   Thumb Code    26  _printf_wchar.o(.text)
    _printf_wchar                            0x0c002e83   Thumb Code    16  _printf_wchar.o(.text)
    _printf_wstring                          0x0c002e93   Thumb Code     8  _printf_wchar.o(.text)
    _strtoul                                 0x0c002e9b   Thumb Code   172  _strtoul.o(.text)
    _wcrtomb                                 0x0c002f47   Thumb Code    74  _wcrtomb.o(.text)
    strcmp                                   0x0c002f90   ARM Code     156  strcmp.o(.text)
    Inline Thumb to ARM Veneer to __rt_udiv10 0x0c003031   Thumb Code     4  rtudiv10.o(.text)
    __rt_udiv10                              0x0c003034   ARM Code      44  rtudiv10.o(.text)
    __user_setup_stackheap                   0x0c003060   ARM Code      96  sys_stackheap_outer.o(.text)
    _printf_fp_infnan                        0x0c0030c1   Thumb Code   128  _printf_fp_infnan.o(.text)
    _chval                                   0x0c003151   Thumb Code    30  _chval.o(.text)
    _btod_etento                             0x0c003171   Thumb Code   210  bigflt0.o(.text)
    exit                                     0x0c003249   Thumb Code    12  exit.o(.text)
    Inline ARM to Thumb Veneer to _sys_exit  0x0c003254   ARM Code       8  sys_exit.o(.text)
    _sys_exit                                0x0c00325d   Thumb Code     8  sys_exit.o(.text)
    __I$use$semihosting                      0x0c003268   ARM Code       0  use_no_semi.o(.text)
    __use_no_semihosting_swi                 0x0c003268   ARM Code       4  use_no_semi.o(.text)
    Inline Thumb to ARM Veneer to _btod_d2e  0x0c00326d   Thumb Code     4  btod.o(CL$$btod_d2e)
    __semihosting_library_function           0x0c00326c   ARM Code       0  indicate_semi.o(.text)
    _btod_d2e                                0x0c003270   ARM Code      56  btod.o(CL$$btod_d2e)
    _d2e_denorm_low                          0x0c0032a8   ARM Code      84  btod.o(CL$$btod_d2e_denorm_low)
    _d2e_norm_op1                            0x0c0032fc   ARM Code     104  btod.o(CL$$btod_d2e_norm_op1)
    __btod_div_common                        0x0c003364   ARM Code     716  btod.o(CL$$btod_div_common)
    _e2e                                     0x0c0036b0   ARM Code     220  btod.o(CL$$btod_e2e)
    Inline Thumb to ARM Veneer to _btod_ediv 0x0c00378d   Thumb Code     4  btod.o(CL$$btod_ediv)
    _btod_ediv                               0x0c003790   ARM Code      52  btod.o(CL$$btod_ediv)
    Inline Thumb to ARM Veneer to _btod_emul 0x0c0037c5   Thumb Code     4  btod.o(CL$$btod_emul)
    _btod_emul                               0x0c0037c8   ARM Code      52  btod.o(CL$$btod_emul)
    __btod_mult_common                       0x0c0037fc   ARM Code     616  btod.o(CL$$btod_mult_common)
    Long ARM to Thumb Veneer to _printf_int_hex 0x0c003a64   ARM Code      12  anon$$obj.o(Veneer$$Code)
    Long ARM to Thumb Veneer to _printf_ll_oct 0x0c003a70   ARM Code      12  anon$$obj.o(Veneer$$Code)
    Long ARM to Thumb Veneer to _printf_ll_hex 0x0c003a7c   ARM Code      12  anon$$obj.o(Veneer$$Code)
    Long ARM to Thumb Veneer to _printf_string 0x0c003a88   ARM Code      12  anon$$obj.o(Veneer$$Code)
    Long ARM to Thumb Veneer to _printf_wstring 0x0c003a94   ARM Code      12  anon$$obj.o(Veneer$$Code)
    Long ARM to Thumb Veneer to _printf_fp_dec_real 0x0c003aa0   ARM Code      12  anon$$obj.o(Veneer$$Code)
    __ARM_common_call_via_r1                 0x0c003aad   Thumb Code     2  __printf.o(i.__ARM_common_call_via_r1)
    __ARM_common_call_via_r2                 0x0c003aaf   Thumb Code     2  _printf_wctomb.o(i.__ARM_common_call_via_r2)
    __ARM_common_call_via_r3                 0x0c003ab1   Thumb Code     2  _wcrtomb.o(i.__ARM_common_call_via_r3)
    Inline Thumb to ARM Veneer to __ARM_fpclassify 0x0c003ab5   Thumb Code     4  fpclassify.o(i.__ARM_fpclassify)
    __ARM_fpclassify                         0x0c003ab8   ARM Code      48  fpclassify.o(i.__ARM_fpclassify)
    _is_digit                                0x0c003ae9   Thumb Code    14  __printf_wp.o(i._is_digit)
    Inline Thumb to ARM Veneer to _get_lc_ctype 0x0c003af9   Thumb Code     4  lc_ctype_c.o(locale$$code)
    _get_lc_ctype                            0x0c003afc   ARM Code      80  lc_ctype_c.o(locale$$code)
    Inline Thumb to ARM Veneer to _get_lc_numeric 0x0c003b4d   Thumb Code     4  lc_numeric_c.o(locale$$code)
    _get_lc_numeric                          0x0c003b50   ARM Code      80  lc_numeric_c.o(locale$$code)
    __aeabi_dadd                             0x0c003ba0   ARM Code       0  daddsub_noclz.o(x$fpl$dadd)
    _dadd                                    0x0c003ba0   ARM Code     336  daddsub_noclz.o(x$fpl$dadd)
    __aeabi_ddiv                             0x0c003cf4   ARM Code       0  ddiv.o(x$fpl$ddiv)
    _ddiv                                    0x0c003cf4   ARM Code     600  ddiv.o(x$fpl$ddiv)
    __aeabi_d2iz                             0x0c003fd4   ARM Code       0  dfix.o(x$fpl$dfix)
    _dfix                                    0x0c003fd4   ARM Code     112  dfix.o(x$fpl$dfix)
    __aeabi_i2d                              0x0c004044   ARM Code       0  dflt_noclz.o(x$fpl$dflt)
    _dflt                                    0x0c004044   ARM Code      88  dflt_noclz.o(x$fpl$dflt)
    __dflt_normalise                         0x0c004054   ARM Code       0  dflt_noclz.o(x$fpl$dflt)
    __fpl_dnaninf                            0x0c00409c   ARM Code     192  dnaninf.o(x$fpl$dnaninf)
    __fpl_dretinf                            0x0c00415c   ARM Code      16  dretinf.o(x$fpl$dretinf)
    __aeabi_dsub                             0x0c00416c   ARM Code       0  daddsub_noclz.o(x$fpl$dsub)
    _dsub                                    0x0c00416c   ARM Code     576  daddsub_noclz.o(x$fpl$dsub)
    Inline Thumb to ARM Veneer to __ieee_status 0x0c0043b1   Thumb Code     4  istatus.o(x$fpl$ieeestatus)
    __ieee_status                            0x0c0043b4   ARM Code       8  istatus.o(x$fpl$ieeestatus)
    _printf_fp_dec                           0x0c0043bc   ARM Code       4  printf1.o(x$fpl$printf1)
    __I$use$fp                               0x0c0043c0   Number         0  usenofp.o(x$fpl$usenofp)
    Region$$Table$$Base                      0x0c004498   Number         0  anon$$obj.o(Region$$Table)
    Region$$Table$$Limit                     0x0c0044a8   Number         0  anon$$obj.o(Region$$Table)
    __ctype                                  0x0c0044b5   Data           0  lc_ctype_c.o(locale$$data)
    f_szDigital                              0x0c0045d4   Data          21  8led.o(.data)
    f_nGetACK                                0x0c0045ec   Data           4  iic.o(.data)
    f_nKeyPress                              0x0c0045f0   Data           4  keyboard.o(.data)
    run                                      0x0c0045f4   Data           4  44blib.o(.data)
    f_nDownloadAddr                          0x0c004600   Data           4  44blib.o(.data)
    __libspace_start                         0x0c004604   Data          96  libspace.o(.bss)
    __temporary_stack_top$libspace           0x0c004664   Data           0  libspace.o(.bss)



==============================================================================

Memory Map of the image

  Image Entry point : 0x0c0005dc

  Load Region LR_ROM1 (Base: 0x0c000000, Size: 0x00004604, Max: 0xffffffff, ABSOLUTE)

    Execution Region ER_ROM1 (Base: 0x0c000000, Size: 0x000045d4, Max: 0x00200000, ABSOLUTE)

    Base Addr    Size         Type   Attr      Idx    E Section Name        Object

    0x0c000000   0x000005dc   Code   RO          125    RESET               s3c44b0x.o
    0x0c0005dc   0x00000008   Code   RO          160  * !!!main             c_t.l(__main.o)
    0x0c0005e4   0x0000003c   Code   RO          524    !!!scatter          c_t.l(__scatter.o)
    0x0c000620   0x0000002c   Code   RO          526    !!handler_zi        c_t.l(__scatter_zi.o)
    0x0c00064c   0x00000004   Ven    RO          283    .ARM.Collect$$_printf_percent$$00000000  c_t.l(_printf_percent.o)
    0x0c000650   0x00000000   Code   RO          283    .ARM.Collect$$_printf_percent$$00000000  c_t.l(_printf_percent.o)
    0x0c000650   0x00000008   Code   RO          272    .ARM.Collect$$_printf_percent$$00000001  c_t.l(_printf_n.o)
    0x0c000658   0x00000008   Code   RO          274    .ARM.Collect$$_printf_percent$$00000002  c_t.l(_printf_p.o)
    0x0c000660   0x00000008   Code   RO          279    .ARM.Collect$$_printf_percent$$00000003  c_t.l(_printf_f.o)
    0x0c000668   0x00000008   Code   RO          280    .ARM.Collect$$_printf_percent$$00000004  c_t.l(_printf_e.o)
    0x0c000670   0x00000008   Code   RO          281    .ARM.Collect$$_printf_percent$$00000005  c_t.l(_printf_g.o)
    0x0c000678   0x00000008   Code   RO          282    .ARM.Collect$$_printf_percent$$00000006  c_t.l(_printf_a.o)
    0x0c000680   0x0000000c   Code   RO          287    .ARM.Collect$$_printf_percent$$00000007  c_t.l(_printf_ll.o)
    0x0c00068c   0x00000008   Code   RO          276    .ARM.Collect$$_printf_percent$$00000008  c_t.l(_printf_i.o)
    0x0c000694   0x00000008   Code   RO          277    .ARM.Collect$$_printf_percent$$00000009  c_t.l(_printf_d.o)
    0x0c00069c   0x00000008   Code   RO          278    .ARM.Collect$$_printf_percent$$0000000A  c_t.l(_printf_u.o)
    0x0c0006a4   0x00000008   Code   RO          275    .ARM.Collect$$_printf_percent$$0000000B  c_t.l(_printf_o.o)
    0x0c0006ac   0x00000008   Code   RO          273    .ARM.Collect$$_printf_percent$$0000000C  c_t.l(_printf_x.o)
    0x0c0006b4   0x00000008   Code   RO          284    .ARM.Collect$$_printf_percent$$0000000D  c_t.l(_printf_lli.o)
    0x0c0006bc   0x00000008   Code   RO          285    .ARM.Collect$$_printf_percent$$0000000E  c_t.l(_printf_lld.o)
    0x0c0006c4   0x00000008   Code   RO          286    .ARM.Collect$$_printf_percent$$0000000F  c_t.l(_printf_llu.o)
    0x0c0006cc   0x00000008   Code   RO          291    .ARM.Collect$$_printf_percent$$00000010  c_t.l(_printf_llo.o)
    0x0c0006d4   0x00000008   Code   RO          292    .ARM.Collect$$_printf_percent$$00000011  c_t.l(_printf_llx.o)
    0x0c0006dc   0x0000000c   Code   RO          288    .ARM.Collect$$_printf_percent$$00000012  c_t.l(_printf_l.o)
    0x0c0006e8   0x00000008   Code   RO          270    .ARM.Collect$$_printf_percent$$00000013  c_t.l(_printf_c.o)
    0x0c0006f0   0x00000008   Code   RO          271    .ARM.Collect$$_printf_percent$$00000014  c_t.l(_printf_s.o)
    0x0c0006f8   0x00000008   Code   RO          289    .ARM.Collect$$_printf_percent$$00000015  c_t.l(_printf_lc.o)
    0x0c000700   0x00000008   Code   RO          290    .ARM.Collect$$_printf_percent$$00000016  c_t.l(_printf_ls.o)
    0x0c000708   0x00000008   Code   RO          341    .ARM.Collect$$_printf_percent$$00000017  c_t.l(_printf_percent_end.o)
    0x0c000710   0x00000008   Ven    RO          442    .ARM.Collect$$libinit$$00000000  c_t.l(libinit.o)
    0x0c000718   0x00000002   Code   RO          442    .ARM.Collect$$libinit$$00000000  c_t.l(libinit.o)
    0x0c00071a   0x00000000   Code   RO          353    .ARM.Collect$$libinit$$00000002  c_t.l(libinit2.o)
    0x0c00071a   0x00000000   Code   RO          356    .ARM.Collect$$libinit$$00000008  c_t.l(libinit2.o)
    0x0c00071a   0x00000000   Code   RO          358    .ARM.Collect$$libinit$$0000000A  c_t.l(libinit2.o)
    0x0c00071a   0x00000000   Code   RO          360    .ARM.Collect$$libinit$$0000000C  c_t.l(libinit2.o)
    0x0c00071a   0x00000006   Code   RO          361    .ARM.Collect$$libinit$$0000000D  c_t.l(libinit2.o)
    0x0c000720   0x00000000   Code   RO          363    .ARM.Collect$$libinit$$0000000F  c_t.l(libinit2.o)
    0x0c000720   0x0000000c   Code   RO          364    .ARM.Collect$$libinit$$00000010  c_t.l(libinit2.o)
    0x0c00072c   0x00000000   Code   RO          365    .ARM.Collect$$libinit$$00000011  c_t.l(libinit2.o)
    0x0c00072c   0x00000000   Code   RO          367    .ARM.Collect$$libinit$$00000013  c_t.l(libinit2.o)
    0x0c00072c   0x0000000a   Code   RO          368    .ARM.Collect$$libinit$$00000014  c_t.l(libinit2.o)
    0x0c000736   0x00000000   Code   RO          369    .ARM.Collect$$libinit$$00000015  c_t.l(libinit2.o)
    0x0c000736   0x00000000   Code   RO          371    .ARM.Collect$$libinit$$00000017  c_t.l(libinit2.o)
    0x0c000736   0x00000000   Code   RO          373    .ARM.Collect$$libinit$$00000019  c_t.l(libinit2.o)
    0x0c000736   0x00000000   Code   RO          375    .ARM.Collect$$libinit$$0000001B  c_t.l(libinit2.o)
    0x0c000736   0x00000000   Code   RO          377    .ARM.Collect$$libinit$$0000001D  c_t.l(libinit2.o)
    0x0c000736   0x00000000   Code   RO          379    .ARM.Collect$$libinit$$0000001F  c_t.l(libinit2.o)
    0x0c000736   0x00000000   Code   RO          381    .ARM.Collect$$libinit$$00000021  c_t.l(libinit2.o)
    0x0c000736   0x00000000   Code   RO          383    .ARM.Collect$$libinit$$00000023  c_t.l(libinit2.o)
    0x0c000736   0x00000000   Code   RO          387    .ARM.Collect$$libinit$$0000002A  c_t.l(libinit2.o)
    0x0c000736   0x00000000   Code   RO          389    .ARM.Collect$$libinit$$0000002C  c_t.l(libinit2.o)
    0x0c000736   0x00000000   Code   RO          391    .ARM.Collect$$libinit$$0000002E  c_t.l(libinit2.o)
    0x0c000736   0x00000000   Code   RO          393    .ARM.Collect$$libinit$$00000030  c_t.l(libinit2.o)
    0x0c000736   0x0000000c   Code   RO          394    .ARM.Collect$$libinit$$00000031  c_t.l(libinit2.o)
    0x0c000742   0x00000002   PAD
    0x0c000744   0x00000008   Ven    RO          493    .ARM.Collect$$libshutdown$$00000000  c_t.l(libshutdown.o)
    0x0c00074c   0x00000004   Code   RO          493    .ARM.Collect$$libshutdown$$00000000  c_t.l(libshutdown.o)
    0x0c000750   0x00000000   Code   RO          510    .ARM.Collect$$libshutdown$$00000003  c_t.l(libshutdown2.o)
    0x0c000750   0x00000000   Code   RO          513    .ARM.Collect$$libshutdown$$00000006  c_t.l(libshutdown2.o)
    0x0c000750   0x00000000   Code   RO          516    .ARM.Collect$$libshutdown$$00000009  c_t.l(libshutdown2.o)
    0x0c000750   0x00000000   Code   RO          518    .ARM.Collect$$libshutdown$$0000000B  c_t.l(libshutdown2.o)
    0x0c000750   0x00000000   Code   RO          521    .ARM.Collect$$libshutdown$$0000000E  c_t.l(libshutdown2.o)
    0x0c000750   0x00000006   Code   RO          522    .ARM.Collect$$libshutdown$$0000000F  c_t.l(libshutdown2.o)
    0x0c000756   0x00000002   PAD
    0x0c000758   0x00000000   Code   RO          180    .ARM.Collect$$rtentry$$00000000  c_t.l(rtentry.o)
    0x0c000758   0x00000000   Code   RO          309    .ARM.Collect$$rtentry$$00000002  c_t.l(rtentry2.o)
    0x0c000758   0x00000008   Code   RO          321    .ARM.Collect$$rtentry$$00000004  c_t.l(rtentry4.o)
    0x0c000760   0x00000000   Code   RO          311    .ARM.Collect$$rtentry$$00000009  c_t.l(rtentry2.o)
    0x0c000760   0x00000004   Code   RO          312    .ARM.Collect$$rtentry$$0000000A  c_t.l(rtentry2.o)
    0x0c000764   0x00000000   Code   RO          314    .ARM.Collect$$rtentry$$0000000C  c_t.l(rtentry2.o)
    0x0c000764   0x00000028   Code   RO          315    .ARM.Collect$$rtentry$$0000000D  c_t.l(rtentry2.o)
    0x0c00078c   0x00000004   Ven    RO          449    .ARM.Collect$$rtexit$$00000000  c_t.l(rtexit.o)
    0x0c000790   0x00000004   Code   RO          449    .ARM.Collect$$rtexit$$00000000  c_t.l(rtexit.o)
    0x0c000794   0x00000000   Code   RO          466    .ARM.Collect$$rtexit$$00000002  c_t.l(rtexit2.o)
    0x0c000794   0x00000004   Code   RO          467    .ARM.Collect$$rtexit$$00000003  c_t.l(rtexit2.o)
    0x0c000798   0x00000008   Code   RO          468    .ARM.Collect$$rtexit$$00000004  c_t.l(rtexit2.o)
    0x0c0007a0   0x00000068   Code   RO            1    .text               main.o
    0x0c000808   0x000005c4   Code   RO           24    .text               8led.o
    0x0c000dcc   0x00000288   Code   RO           45    .text               iic.o
    0x0c001054   0x000003ac   Code   RO           60    .text               keyboard.o
    0x0c001400   0x000002f0   Code   RO           76    .text               uhal.o
    0x0c0016f0   0x000008e8   Code   RO           91    .text               44blib.o
    0x0c001fd8   0x00000020   Code   RO          126    .text               s3c44b0x.o
    0x0c001ff8   0x00000004   Ven    RO          134    .text               c_t.l(rt_ctype_table.o)
    0x0c001ffc   0x00000018   Code   RO          134    .text               c_t.l(rt_ctype_table.o)
    0x0c002014   0x00000008   Ven    RO          136    .text               c_t.l(c89vsprintf.o)
    0x0c00201c   0x00000028   Code   RO          136    .text               c_t.l(c89vsprintf.o)
    0x0c002044   0x00000008   Ven    RO          138    .text               c_t.l(atoi.o)
    0x0c00204c   0x0000001e   Code   RO          138    .text               c_t.l(atoi.o)
    0x0c00206a   0x00000002   PAD
    0x0c00206c   0x00000008   Ven    RO          140    .text               c_t.l(strlen.o)
    0x0c002074   0x00000044   Code   RO          140    .text               c_t.l(strlen.o)
    0x0c0020b8   0x00000004   Ven    RO          142    .text               c_t.l(aeabi_sdiv.o)
    0x0c0020bc   0x00000180   Code   RO          142    .text               c_t.l(aeabi_sdiv.o)
    0x0c00223c   0x00000006   Code   RO          158    .text               c_t.l(heapauxi.o)
    0x0c002242   0x00000002   PAD
    0x0c002244   0x00000004   Ven    RO          188    .text               c_t.l(rt_locale_intlibspace.o)
    0x0c002248   0x0000000c   Code   RO          188    .text               c_t.l(rt_locale_intlibspace.o)
    0x0c002254   0x00000004   Ven    RO          193    .text               c_t.l(rt_errno_addr_intlibspace.o)
    0x0c002258   0x0000000c   Code   RO          193    .text               c_t.l(rt_errno_addr_intlibspace.o)
    0x0c002264   0x00000056   Code   RO          201    .text               c_t.l(_printf_pad.o)
    0x0c0022ba   0x0000002c   Code   RO          203    .text               c_t.l(_printf_truncate.o)
    0x0c0022e6   0x00000058   Code   RO          205    .text               c_t.l(_printf_str.o)
    0x0c00233e   0x00000002   PAD
    0x0c002340   0x00000008   Ven    RO          207    .text               c_t.l(_printf_dec.o)
    0x0c002348   0x00000070   Code   RO          207    .text               c_t.l(_printf_dec.o)
    0x0c0023b8   0x00000008   Ven    RO          209    .text               c_t.l(_printf_charcount.o)
    0x0c0023c0   0x00000028   Code   RO          209    .text               c_t.l(_printf_charcount.o)
    0x0c0023e8   0x00000030   Code   RO          211    .text               c_t.l(_printf_char_common.o)
    0x0c002418   0x0000000a   Code   RO          213    .text               c_t.l(_sputc.o)
    0x0c002422   0x00000002   PAD
    0x0c002424   0x000000c0   Code   RO          215    .text               c_t.l(_printf_wctomb.o)
    0x0c0024e4   0x00000008   Ven    RO          221    .text               c_t.l(_printf_longlong_dec.o)
    0x0c0024ec   0x00000074   Code   RO          221    .text               c_t.l(_printf_longlong_dec.o)
    0x0c002560   0x00000008   Ven    RO          227    .text               c_t.l(_printf_oct_int_ll.o)
    0x0c002568   0x00000078   Code   RO          227    .text               c_t.l(_printf_oct_int_ll.o)
    0x0c0025e0   0x00000008   Ven    RO          247    .text               c_t.l(_printf_hex_int_ll_ptr.o)
    0x0c0025e8   0x000000a0   Code   RO          247    .text               c_t.l(_printf_hex_int_ll_ptr.o)
    0x0c002688   0x0000019c   Code   RO          267    .text               c_t.l(__printf_flags_ss_wp.o)
    0x0c002824   0x00000074   Code   RO          293    .text               c_t.l(strtol.o)
    0x0c002898   0x0000000c   Code   RO          305    .text               c_t.l(libspace.o)
    0x0c0028a4   0x00000004   Ven    RO          325    .text               c_t.l(lludiv10.o)
    0x0c0028a8   0x000000a0   Code   RO          325    .text               c_t.l(lludiv10.o)
    0x0c002948   0x000000ba   Code   RO          327    .text               c_t.l(_printf_intcommon.o)
    0x0c002a02   0x00000002   PAD
    0x0c002a04   0x00000420   Code   RO          329    .text               c_t.l(_printf_fp_dec.o)
    0x0c002e24   0x00000008   Ven    RO          337    .text               c_t.l(_printf_char.o)
    0x0c002e2c   0x00000032   Code   RO          337    .text               c_t.l(_printf_char.o)
    0x0c002e5e   0x00000002   PAD
    0x0c002e60   0x00000008   Ven    RO          339    .text               c_t.l(_printf_wchar.o)
    0x0c002e68   0x00000032   Code   RO          339    .text               c_t.l(_printf_wchar.o)
    0x0c002e9a   0x000000ac   Code   RO          342    .text               c_t.l(_strtoul.o)
    0x0c002f46   0x0000004a   Code   RO          344    .text               c_t.l(_wcrtomb.o)
    0x0c002f90   0x000000a0   Code   RO          348    .text               c_t.l(strcmp.o)
    0x0c003030   0x00000004   Ven    RO          350    .text               c_t.l(rtudiv10.o)
    0x0c003034   0x0000002c   Code   RO          350    .text               c_t.l(rtudiv10.o)
    0x0c003060   0x00000060   Code   RO          395    .text               c_t.l(sys_stackheap_outer.o)
    0x0c0030c0   0x00000090   Code   RO          397    .text               c_t.l(_printf_fp_infnan.o)
    0x0c003150   0x0000001e   Code   RO          399    .text               c_t.l(_chval.o)
    0x0c00316e   0x00000002   PAD
    0x0c003170   0x000000d8   Code   RO          401    .text               c_t.l(bigflt0.o)
    0x0c003248   0x0000000c   Code   RO          429    .text               c_t.l(exit.o)
    0x0c003254   0x00000008   Ven    RO          463    .text               c_t.l(sys_exit.o)
    0x0c00325c   0x0000000c   Code   RO          463    .text               c_t.l(sys_exit.o)
    0x0c003268   0x00000004   Code   RO          484    .text               c_t.l(use_no_semi.o)
    0x0c00326c   0x00000000   Code   RO          486    .text               c_t.l(indicate_semi.o)
    0x0c00326c   0x00000004   Ven    RO          404    CL$$btod_d2e        c_t.l(btod.o)
    0x0c003270   0x00000038   Code   RO          404    CL$$btod_d2e        c_t.l(btod.o)
    0x0c0032a8   0x00000054   Code   RO          406    CL$$btod_d2e_denorm_low  c_t.l(btod.o)
    0x0c0032fc   0x00000068   Code   RO          405    CL$$btod_d2e_norm_op1  c_t.l(btod.o)
    0x0c003364   0x0000034c   Code   RO          414    CL$$btod_div_common  c_t.l(btod.o)
    0x0c0036b0   0x000000dc   Code   RO          411    CL$$btod_e2e        c_t.l(btod.o)
    0x0c00378c   0x00000004   Ven    RO          408    CL$$btod_ediv       c_t.l(btod.o)
    0x0c003790   0x00000034   Code   RO          408    CL$$btod_ediv       c_t.l(btod.o)
    0x0c0037c4   0x00000004   Ven    RO          407    CL$$btod_emul       c_t.l(btod.o)
    0x0c0037c8   0x00000034   Code   RO          407    CL$$btod_emul       c_t.l(btod.o)
    0x0c0037fc   0x00000268   Code   RO          413    CL$$btod_mult_common  c_t.l(btod.o)
    0x0c003a64   0x0000000c   Ven    RO          556    Veneer$$Code        anon$$obj.o
    0x0c003a70   0x0000000c   Ven    RO          557    Veneer$$Code        anon$$obj.o
    0x0c003a7c   0x0000000c   Ven    RO          558    Veneer$$Code        anon$$obj.o
    0x0c003a88   0x0000000c   Ven    RO          559    Veneer$$Code        anon$$obj.o
    0x0c003a94   0x0000000c   Ven    RO          560    Veneer$$Code        anon$$obj.o
    0x0c003aa0   0x0000000c   Ven    RO          561    Veneer$$Code        anon$$obj.o
    0x0c003aac   0x00000002   Code   RO          199    i.__ARM_common_call_via_r1  c_t.l(__printf.o)
    0x0c003aae   0x00000002   Code   RO          219    i.__ARM_common_call_via_r2  c_t.l(_printf_wctomb.o)
    0x0c003ab0   0x00000002   Code   RO          346    i.__ARM_common_call_via_r3  c_t.l(_wcrtomb.o)
    0x0c003ab2   0x00000002   PAD
    0x0c003ab4   0x00000004   Ven    RO          447    i.__ARM_fpclassify  m_ts.l(fpclassify.o)
    0x0c003ab8   0x00000030   Code   RO          447    i.__ARM_fpclassify  m_ts.l(fpclassify.o)
    0x0c003ae8   0x0000000e   Code   RO          260    i._is_digit         c_t.l(__printf_wp.o)
    0x0c003af6   0x00000002   PAD
    0x0c003af8   0x00000004   Ven    RO          296    locale$$code        c_t.l(lc_ctype_c.o)
    0x0c003afc   0x00000050   Code   RO          296    locale$$code        c_t.l(lc_ctype_c.o)
    0x0c003b4c   0x00000004   Ven    RO          427    locale$$code        c_t.l(lc_numeric_c.o)
    0x0c003b50   0x00000050   Code   RO          427    locale$$code        c_t.l(lc_numeric_c.o)
    0x0c003ba0   0x00000154   Code   RO          162    x$fpl$dadd          fz_ts.l(daddsub_noclz.o)
    0x0c003cf4   0x000002e0   Code   RO          169    x$fpl$ddiv          fz_ts.l(ddiv.o)
    0x0c003fd4   0x00000070   Code   RO          172    x$fpl$dfix          fz_ts.l(dfix.o)
    0x0c004044   0x00000058   Code   RO          177    x$fpl$dflt          fz_ts.l(dflt_noclz.o)
    0x0c00409c   0x000000c0   Code   RO          298    x$fpl$dnaninf       fz_ts.l(dnaninf.o)
    0x0c00415c   0x00000010   Code   RO          300    x$fpl$dretinf       fz_ts.l(dretinf.o)
    0x0c00416c   0x00000244   Code   RO          164    x$fpl$dsub          fz_ts.l(daddsub_noclz.o)
    0x0c0043b0   0x00000004   Ven    RO          445    x$fpl$ieeestatus    fz_ts.l(istatus.o)
    0x0c0043b4   0x00000008   Code   RO          445    x$fpl$ieeestatus    fz_ts.l(istatus.o)
    0x0c0043bc   0x00000004   Code   RO          302    x$fpl$printf1       fz_ts.l(printf1.o)
    0x0c0043c0   0x00000000   Code   RO          304    x$fpl$usenofp       fz_ts.l(usenofp.o)
    0x0c0043c0   0x00000008   Data   RO          216    .constdata          c_t.l(_printf_wctomb.o)
    0x0c0043c8   0x00000028   Data   RO          248    .constdata          c_t.l(_printf_hex_int_ll_ptr.o)
    0x0c0043f0   0x00000011   Data   RO          268    .constdata          c_t.l(__printf_flags_ss_wp.o)
    0x0c004401   0x00000003   PAD
    0x0c004404   0x00000094   Data   RO          402    .constdata          c_t.l(bigflt0.o)
    0x0c004498   0x00000010   Data   RO          523    Region$$Table       anon$$obj.o
    0x0c0044a8   0x00000110   Data   RO          295    locale$$data        c_t.l(lc_ctype_c.o)
    0x0c0045b8   0x0000001c   Data   RO          426    locale$$data        c_t.l(lc_numeric_c.o)


    Execution Region RW_RAM1 (Base: 0x0c0045d4, Size: 0x00004094, Max: 0xffffffff, ABSOLUTE)

    Base Addr    Size         Type   Attr      Idx    E Section Name        Object

    0x0c0045d4   0x00000015   Data   RW           25    .data               8led.o
    0x0c0045e9   0x00000003   PAD
    0x0c0045ec   0x00000004   Data   RW           46    .data               iic.o
    0x0c0045f0   0x00000004   Data   RW           61    .data               keyboard.o
    0x0c0045f4   0x00000010   Data   RW           92    .data               44blib.o
    0x0c004604   0x00000060   Zero   RW          306    .bss                c_t.l(libspace.o)
    0x0c004664   0x00000004   PAD
    0x0c004668   0x00000000   Zero   RW          124    HEAP                s3c44b0x.o
    0x0c004668   0x00004000   Zero   RW          123    STACK               s3c44b0x.o


==============================================================================

Image component sizes


      Code (inc. data)   RO Data    RW Data    ZI Data      Debug   Object Name

      2280        128          0         16          0       5784   44blib.o
      1476          4          0         21          0       2274   8led.o
       648         12          0          4          0       1546   iic.o
       940         60          0          4          0       1653   keyboard.o
       104         72          0          0          0       2691   main.o
      1532        340          0          0      16384        816   s3c44b0x.o
       752        108          0          0          0       1677   uhal.o

    ----------------------------------------------------------------------
      7804        748         16         48      16384      16441   Object Totals
        72         24         16          0          0          0   (incl. Generated)
         0          0          0          3          0          0   (incl. Padding)

    ----------------------------------------------------------------------

      Code (inc. data)   RO Data    RW Data    ZI Data      Debug   Library Member Name

         8          0          0          0          0         68   __main.o
         2          0          0          0          0         60   __printf.o
       412          6         17          0          0         92   __printf_flags_ss_wp.o
        14          0          0          0          0         60   __printf_wp.o
        60          8          0          0          0          0   __scatter.o
        44          0          0          0          0          0   __scatter_zi.o
        30          0          0          0          0         60   _chval.o
         8          0          0          0          0          0   _printf_a.o
         8          0          0          0          0          0   _printf_c.o
        58          0          0          0          0        112   _printf_char.o
        48          4          0          0          0         96   _printf_char_common.o
        48          0          0          0          0         60   _printf_charcount.o
         8          0          0          0          0          0   _printf_d.o
       120         18          0          0          0         88   _printf_dec.o
         8          0          0          0          0          0   _printf_e.o
         8          0          0          0          0          0   _printf_f.o
      1056         14          0          0          0        188   _printf_fp_dec.o
       144         16          0          0          0         88   _printf_fp_infnan.o
         8          0          0          0          0          0   _printf_g.o
       168          4         40          0          0        176   _printf_hex_int_ll_ptr.o
         8          0          0          0          0          0   _printf_i.o
       186          0          0          0          0         96   _printf_intcommon.o
        12          0          0          0          0          0   _printf_l.o
         8          0          0          0          0          0   _printf_lc.o
        12          0          0          0          0          0   _printf_ll.o
         8          0          0          0          0          0   _printf_lld.o
         8          0          0          0          0          0   _printf_lli.o
         8          0          0          0          0          0   _printf_llo.o
         8          0          0          0          0          0   _printf_llu.o
         8          0          0          0          0          0   _printf_llx.o
       124         18          0          0          0         88   _printf_longlong_dec.o
         8          0          0          0          0          0   _printf_ls.o
         8          0          0          0          0          0   _printf_n.o
         8          0          0          0          0          0   _printf_o.o
       128         10          0          0          0        136   _printf_oct_int_ll.o
         8          0          0          0          0          0   _printf_p.o
        86          0          0          0          0        116   _printf_pad.o
         4          0          0          0          0          0   _printf_percent.o
         8          0          0          0          0          0   _printf_percent_end.o
         8          0          0          0          0          0   _printf_s.o
        88          0          0          0          0         84   _printf_str.o
        44          0          0          0          0         76   _printf_truncate.o
         8          0          0          0          0          0   _printf_u.o
        58          0          0          0          0        112   _printf_wchar.o
       194          4          8          0          0        156   _printf_wctomb.o
         8          0          0          0          0          0   _printf_x.o
        10          0          0          0          0         60   _sputc.o
       172          0          0          0          0         96   _strtoul.o
        76          0          0          0          0        148   _wcrtomb.o
       388          0          0          0          0         80   aeabi_sdiv.o
        38          0          0          0          0         84   atoi.o
       216          6        148          0          0         96   bigflt0.o
      2040        128          0          0          0        692   btod.o
        48          4          0          0          0         80   c89vsprintf.o
        12          0          0          0          0         64   exit.o
         6          0          0          0          0        136   heapauxi.o
         0          0          0          0          0          0   indicate_semi.o
        84          8        272          0          0         92   lc_ctype_c.o
        84          8         28          0          0         92   lc_numeric_c.o
        10          0          0          0          0          0   libinit.o
        40          0          0          0          0          0   libinit2.o
        12          0          0          0          0          0   libshutdown.o
         6          0          0          0          0          0   libshutdown2.o
        12          4          0          0         96         68   libspace.o
       164          0          0          0          0         96   lludiv10.o
        28          4          0          0          0         84   rt_ctype_table.o
        16          4          0          0          0         68   rt_errno_addr_intlibspace.o
        16          4          0          0          0         68   rt_locale_intlibspace.o
         0          0          0          0          0          0   rtentry.o
        44          4          0          0          0          0   rtentry2.o
         8          0          0          0          0          0   rtentry4.o
         8          0          0          0          0          0   rtexit.o
        12          0          0          0          0          0   rtexit2.o
        48          0          0          0          0         68   rtudiv10.o
       160          4          0          0          0         80   strcmp.o
        76          4          0          0          0         76   strlen.o
       116          4          0          0          0         92   strtol.o
        20          4          0          0          0         60   sys_exit.o
        96          0          0          0          0         80   sys_stackheap_outer.o
         4          0          0          0          0         68   use_no_semi.o
       920         16          0          0          0        292   daddsub_noclz.o
       736        140          0          0          0        228   ddiv.o
       112          4          0          0          0         92   dfix.o
        88          0          0          0          0         68   dflt_noclz.o
       192          0          0          0          0        108   dnaninf.o
        16          0          0          0          0         68   dretinf.o
        12          0          0          0          0         68   istatus.o
         4          0          0          0          0         68   printf1.o
         0          0          0          0          0          0   usenofp.o
        52          0          0          0          0         68   fpclassify.o

    ----------------------------------------------------------------------
      9540        452        516          0        100       5700   Library Totals
        22          0          3          0          4          0   (incl. Padding)

    ----------------------------------------------------------------------

      Code (inc. data)   RO Data    RW Data    ZI Data      Debug   Library Name

      7386        292        513          0         96       4640   c_t.l
      2080        160          0          0          0        992   fz_ts.l
        52          0          0          0          0         68   m_ts.l

    ----------------------------------------------------------------------
      9540        452        516          0        100       5700   Library Totals

    ----------------------------------------------------------------------

==============================================================================


      Code (inc. data)   RO Data    RW Data    ZI Data      Debug   

     17344       1200        532         48      16484      18653   Grand Totals
     17344       1200        532         48      16484      18653   ELF Image Totals
     17344       1200        532         48          0          0   ROM Totals

==============================================================================

    Total RO  Size (Code + RO Data)                17876 (  17.46kB)
    Total RW  Size (RW Data + ZI Data)             16532 (  16.14kB)
    Total ROM Size (Code + RO Data + RW Data)      17924 (  17.50kB)

==============================================================================

