<html>
<body>
<pre>
<h1>µVision Build Log</h1>
<h2>Project:</h2>
C:\Documents and Settings\Administrator\×ÀÃæ\MDK³ÌÐòÀý³Ì\EduKit44B0_for_MDK\5.1_color_lcd\color_test.uvproj
Project File Date:  <unknown>

<h2>Output:</h2>
Build target 'color_test'
compiling main.c...
compiling bmp.c...
compiling bmp_data.c...
compiling lcd.c...
compiling ascii6x8.c...
compiling ascii8x16.c...
compiling uhal.c...
compiling 44blib.c...
assembling S3C44B0X.s...
linking...
Program Size: Code=18144 RO-data=389656 RW-data=16 ZI-data=93280  
".\obj\obj.axf" - 0 Error(s), 0 Warning(s).
