<html>
<body>
<pre>
<h1>µVision Build Log</h1>
<h2>Project:</h2>
C:\Documents and Settings\Administrator\×ÀÃæ\ÉÕ¿¾\5.1_color_lcd\color_test.uvproj
Project File Date:  12/30/2019

<h2>Output:</h2>
Rebuild target 'color_test'
compiling main.c...
main.c(71): warning:  #223-D: function "keyboard_test" declared implicitly
                flag=keyboard_test();
main.c(52): warning:  #177-D: variable "i" was declared but never referenced
        int i,flag;
main.c: 2 warnings, 0 errors
compiling bmp.c...
compiling bmp_data.c...
compiling lcd.c...
compiling ascii6x8.c...
compiling ascii8x16.c...
compiling keyboard.c...
compiling iic.c...
compiling 8led.c...
compiling uhal.c...
compiling 44blib.c...
assembling S3C44B0X.s...
linking...
Program Size: Code=21608 RO-data=389656 RW-data=48 ZI-data=93280  
".\obj\obj.axf" - 0 Error(s), 2 Warning(s).
</pre>
</body>
</html>
